 PhysXCooking_64

 Timestamp is 66b3c627 (Wed Aug  7 15:08:23 2024)

 Preferred load address is 0000000180000000

 Start         Length     Name                   Class
 0001:00000000 00000120H .text$di                CODE
 0001:00000120 00005f00H .text$mn                CODE
 0001:00006020 00000040H .text$mn$00             CODE
 0001:00006060 00000110H .text$x                 CODE
 0002:00000000 00000220H .idata$5                DATA
 0002:00000220 00000038H .00cfg                  DATA
 0002:00000258 00000008H .CRT$XCA                DATA
 0002:00000260 00000030H .CRT$XCU                DATA
 0002:00000290 00000008H .CRT$XCZ                DATA
 0002:00000298 00000008H .CRT$XIA                DATA
 0002:000002a0 00000008H .CRT$XIZ                DATA
 0002:000002a8 00000008H .CRT$XPA                DATA
 0002:000002b0 00000008H .CRT$XPZ                DATA
 0002:000002b8 00000008H .CRT$XTA                DATA
 0002:000002c0 00000010H .CRT$XTZ                DATA
 0002:000002c8 00000000H .gehcont$y              DATA
 0002:000002c8 00000000H .gfids$y                DATA
 0002:000002d0 00000db0H .rdata                  DATA
 0002:00001080 00000080H .rdata$CastGuardVftablesA DATA
 0002:00001100 00000080H .rdata$CastGuardVftablesC DATA
 0002:00001180 00000074H .rdata$r                DATA
 0002:000011f4 000000d0H .rdata$voltmd           DATA
 0002:000012c4 00000424H .rdata$zzzdbg           DATA
 0002:000016e8 00000008H .rtc$IAA                DATA
 0002:000016f0 00000010H .rtc$IMZ                DATA
 0002:00001700 00000008H .rtc$IZZ                DATA
 0002:00001708 00000008H .rtc$TAA                DATA
 0002:00001710 00000010H .rtc$TMZ                DATA
 0002:00001720 00000008H .rtc$TZZ                DATA
 0002:00001728 00000804H .xdata                  DATA
 0002:00001f2c 00000040H .didat$2                DATA
 0002:00001f6c 00000024H .didat$3                DATA
 0002:00001f90 000000e0H .didat$4                DATA
 0002:00002070 000002a8H .didat$6                DATA
 0002:00002318 000001f8H .didat$7                DATA
 0002:00002510 00000b04H .edata                  DATA
 0002:00003014 0000003cH .idata$2                DATA
 0002:00003050 00000018H .idata$3                DATA
 0002:00003068 00000220H .idata$4                DATA
 0002:00003288 00000542H .idata$6                DATA
 0003:00000000 000000d8H .data                   DATA
 0003:000000d8 00000090H .data$r                 DATA
 0003:00000168 00000020H .data$rs                DATA
 0003:00000188 000000e8H .didat$5                DATA
 0003:00000270 000006d8H .bss                    DATA
 0004:00000000 00000960H .pdata                  DATA
 0005:00000000 000000a0H .rsrc$01                DATA
 0005:000000a0 000004b0H .rsrc$02                DATA

  Address         Publics by Value              Rva+Base               Lib:Object

 0000:00000000       __AbsoluteZero             0000000000000000     <absolute>
 0000:00000000       ___safe_se_handler_count   0000000000000000     <absolute>
 0000:00000000       ___safe_se_handler_table   0000000000000000     <absolute>
 0000:00000000       __arm64x_extra_rfe_table   0000000000000000     <absolute>
 0000:00000000       __arm64x_extra_rfe_table_size 0000000000000000     <absolute>
 0000:00000000       __arm64x_native_entrypoint 0000000000000000     <absolute>
 0000:00000000       __arm64x_redirection_metadata 0000000000000000     <absolute>
 0000:00000000       __arm64x_redirection_metadata_count 0000000000000000     <absolute>
 0000:00000000       __dynamic_value_reloc_table 0000000000000000     <absolute>
 0000:00000000       __enclave_config           0000000000000000     <absolute>
 0000:00000000       __guard_check_icall_a64n_fptr 0000000000000000     <absolute>
 0000:00000000       __guard_eh_cont_count      0000000000000000     <absolute>
 0000:00000000       __guard_eh_cont_table      0000000000000000     <absolute>
 0000:00000000       __guard_fids_count         0000000000000000     <absolute>
 0000:00000000       __guard_fids_table         0000000000000000     <absolute>
 0000:00000000       __guard_iat_count          0000000000000000     <absolute>
 0000:00000000       __guard_iat_table          0000000000000000     <absolute>
 0000:00000000       __guard_longjmp_count      0000000000000000     <absolute>
 0000:00000000       __guard_longjmp_table      0000000000000000     <absolute>
 0000:00000000       __hybrid_auxiliary_delayload_iat 0000000000000000     <absolute>
 0000:00000000       __hybrid_auxiliary_delayload_iat_copy 0000000000000000     <absolute>
 0000:00000000       __hybrid_auxiliary_iat     0000000000000000     <absolute>
 0000:00000000       __hybrid_auxiliary_iat_copy 0000000000000000     <absolute>
 0000:00000000       __hybrid_code_map          0000000000000000     <absolute>
 0000:00000000       __hybrid_code_map_count    0000000000000000     <absolute>
 0000:00000000       __hybrid_image_info_bitfield 0000000000000000     <absolute>
 0000:00000000       __x64_code_ranges_to_entry_points 0000000000000000     <absolute>
 0000:00000000       __x64_code_ranges_to_entry_points_count 0000000000000000     <absolute>
 0000:00000100       __guard_flags              0000000000000100     <absolute>
 0000:00000000       __ImageBase                0000000180000000     <linker-defined>
 0001:00000120       PxGetStandaloneInsertionCallback 0000000180001120 f   Cooking.obj
 0001:00000140       PxCookBVH                  0000000180001140 f   Cooking.obj
 0001:00000170       PxCreateBVH                0000000180001170 f   Cooking.obj
 0001:000001a0       PxCookHeightField          00000001800011a0 f   Cooking.obj
 0001:000001d0       PxCreateHeightField        00000001800011d0 f   Cooking.obj
 0001:00000200       PxCookConvexMesh           0000000180001200 f   Cooking.obj
 0001:00000240       PxCreateConvexMesh         0000000180001240 f   Cooking.obj
 0001:00000280       PxValidateConvexMesh       0000000180001280 f   Cooking.obj
 0001:000002b0       PxComputeHullPolygons      00000001800012b0 f   Cooking.obj
 0001:00000330       PxValidateTriangleMesh     0000000180001330 f   Cooking.obj
 0001:00000360       PxCookTriangleMesh         0000000180001360 f   Cooking.obj
 0001:000003a0       PxCreateTriangleMesh       00000001800013a0 f   Cooking.obj
 0001:000003e0       PxCookTetrahedronMesh      00000001800013e0 f   Cooking.obj
 0001:00000420       PxCreateTetrahedronMesh    0000000180001420 f   Cooking.obj
 0001:00000460       PxCookSoftBodyMesh         0000000180001460 f   Cooking.obj
 0001:000004b0       PxCreateSoftBodyMesh       00000001800014b0 f   Cooking.obj
 0001:00000500       PxComputeModelsMapping     0000000180001500 f   Cooking.obj
 0001:00000550       PxComputeCollisionData     0000000180001550 f   Cooking.obj
 0001:00000580       PxComputeSimulationData    0000000180001580 f   Cooking.obj
 0001:000005b0       PxAssembleSoftBodyMesh     00000001800015b0 f   Cooking.obj
 0001:00000600       PxAssembleSoftBodyMesh_Sim 0000000180001600 f   Cooking.obj
 0001:00000640       PxCreateTriangleMeshInternal 0000000180001640 f   Cooking.obj
 0001:000006e0       PxCreateBVHInternal        00000001800016e0 f   Cooking.obj
 0001:00000780       ??$?4V?$PxReflectionAllocator@USlab@NodeAllocator@Gu@physx@@@physx@@@?$PxArray@USlab@NodeAllocator@Gu@physx@@V?$PxReflectionAllocator@USlab@NodeAllocator@Gu@physx@@@4@@physx@@QEAAAEAV01@AEBV01@@Z 0000000180001780 f i Cooking.obj
 0001:00000810       ??$PX_UNUSED@PEAI@@YAXAEBQEAI@Z 0000000180001810 f i Cooking.obj
 0001:00000820       ??$copy@V?$PxReflectionAllocator@USlab@NodeAllocator@Gu@physx@@@physx@@@?$PxArray@USlab@NodeAllocator@Gu@physx@@V?$PxReflectionAllocator@USlab@NodeAllocator@Gu@physx@@@4@@physx@@IEAAXAEBV01@@Z 0000000180001820 f i Cooking.obj
 0001:000008e0       ??0?$PxArray@USlab@NodeAllocator@Gu@physx@@V?$PxReflectionAllocator@USlab@NodeAllocator@Gu@physx@@@4@@physx@@QEAA@AEBV01@AEBV?$PxReflectionAllocator@USlab@NodeAllocator@Gu@physx@@@1@@Z 00000001800018e0 f i Cooking.obj
 0001:00000920       ??0?$PxReflectionAllocator@USlab@NodeAllocator@Gu@physx@@@physx@@QEAA@AEBV01@@Z 0000000180001920 f i Cooking.obj
 0001:00000930       ??0?$PxReflectionAllocator@USlab@NodeAllocator@Gu@physx@@@physx@@QEAA@PEBD@Z 0000000180001930 f i Cooking.obj
 0001:00000940       ??0?$PxReflectionAllocator@VBV4TriangleMesh@Gu@physx@@@physx@@QEAA@PEBD@Z 0000000180001940 f i Cooking.obj
 0001:00000950       ??0?$PxReflectionAllocator@VBVH@Gu@physx@@@physx@@QEAA@PEBD@Z 0000000180001950 f i Cooking.obj
 0001:00000960       ??0?$PxVec3T@M@physx@@QEAA@XZ 0000000180001960 f i Cooking.obj
 0001:00000970       ??0AABBTreeBounds@Gu@physx@@QEAA@XZ 0000000180001970 f i Cooking.obj
 0001:000009a0       ??0AABBTreeBuildNode@Gu@physx@@QEAA@AEBV012@@Z 00000001800019a0 f i Cooking.obj
 0001:00000a00       ??0AABBTreeBuildNode@Gu@physx@@QEAA@XZ 0000000180001a00 f i Cooking.obj
 0001:00000a30       ??0AABBTreeBuildParams@Gu@physx@@QEAA@IIPEBVAABBTreeBounds@12@W4BVHBuildStrategy@12@@Z 0000000180001a30 f i Cooking.obj
 0001:00000a90       ??0NodeAllocator@Gu@physx@@QEAA@AEBV012@@Z 0000000180001a90 f i Cooking.obj
 0001:00000b10       ??0PxAllocator@physx@@QEAA@PEBD@Z 0000000180001b10 f i Cooking.obj
 0001:00000b20       ??0PxBounds3@physx@@QEAA@AEBV01@@Z 0000000180001b20 f i Cooking.obj
 0001:00000b90       ??0PxBounds3@physx@@QEAA@XZ 0000000180001b90 f i Cooking.obj
 0001:00000bd0       ??0PxFoundation@physx@@QEAA@AEBV01@@Z 0000000180001bd0 f i Cooking.obj
 0001:00000bf0       ??0PxFoundation@physx@@QEAA@XZ 0000000180001bf0 f i Cooking.obj
 0001:00000c10       ??1AABBTreeBounds@Gu@physx@@QEAA@XZ 0000000180001c10 f i Cooking.obj
 0001:00000c30       ??1AABBTreeBuildNode@Gu@physx@@QEAA@XZ 0000000180001c30 f i Cooking.obj
 0001:00000c40       ??1AABBTreeBuildParams@Gu@physx@@QEAA@XZ 0000000180001c40 f i Cooking.obj
 0001:00000c60       ??1PxFoundation@physx@@MEAA@XZ 0000000180001c60 f i Cooking.obj
 0001:00000c80       ??2@YAPEAX_KPEAX@Z         0000000180001c80 f i Cooking.obj
 0001:00000c90       ??2PxUserAllocated@physx@@SAPEAX_KPEAX@Z 0000000180001c90 f i Cooking.obj
 0001:00000ca0       ??4?$PxArray@USlab@NodeAllocator@Gu@physx@@V?$PxReflectionAllocator@USlab@NodeAllocator@Gu@physx@@@4@@physx@@QEAAAEAV01@AEBV01@@Z 0000000180001ca0 f i Cooking.obj
 0001:00000cd0       ??4?$PxVec3T@M@physx@@QEAAAEAV01@AEBV01@@Z 0000000180001cd0 f i Cooking.obj
 0001:00000d20       ??4AABBTreeBounds@Gu@physx@@QEAAAEAV012@AEBV012@@Z 0000000180001d20 f i Cooking.obj
 0001:00000d50       ??4AABBTreeBuildNode@Gu@physx@@QEAAAEAV012@AEBV012@@Z 0000000180001d50 f i Cooking.obj
 0001:00000db0       ??4AABBTreeBuildParams@Gu@physx@@QEAAAEAV012@AEBV012@@Z 0000000180001db0 f i Cooking.obj
 0001:00000de0       ??4NodeAllocator@Gu@physx@@QEAAAEAV012@AEBV012@@Z 0000000180001de0 f i Cooking.obj
 0001:00000e50       ??4PxBounds3@physx@@QEAAXAEBV01@@Z 0000000180001e50 f i Cooking.obj
 0001:00000e90       ??4PxFoundation@physx@@QEAAAEAV01@AEBV01@@Z 0000000180001e90 f i Cooking.obj
 0001:00000ea0       ??_EPxFoundation@physx@@MEAAPEAXI@Z 0000000180001ea0 f i Cooking.obj
 0001:00000f40       ??_FAABBTreeBuildParams@Gu@physx@@QEAAXXZ 0000000180001f40 f i Cooking.obj
 0001:00000f70       ??_GPxFoundation@physx@@MEAAPEAXI@Z 0000000180001f70 f i Cooking.obj
 0001:00000fb0       ??_H@YAXPEAX_K1P6APEAX0@Z@Z 0000000180001fb0 f i Cooking.obj
 0001:00001030       ??_I@YAXPEAX_K1P6AX0@Z@Z   0000000180002030 f i Cooking.obj
 0001:000010d0       ?FLoad@aos@physx@@YA?AT__m128@@M@Z 00000001800020d0 f i Cooking.obj
 0001:00001100       ?PxMarkSerializedMemory@physx@@YAXPEAXI@Z 0000000180002100 f i Cooking.obj
 0001:00001130       ?PxMemSet@physx@@YAPEAXPEAXHI@Z 0000000180002130 f i Cooking.obj
 0001:00001160       ?V3Load@aos@physx@@YA?AT__m128@@M@Z 0000000180002160 f i Cooking.obj
 0001:000011a0       ?V4Load@aos@physx@@YA?AT__m128@@M@Z 00000001800021a0 f i Cooking.obj
 0001:000011d0       ?__empty_global_delete@@YAXPEAX@Z 00000001800021d0 f i Cooking.obj
 0001:000011e0       ?__empty_global_delete@@YAXPEAX_K@Z 00000001800021e0 f i Cooking.obj
 0001:000011f0       ?__global_array_delete@@YAXPEAX@Z 00000001800021f0 f i Cooking.obj
 0001:00001210       ?__global_array_delete@@YAXPEAX_K@Z 0000000180002210 f i Cooking.obj
 0001:00001240       ?__global_delete@@YAXPEAX@Z 0000000180002240 f i Cooking.obj
 0001:00001260       ?__global_delete@@YAXPEAX_K@Z 0000000180002260 f i Cooking.obj
 0001:00001290       ?allocate@?$PxArray@USlab@NodeAllocator@Gu@physx@@V?$PxReflectionAllocator@USlab@NodeAllocator@Gu@physx@@@4@@physx@@IEAAPEAUSlab@NodeAllocator@Gu@2@IPEAI@Z 0000000180002290 f i Cooking.obj
 0001:00001300       ?allocate@?$PxReflectionAllocator@USlab@NodeAllocator@Gu@physx@@@physx@@SAPEAX_KPEBDHPEAI@Z 0000000180002300 f i Cooking.obj
 0001:00001380       ?allocate@?$PxReflectionAllocator@VBV4TriangleMesh@Gu@physx@@@physx@@SAPEAX_KPEBDHPEAI@Z 0000000180002380 f i Cooking.obj
 0001:00001400       ?allocate@?$PxReflectionAllocator@VBVH@Gu@physx@@@physx@@SAPEAX_KPEBDHPEAI@Z 0000000180002400 f i Cooking.obj
 0001:00001480       ?begin@?$PxArray@USlab@NodeAllocator@Gu@physx@@V?$PxReflectionAllocator@USlab@NodeAllocator@Gu@physx@@@4@@physx@@QEBAPEBUSlab@NodeAllocator@Gu@2@XZ 0000000180002480 f i Cooking.obj
 0001:00001490       ?capacity@?$PxArray@USlab@NodeAllocator@Gu@physx@@V?$PxReflectionAllocator@USlab@NodeAllocator@Gu@physx@@@4@@physx@@QEBAIXZ 0000000180002490 f i Cooking.obj
 0001:000014b0       ?clear@?$PxArray@USlab@NodeAllocator@Gu@physx@@V?$PxReflectionAllocator@USlab@NodeAllocator@Gu@physx@@@4@@physx@@QEAAXXZ 00000001800024b0 f i Cooking.obj
 0001:000014f0       ?copy@?$PxArray@USlab@NodeAllocator@Gu@physx@@V?$PxReflectionAllocator@USlab@NodeAllocator@Gu@physx@@@4@@physx@@KAXPEAUSlab@NodeAllocator@Gu@2@0PEBU3452@@Z 00000001800024f0 f i Cooking.obj
 0001:00001570       ?deallocate@?$PxArray@USlab@NodeAllocator@Gu@physx@@V?$PxReflectionAllocator@USlab@NodeAllocator@Gu@physx@@@4@@physx@@IEAAXPEAXPEAI@Z 0000000180002570 f i Cooking.obj
 0001:000015a0       ?deallocate@?$PxReflectionAllocator@USlab@NodeAllocator@Gu@physx@@@physx@@SAXPEAXPEAI@Z 00000001800025a0 f i Cooking.obj
 0001:000015f0       ?deallocate@PxAllocator@physx@@SAXPEAXPEAI@Z 00000001800025f0 f i Cooking.obj
 0001:00001640       ?destroy@?$PxArray@USlab@NodeAllocator@Gu@physx@@V?$PxReflectionAllocator@USlab@NodeAllocator@Gu@physx@@@4@@physx@@KAXPEAUSlab@NodeAllocator@Gu@2@0@Z 0000000180002640 f i Cooking.obj
 0001:00001670       ?empty@?$PxArray@USlab@NodeAllocator@Gu@physx@@V?$PxReflectionAllocator@USlab@NodeAllocator@Gu@physx@@@4@@physx@@QEBA_NXZ 0000000180002670 f i Cooking.obj
 0001:000016a0       ?getAABB@AABBTreeBuildNode@Gu@physx@@QEBAAEBVPxBounds3@3@XZ 00000001800026a0 f i Cooking.obj
 0001:000016b0       ?getBounds@AABBTreeBounds@Gu@physx@@QEAAPEAVPxBounds3@3@XZ 00000001800026b0 f i Cooking.obj
 0001:000016c0       ?getBounds@AABBTreeBounds@Gu@physx@@QEBAPEBVPxBounds3@3@XZ 00000001800026c0 f i Cooking.obj
 0001:000016d0       ?getName@?$PxReflectionAllocator@USlab@NodeAllocator@Gu@physx@@@physx@@CAPEBD_N@Z 00000001800026d0 f i Cooking.obj
 0001:00001700       ?getName@?$PxReflectionAllocator@VBV4TriangleMesh@Gu@physx@@@physx@@CAPEBD_N@Z 0000000180002700 f i Cooking.obj
 0001:00001730       ?getName@?$PxReflectionAllocator@VBVH@Gu@physx@@@physx@@CAPEBD_N@Z 0000000180002730 f i Cooking.obj
 0001:00001760       ?getNbPrimitives@AABBTreeBuildNode@Gu@physx@@QEBAIXZ 0000000180002760 f i Cooking.obj
 0001:00001770       ?getNbRuntimePrimitives@AABBTreeBuildNode@Gu@physx@@QEBAIXZ 0000000180002770 f i Cooking.obj
 0001:00001780       ?getNeg@AABBTreeBuildNode@Gu@physx@@QEBAPEBV123@XZ 0000000180002780 f i Cooking.obj
 0001:000017c0       ?getPos@AABBTreeBuildNode@Gu@physx@@QEBAPEBV123@XZ 00000001800027c0 f i Cooking.obj
 0001:000017d0       ?getPrimitives@AABBTreeBuildNode@Gu@physx@@QEAAPEAIPEAI@Z 00000001800027d0 f i Cooking.obj
 0001:000017f0       ?getPrimitives@AABBTreeBuildNode@Gu@physx@@QEBAPEBIPEBI@Z 00000001800027f0 f i Cooking.obj
 0001:00001810       ?grow@?$PxArray@USlab@NodeAllocator@Gu@physx@@V?$PxReflectionAllocator@USlab@NodeAllocator@Gu@physx@@@4@@physx@@IEAAXI@Z 0000000180002810 f i Cooking.obj
 0001:00001870       ?isInUserMemory@?$PxArray@USlab@NodeAllocator@Gu@physx@@V?$PxReflectionAllocator@USlab@NodeAllocator@Gu@physx@@@4@@physx@@QEBAIXZ 0000000180002870 f i Cooking.obj
 0001:00001890       ?isLeaf@AABBTreeBuildNode@Gu@physx@@QEBA_NXZ 0000000180002890 f i Cooking.obj
 0001:000018d0       ?memSet@intrinsics@physx@@YAPEAXPEAXHI@Z 00000001800028d0 f i Cooking.obj
 0001:00001900       ?moveFrom@AABBTreeBounds@Gu@physx@@QEAAXAEAV123@@Z 0000000180002900 f i Cooking.obj
 0001:00001930       ?name@type_info@@QEBAPEBDXZ 0000000180002930 f i Cooking.obj
 0001:00001960       ?ownsMemory@AABBTreeBounds@Gu@physx@@QEBA_NXZ 0000000180002960 f i Cooking.obj
 0001:00001990       ?recreate@?$PxArray@USlab@NodeAllocator@Gu@physx@@V?$PxReflectionAllocator@USlab@NodeAllocator@Gu@physx@@@4@@physx@@IEAAXI@Z 0000000180002990 f i Cooking.obj
 0001:00001aa0       ?reserve@?$PxArray@USlab@NodeAllocator@Gu@physx@@V?$PxReflectionAllocator@USlab@NodeAllocator@Gu@physx@@@4@@physx@@QEAAXI@Z 0000000180002aa0 f i Cooking.obj
 0001:00001ae0       ?reset@AABBTreeBuildParams@Gu@physx@@QEAAXXZ 0000000180002ae0 f i Cooking.obj
 0001:00001b50       ?setBounds@AABBTreeBounds@Gu@physx@@QEAAXPEAVPxBounds3@3@@Z 0000000180002b50 f i Cooking.obj
 0001:00001b80       ?setNbRunTimePrimitives@AABBTreeBuildNode@Gu@physx@@QEAAXI@Z 0000000180002b80 f i Cooking.obj
 0001:00001ba0       ?size@?$PxArray@USlab@NodeAllocator@Gu@physx@@V?$PxReflectionAllocator@USlab@NodeAllocator@Gu@physx@@@4@@physx@@QEBAIXZ 0000000180002ba0 f i Cooking.obj
 0001:00001bb0       ?takeOwnership@AABBTreeBounds@Gu@physx@@QEAAXXZ 0000000180002bb0 f i Cooking.obj
 0001:00001bd0       PxSetPhysXCookingDelayLoadHook 0000000180002bd0 f   WindowsCookingDelayLoadHook.obj
 0001:00001bf0       ?cookingDelayHook@@YAP6A_JXZIPEAUDelayLoadInfo@@@Z 0000000180002bf0 f   WindowsCookingDelayLoadHook.obj
 0001:00001c70       ?loadLibrary@Cm@physx@@YAPEAUHINSTANCE__@@PEBD@Z 0000000180002c70 f i WindowsCookingDelayLoadHook.obj
 0001:00001c90       ?physXCommonDliNotePreLoadLibrary@Cm@physx@@YAP6A_JXZPEBDPEBVPxDelayLoadHook@2@@Z 0000000180002c90 f i WindowsCookingDelayLoadHook.obj
 0001:00001d1b       getInsertionCallback       0000000180002d1b f   PhysXCommon_64:PhysXCommon_64.dll
 0001:00001d21       __tailMerge_physxcommon_64_dll 0000000180002d21     PhysXCommon_64:PhysXCommon_64.dll
 0001:00001d9a       __imp_load_getInsertionCallback 0000000180002d9a f   PhysXCommon_64:PhysXCommon_64.dll
 0001:00001da6       cookBVH                    0000000180002da6 f   PhysXCommon_64:PhysXCommon_64.dll
 0001:00001dac       __imp_load_cookBVH         0000000180002dac f   PhysXCommon_64:PhysXCommon_64.dll
 0001:00001db8       createBVH                  0000000180002db8 f   PhysXCommon_64:PhysXCommon_64.dll
 0001:00001dbe       __imp_load_createBVH       0000000180002dbe f   PhysXCommon_64:PhysXCommon_64.dll
 0001:00001dca       cookHeightField            0000000180002dca f   PhysXCommon_64:PhysXCommon_64.dll
 0001:00001dd0       __imp_load_cookHeightField 0000000180002dd0 f   PhysXCommon_64:PhysXCommon_64.dll
 0001:00001ddc       createHeightField          0000000180002ddc f   PhysXCommon_64:PhysXCommon_64.dll
 0001:00001de2       __imp_load_createHeightField 0000000180002de2 f   PhysXCommon_64:PhysXCommon_64.dll
 0001:00001dee       cookConvexMesh             0000000180002dee f   PhysXCommon_64:PhysXCommon_64.dll
 0001:00001df4       __imp_load_cookConvexMesh  0000000180002df4 f   PhysXCommon_64:PhysXCommon_64.dll
 0001:00001e00       createConvexMesh           0000000180002e00 f   PhysXCommon_64:PhysXCommon_64.dll
 0001:00001e06       __imp_load_createConvexMesh 0000000180002e06 f   PhysXCommon_64:PhysXCommon_64.dll
 0001:00001e12       validateConvexMesh         0000000180002e12 f   PhysXCommon_64:PhysXCommon_64.dll
 0001:00001e18       __imp_load_validateConvexMesh 0000000180002e18 f   PhysXCommon_64:PhysXCommon_64.dll
 0001:00001e24       computeHullPolygons        0000000180002e24 f   PhysXCommon_64:PhysXCommon_64.dll
 0001:00001e2a       __imp_load_computeHullPolygons 0000000180002e2a f   PhysXCommon_64:PhysXCommon_64.dll
 0001:00001e36       validateTriangleMesh       0000000180002e36 f   PhysXCommon_64:PhysXCommon_64.dll
 0001:00001e3c       __imp_load_validateTriangleMesh 0000000180002e3c f   PhysXCommon_64:PhysXCommon_64.dll
 0001:00001e48       createTriangleMesh         0000000180002e48 f   PhysXCommon_64:PhysXCommon_64.dll
 0001:00001e4e       __imp_load_createTriangleMesh 0000000180002e4e f   PhysXCommon_64:PhysXCommon_64.dll
 0001:00001e5a       cookTriangleMesh           0000000180002e5a f   PhysXCommon_64:PhysXCommon_64.dll
 0001:00001e60       __imp_load_cookTriangleMesh 0000000180002e60 f   PhysXCommon_64:PhysXCommon_64.dll
 0001:00001e6c       cookTetrahedronMesh        0000000180002e6c f   PhysXCommon_64:PhysXCommon_64.dll
 0001:00001e72       __imp_load_cookTetrahedronMesh 0000000180002e72 f   PhysXCommon_64:PhysXCommon_64.dll
 0001:00001e7e       createTetrahedronMesh      0000000180002e7e f   PhysXCommon_64:PhysXCommon_64.dll
 0001:00001e84       __imp_load_createTetrahedronMesh 0000000180002e84 f   PhysXCommon_64:PhysXCommon_64.dll
 0001:00001e90       cookSoftBodyMesh           0000000180002e90 f   PhysXCommon_64:PhysXCommon_64.dll
 0001:00001e96       __imp_load_cookSoftBodyMesh 0000000180002e96 f   PhysXCommon_64:PhysXCommon_64.dll
 0001:00001ea2       createSoftBodyMesh         0000000180002ea2 f   PhysXCommon_64:PhysXCommon_64.dll
 0001:00001ea8       __imp_load_createSoftBodyMesh 0000000180002ea8 f   PhysXCommon_64:PhysXCommon_64.dll
 0001:00001eb4       computeModelsMapping       0000000180002eb4 f   PhysXCommon_64:PhysXCommon_64.dll
 0001:00001eba       __imp_load_computeModelsMapping 0000000180002eba f   PhysXCommon_64:PhysXCommon_64.dll
 0001:00001ec6       computeCollisionData       0000000180002ec6 f   PhysXCommon_64:PhysXCommon_64.dll
 0001:00001ecc       __imp_load_computeCollisionData 0000000180002ecc f   PhysXCommon_64:PhysXCommon_64.dll
 0001:00001ed8       computeSimulationData      0000000180002ed8 f   PhysXCommon_64:PhysXCommon_64.dll
 0001:00001ede       __imp_load_computeSimulationData 0000000180002ede f   PhysXCommon_64:PhysXCommon_64.dll
 0001:00001eea       assembleSoftBodyMesh       0000000180002eea f   PhysXCommon_64:PhysXCommon_64.dll
 0001:00001ef0       __imp_load_assembleSoftBodyMesh 0000000180002ef0 f   PhysXCommon_64:PhysXCommon_64.dll
 0001:00001efc       assembleSoftBodyMesh_Sim   0000000180002efc f   PhysXCommon_64:PhysXCommon_64.dll
 0001:00001f02       __imp_load_assembleSoftBodyMesh_Sim 0000000180002f02 f   PhysXCommon_64:PhysXCommon_64.dll
 0001:00001f0e       ?release@AABBTreeBounds@Gu@physx@@QEAAXXZ 0000000180002f0e f   PhysXCommon_64:PhysXCommon_64.dll
 0001:00001f14       __imp_load_?release@AABBTreeBounds@Gu@physx@@QEAAXXZ 0000000180002f14 f   PhysXCommon_64:PhysXCommon_64.dll
 0001:00001f20       ??0BVH@Gu@physx@@QEAA@AEBUPxBVHInternalData@2@@Z 0000000180002f20 f   PhysXCommon_64:PhysXCommon_64.dll
 0001:00001f26       __imp_load_??0BVH@Gu@physx@@QEAA@AEBUPxBVHInternalData@2@@Z 0000000180002f26 f   PhysXCommon_64:PhysXCommon_64.dll
 0001:00001f32       ??0BV4TriangleMesh@Gu@physx@@QEAA@AEBUPxTriangleMeshInternalData@2@@Z 0000000180002f32 f   PhysXCommon_64:PhysXCommon_64.dll
 0001:00001f38       __imp_load_??0BV4TriangleMesh@Gu@physx@@QEAA@AEBUPxTriangleMeshInternalData@2@@Z 0000000180002f38 f   PhysXCommon_64:PhysXCommon_64.dll
 0001:00001f44       ?PxAssert@physx@@YAXPEBD0HAEA_N@Z 0000000180002f44 f   PhysXFoundation_64:PhysXFoundation_64.dll
 0001:00001f4a       __tailMerge_physxfoundation_64_dll 0000000180002f4a     PhysXFoundation_64:PhysXFoundation_64.dll
 0001:00001fc3       __imp_load_?PxAssert@physx@@YAXPEBD0HAEA_N@Z 0000000180002fc3 f   PhysXFoundation_64:PhysXFoundation_64.dll
 0001:00001fcf       PxGetBroadcastAllocator    0000000180002fcf f   PhysXFoundation_64:PhysXFoundation_64.dll
 0001:00001fd5       __imp_load_PxGetBroadcastAllocator 0000000180002fd5 f   PhysXFoundation_64:PhysXFoundation_64.dll
 0001:00001fe1       LoadLibraryA               0000000180002fe1 f   kernel32:KERNEL32.dll
 0001:00001fe8       ??$PFromRva@PEAP6A_JXZ@@YAPEAP6A_JXZK@Z 0000000180002fe8 f i Delayimp:delayhlp.obj
 0001:00001ff8       ??$PFromRva@PEAPEAUHINSTANCE__@@@@YAPEAPEAUHINSTANCE__@@K@Z 0000000180002ff8 f i Delayimp:delayhlp.obj
 0001:00002008       ??$PFromRva@PEAU_IMAGE_IMPORT_BY_NAME@@@@YAPEAU_IMAGE_IMPORT_BY_NAME@@K@Z 0000000180003008 f i Delayimp:delayhlp.obj
 0001:00002018       ??$PFromRva@PEAU_IMAGE_THUNK_DATA64@@@@YAPEAU_IMAGE_THUNK_DATA64@@K@Z 0000000180003018 f i Delayimp:delayhlp.obj
 0001:00002028       ??$PFromRva@PEBD@@YAPEBDK@Z 0000000180003028 f i Delayimp:delayhlp.obj
 0001:00002038       ??$PFromRva@PEBUImgDelayDescr@@@@YAPEBUImgDelayDescr@@K@Z 0000000180003038 f i Delayimp:delayhlp.obj
 0001:00002048       ??$PFromRva@PEBU_IMAGE_THUNK_DATA64@@@@YAPEBU_IMAGE_THUNK_DATA64@@K@Z 0000000180003048 f i Delayimp:delayhlp.obj
 0001:00002058       ?CountOfImports@@YAIPEBU_IMAGE_THUNK_DATA64@@@Z 0000000180003058 f i Delayimp:delayhlp.obj
 0001:0000206c       ?DloadAcquireSectionWriteAccess@@YAXXZ 000000018000306c f i Delayimp:delayhlp.obj
 0001:00002118       ?DloadGetSRWLockFunctionPointers@@YAEXZ 0000000180003118 f i Delayimp:delayhlp.obj
 0001:000021b8       ?DloadLock@@YAXXZ          00000001800031b8 f i Delayimp:delayhlp.obj
 0001:00002200       ?DloadMakePermanentImageCommit@@YAXPEAX_K@Z 0000000180003200 f i Delayimp:delayhlp.obj
 0001:00002298       ?DloadObtainSection@@YAPEAXPEAK0@Z 0000000180003298 f i Delayimp:delayhlp.obj
 0001:00002334       ?DloadProtectSection@@YAXKPEAK@Z 0000000180003334 f i Delayimp:delayhlp.obj
 0001:000023c4       ?DloadReleaseSectionWriteAccess@@YAXXZ 00000001800033c4 f i Delayimp:delayhlp.obj
 0001:00002458       ?DloadUnlock@@YAXXZ        0000000180003458 f i Delayimp:delayhlp.obj
 0001:00002498       ?IndexFromPImgThunkData@@YAIPEBU_IMAGE_THUNK_DATA64@@0@Z 0000000180003498 f i Delayimp:delayhlp.obj
 0001:000025dc       HRESULT_FROM_WIN32         00000001800035dc f i Delayimp:delayhlp.obj
 0001:000025ec       ReadAcquire64              00000001800035ec f i Delayimp:delayhlp.obj
 0001:000025f0       ReadPointerAcquire         00000001800035f0 f i Delayimp:delayhlp.obj
 0001:000025f4       WritePointerRelease        00000001800035f4 f i Delayimp:delayhlp.obj
 0001:000025f8       WriteRelease64             00000001800035f8 f i Delayimp:delayhlp.obj
 0001:000025fc       __FUnloadDelayLoadedDLL2   00000001800035fc f   Delayimp:delayhlp.obj
 0001:000026b8       __HrLoadAllImportsForDll   00000001800036b8 f   Delayimp:delayhlp.obj
 0001:0000272c       __delayLoadHelper2         000000018000372c f   Delayimp:delayhlp.obj
 0001:00002a10       ??3@YAXPEAX@Z              0000000180003a10 f   MSVCRTD:delete_scalar.obj
 0001:00002a30       ??3@YAXPEAX_K@Z            0000000180003a30 f   MSVCRTD:delete_scalar_size.obj
 0001:00002a50       ??_V@YAXPEAX@Z             0000000180003a50 f   MSVCRTD:delete_array.obj
 0001:00002a70       ??_V@YAXPEAX_K@Z           0000000180003a70 f   MSVCRTD:delete_array_size.obj
 0001:00002a90       _CRT_RTC_INIT              0000000180003a90 f   MSVCRTD:init.obj
 0001:00002aa0       _CRT_RTC_INITW             0000000180003aa0 f   MSVCRTD:init.obj
 0001:00002ab0       _RTC_InitBase              0000000180003ab0 f   MSVCRTD:init.obj
 0001:00002af0       _RTC_Shutdown              0000000180003af0 f   MSVCRTD:init.obj
 0001:00002b20       ??1type_info@@UEAA@XZ      0000000180003b20 f   MSVCRTD:std_type_info_static.obj
 0001:00002b40       ??_Etype_info@@UEAAPEAXI@Z 0000000180003b40 f i MSVCRTD:std_type_info_static.obj
 0001:00002b40       ??_Gtype_info@@UEAAPEAXI@Z 0000000180003b40 f i MSVCRTD:std_type_info_static.obj
 0001:00002b80       ?__scrt_initialize_type_info@@YAXXZ 0000000180003b80 f   MSVCRTD:tncleanup.obj
 0001:00002ba0       ?__scrt_uninitialize_type_info@@YAXXZ 0000000180003ba0 f   MSVCRTD:tncleanup.obj
 0001:00002fd0       _CRT_INIT                  0000000180003fd0 f   MSVCRTD:dll_dllmain.obj
 0001:00003000       _DllMainCRTStartup         0000000180004000 f   MSVCRTD:dll_dllmain.obj
 0001:00003040       _guard_check_icall_nop     0000000180004040 f i MSVCRTD:guard_support.obj
 0001:00003050       ReadNoFence64              0000000180004050 f i MSVCRTD:guard_support.obj
 0001:00003070       ReadPointerNoFence         0000000180004070 f i MSVCRTD:guard_support.obj
 0001:00003090       __castguard_check_failure_debugbreak 0000000180004090 f i MSVCRTD:guard_support.obj
 0001:000030b0       __castguard_check_failure_fastfail 00000001800040b0 f i MSVCRTD:guard_support.obj
 0001:000030e0       __castguard_check_failure_nop 00000001800040e0 f i MSVCRTD:guard_support.obj
 0001:000030f0       __castguard_check_failure_os_handled 00000001800040f0 f i MSVCRTD:guard_support.obj
 0001:00003160       __castguard_check_failure_user_handled 0000000180004160 f i MSVCRTD:guard_support.obj
 0001:00003250       __castguard_set_user_handler 0000000180004250 f i MSVCRTD:guard_support.obj
 0001:00003280       __castguard_slow_path_check_debugbreak 0000000180004280 f i MSVCRTD:guard_support.obj
 0001:000032c0       __castguard_slow_path_check_fastfail 00000001800042c0 f i MSVCRTD:guard_support.obj
 0001:00003310       __castguard_slow_path_check_nop 0000000180004310 f i MSVCRTD:guard_support.obj
 0001:00003320       __castguard_slow_path_check_os_handled 0000000180004320 f i MSVCRTD:guard_support.obj
 0001:00003370       __castguard_slow_path_check_user_handled 0000000180004370 f i MSVCRTD:guard_support.obj
 0001:00003430       _guard_icall_checks_enforced 0000000180004430 f i MSVCRTD:guard_support.obj
 0001:00003470       _guard_rf_checks_enforced  0000000180004470 f i MSVCRTD:guard_support.obj
 0001:00003480       ?_RTC_GetErrorFunc@@YAP6AHHPEBDH00ZZPEBX@Z 0000000180004480 f   MSVCRTD:userapi.obj
 0001:00003490       ?_RTC_GetErrorFuncW@@YAP6AHHPEB_WH00ZZPEBX@Z 0000000180004490 f   MSVCRTD:userapi.obj
 0001:000034a0       _RTC_GetErrDesc            00000001800044a0 f   MSVCRTD:userapi.obj
 0001:000034c0       _RTC_NumErrors             00000001800044c0 f   MSVCRTD:userapi.obj
 0001:000034d0       _RTC_SetErrorFunc          00000001800044d0 f   MSVCRTD:userapi.obj
 0001:000034f0       _RTC_SetErrorFuncW         00000001800044f0 f   MSVCRTD:userapi.obj
 0001:00003510       _RTC_SetErrorType          0000000180004510 f   MSVCRTD:userapi.obj
 0001:000035f0       __security_init_cookie     00000001800045f0 f   MSVCRTD:gs_support.obj
 0001:00003670       DllMain                    0000000180004670 f   MSVCRTD:dll_dllmain_stub.obj
 0001:000036b0       __local_stdio_printf_options 00000001800046b0 f i MSVCRTD:default_local_stdio_options.obj
 0001:000036c0       __local_stdio_scanf_options 00000001800046c0 f i MSVCRTD:default_local_stdio_options.obj
 0001:000036d0       __scrt_initialize_default_local_stdio_options 00000001800046d0 f   MSVCRTD:default_local_stdio_options.obj
 0001:00003720       ?configure_argv@__scrt_narrow_argv_policy@@SAHXZ 0000000180004720 f i MSVCRTD:utility.obj
 0001:00003810       ?initialize_environment@__scrt_narrow_environment_policy@@SAHXZ 0000000180004810 f i MSVCRTD:utility.obj
 0001:000038b0       NtCurrentTeb               00000001800048b0 f i MSVCRTD:utility.obj
 0001:000038c0       __scrt_acquire_startup_lock 00000001800048c0 f   MSVCRTD:utility.obj
 0001:00003930       __scrt_dllmain_after_initialize_c 0000000180004930 f   MSVCRTD:utility.obj
 0001:00003960       __scrt_dllmain_before_initialize_c 0000000180004960 f   MSVCRTD:utility.obj
 0001:00003980       __scrt_dllmain_crt_thread_attach 0000000180004980 f   MSVCRTD:utility.obj
 0001:000039b0       __scrt_dllmain_crt_thread_detach 00000001800049b0 f   MSVCRTD:utility.obj
 0001:000039d0       __scrt_dllmain_exception_filter 00000001800049d0 f   MSVCRTD:utility.obj
 0001:00003a40       __scrt_dllmain_uninitialize_c 0000000180004a40 f   MSVCRTD:utility.obj
 0001:00003a70       __scrt_dllmain_uninitialize_critical 0000000180004a70 f   MSVCRTD:utility.obj
 0001:00003a90       __scrt_initialize_crt      0000000180004a90 f   MSVCRTD:utility.obj
 0001:00003ae0       __scrt_initialize_onexit_tables 0000000180004ae0 f   MSVCRTD:utility.obj
 0001:00003bf0       __scrt_is_nonwritable_in_current_image 0000000180004bf0 f   MSVCRTD:utility.obj
 0001:00003c80       __scrt_release_startup_lock 0000000180004c80 f   MSVCRTD:utility.obj
 0001:00003cb0       __scrt_uninitialize_crt    0000000180004cb0 f   MSVCRTD:utility.obj
 0001:00003cf0       _onexit                    0000000180004cf0 f   MSVCRTD:utility.obj
 0001:00003d70       at_quick_exit              0000000180004d70 f   MSVCRTD:utility.obj
 0001:00003dc0       atexit                     0000000180004dc0 f   MSVCRTD:utility.obj
 0001:00003e00       __scrt_get_dyn_tls_init_callback 0000000180004e00 f   MSVCRTD:dyn_tls_init.obj
 0001:00003e10       __crt_debugger_hook        0000000180004e10 f   MSVCRTD:utility_desktop.obj
 0001:00003e20       __scrt_fastfail            0000000180004e20 f   MSVCRTD:utility_desktop.obj
 0001:00003fc0       __scrt_get_show_window_mode 0000000180004fc0 f   MSVCRTD:utility_desktop.obj
 0001:00004020       __scrt_initialize_mta      0000000180005020 f   MSVCRTD:utility_desktop.obj
 0001:00004030       __scrt_initialize_winrt    0000000180005030 f   MSVCRTD:utility_desktop.obj
 0001:00004040       __scrt_is_managed_app      0000000180005040 f   MSVCRTD:utility_desktop.obj
 0001:000040f0       __scrt_set_unhandled_exception_filter 00000001800050f0 f   MSVCRTD:utility_desktop.obj
 0001:00004110       __scrt_exe_initialize_mta  0000000180005110 f   MSVCRTD:utility_desktop.obj
 0001:00004110       __scrt_stub_for_initialize_mta 0000000180005110 f   MSVCRTD:utility_desktop.obj
 0001:00004120       __scrt_unhandled_exception_filter 0000000180005120 f   MSVCRTD:utility_desktop.obj
 0001:000041c0       _RTC_Initialize            00000001800051c0 f   MSVCRTD:initsect.obj
 0001:00004210       _RTC_Terminate             0000000180005210 f   MSVCRTD:initsect.obj
 0001:000042f0       ?_RTC_AllocaFailure@@YAXPEAXPEAU_RTC_ALLOCA_NODE@@H@Z 00000001800052f0 f   MSVCRTD:error.obj
 0001:00004450       ?_RTC_Failure@@YAXPEAXH@Z  0000000180005450 f   MSVCRTD:error.obj
 0001:000044a0       ?_RTC_StackFailure@@YAXPEAXPEBD@Z 00000001800054a0 f   MSVCRTD:error.obj
 0001:000048f0       _RTC_UninitUse             00000001800058f0 f   MSVCRTD:error.obj
 0001:000049c0       _vsprintf_s_l              00000001800059c0 f i MSVCRTD:error.obj
 0001:00004a30       sprintf_s                  0000000180005a30 f i MSVCRTD:error.obj
 0001:00004a60       __isa_available_init       0000000180005a60 f   MSVCRTD:cpu_disp.obj
 0001:00004f50       _get_startup_argv_mode     0000000180005f50 f   MSVCRTD:argv_mode.obj
 0001:00004f60       __scrt_is_ucrt_dll_in_use  0000000180005f60 f   MSVCRTD:ucrt_detection.obj
 0001:000054b0       ?_RTC_GetSrcLine@@YAHPEAEPEA_WKPEAH1K@Z 00000001800064b0 f   MSVCRTD:pdblkup.obj
 0001:00005880       __GSHandlerCheck           0000000180006880 f   MSVCRTD:gshandler.obj
 0001:000058c0       __GSHandlerCheckCommon     00000001800068c0 f   MSVCRTD:gshandler.obj
 0001:000059d0       __security_check_cookie    00000001800069d0 f   MSVCRTD:amdsecgs.obj
 0001:000059f0       __raise_securityfailure    00000001800069f0 f   MSVCRTD:gs_report.obj
 0001:00005a30       __report_gsfailure         0000000180006a30 f   MSVCRTD:gs_report.obj
 0001:00005b10       __report_rangecheckfailure 0000000180006b10 f   MSVCRTD:gs_report.obj
 0001:00005b30       __report_securityfailure   0000000180006b30 f   MSVCRTD:gs_report.obj
 0001:00005bd0       __report_securityfailureEx 0000000180006bd0 f   MSVCRTD:gs_report.obj
 0001:00005e33       _purecall                  0000000180006e33 f   vcruntimed:VCRUNTIME140D.dll
 0001:00005e39       memset                     0000000180006e39 f   vcruntimed:VCRUNTIME140D.dll
 0001:00005e3f       __std_type_info_name       0000000180006e3f f   vcruntimed:VCRUNTIME140D.dll
 0001:00005e45       strstr                     0000000180006e45 f   vcruntimed:VCRUNTIME140D.dll
 0001:00005e4b       __std_type_info_destroy_list 0000000180006e4b f   vcruntimed:VCRUNTIME140D.dll
 0001:00005e51       __C_specific_handler       0000000180006e51 f   vcruntimed:VCRUNTIME140D.dll
 0001:00005e57       __current_exception        0000000180006e57 f   vcruntimed:VCRUNTIME140D.dll
 0001:00005e5d       __current_exception_context 0000000180006e5d f   vcruntimed:VCRUNTIME140D.dll
 0001:00005e63       __C_specific_handler_noexcept 0000000180006e63 f   vcruntimed:VCRUNTIME140D.dll
 0001:00005e69       __vcrt_GetModuleFileNameW  0000000180006e69 f   vcruntimed:VCRUNTIME140D.dll
 0001:00005e6f       __vcrt_GetModuleHandleW    0000000180006e6f f   vcruntimed:VCRUNTIME140D.dll
 0001:00005e75       __vcrt_LoadLibraryExW      0000000180006e75 f   vcruntimed:VCRUNTIME140D.dll
 0001:00005e7b       memcpy                     0000000180006e7b f   vcruntimed:VCRUNTIME140D.dll
 0001:00005e81       _free_dbg                  0000000180006e81 f   ucrtd:ucrtbased.dll
 0001:00005e87       _CrtDbgReport              0000000180006e87 f   ucrtd:ucrtbased.dll
 0001:00005e8d       _CrtDbgReportW             0000000180006e8d f   ucrtd:ucrtbased.dll
 0001:00005e93       _initterm                  0000000180006e93 f   ucrtd:ucrtbased.dll
 0001:00005e99       _initterm_e                0000000180006e99 f   ucrtd:ucrtbased.dll
 0001:00005e9f       _seh_filter_dll            0000000180006e9f f   ucrtd:ucrtbased.dll
 0001:00005ea5       _configure_narrow_argv     0000000180006ea5 f   ucrtd:ucrtbased.dll
 0001:00005eab       _initialize_narrow_environment 0000000180006eab f   ucrtd:ucrtbased.dll
 0001:00005eb1       _initialize_onexit_table   0000000180006eb1 f   ucrtd:ucrtbased.dll
 0001:00005eb7       _register_onexit_function  0000000180006eb7 f   ucrtd:ucrtbased.dll
 0001:00005ebd       _execute_onexit_table      0000000180006ebd f   ucrtd:ucrtbased.dll
 0001:00005ec3       _crt_atexit                0000000180006ec3 f   ucrtd:ucrtbased.dll
 0001:00005ec9       _crt_at_quick_exit         0000000180006ec9 f   ucrtd:ucrtbased.dll
 0001:00005ecf       _cexit                     0000000180006ecf f   ucrtd:ucrtbased.dll
 0001:00005ed5       terminate                  0000000180006ed5 f   ucrtd:ucrtbased.dll
 0001:00005edb       strcpy_s                   0000000180006edb f   ucrtd:ucrtbased.dll
 0001:00005ee1       strcat_s                   0000000180006ee1 f   ucrtd:ucrtbased.dll
 0001:00005ee7       __stdio_common_vsprintf_s  0000000180006ee7 f   ucrtd:ucrtbased.dll
 0001:00005eed       _wmakepath_s               0000000180006eed f   ucrtd:ucrtbased.dll
 0001:00005ef3       _wsplitpath_s              0000000180006ef3 f   ucrtd:ucrtbased.dll
 0001:00005ef9       wcscpy_s                   0000000180006ef9 f   ucrtd:ucrtbased.dll
 0001:00005eff       RaiseException             0000000180006eff f   kernel32:KERNEL32.dll
 0001:00005f05       GetLastError               0000000180006f05 f   kernel32:KERNEL32.dll
 0001:00005f0b       GetSystemInfo              0000000180006f0b f   kernel32:KERNEL32.dll
 0001:00005f11       VirtualProtect             0000000180006f11 f   kernel32:KERNEL32.dll
 0001:00005f17       VirtualQuery               0000000180006f17 f   kernel32:KERNEL32.dll
 0001:00005f1d       FreeLibrary                0000000180006f1d f   kernel32:KERNEL32.dll
 0001:00005f23       GetModuleHandleW           0000000180006f23 f   kernel32:KERNEL32.dll
 0001:00005f29       GetProcAddress             0000000180006f29 f   kernel32:KERNEL32.dll
 0001:00005f2f       LoadLibraryExA             0000000180006f2f f   kernel32:KERNEL32.dll
 0001:00005f35       InitializeSListHead        0000000180006f35 f   kernel32:KERNEL32.dll
 0001:00005f3b       QueryPerformanceCounter    0000000180006f3b f   kernel32:KERNEL32.dll
 0001:00005f41       GetCurrentProcessId        0000000180006f41 f   kernel32:KERNEL32.dll
 0001:00005f47       GetCurrentThreadId         0000000180006f47 f   kernel32:KERNEL32.dll
 0001:00005f4d       GetSystemTimeAsFileTime    0000000180006f4d f   kernel32:KERNEL32.dll
 0001:00005f53       DisableThreadLibraryCalls  0000000180006f53 f   kernel32:KERNEL32.dll
 0001:00005f59       RtlCaptureContext          0000000180006f59 f   kernel32:KERNEL32.dll
 0001:00005f5f       RtlLookupFunctionEntry     0000000180006f5f f   kernel32:KERNEL32.dll
 0001:00005f65       RtlVirtualUnwind           0000000180006f65 f   kernel32:KERNEL32.dll
 0001:00005f6b       IsDebuggerPresent          0000000180006f6b f   kernel32:KERNEL32.dll
 0001:00005f71       UnhandledExceptionFilter   0000000180006f71 f   kernel32:KERNEL32.dll
 0001:00005f77       SetUnhandledExceptionFilter 0000000180006f77 f   kernel32:KERNEL32.dll
 0001:00005f7d       GetStartupInfoW            0000000180006f7d f   kernel32:KERNEL32.dll
 0001:00005f83       IsProcessorFeaturePresent  0000000180006f83 f   kernel32:KERNEL32.dll
 0001:00005f89       MultiByteToWideChar        0000000180006f89 f   kernel32:KERNEL32.dll
 0001:00005f8f       WideCharToMultiByte        0000000180006f8f f   kernel32:KERNEL32.dll
 0001:00005f95       HeapAlloc                  0000000180006f95 f   kernel32:KERNEL32.dll
 0001:00005f9b       HeapFree                   0000000180006f9b f   kernel32:KERNEL32.dll
 0001:00005fa1       GetProcessHeap             0000000180006fa1 f   kernel32:KERNEL32.dll
 0001:00005fa7       GetCurrentProcess          0000000180006fa7 f   kernel32:KERNEL32.dll
 0001:00005fad       TerminateProcess           0000000180006fad f   kernel32:KERNEL32.dll
 0001:00005fc0       __acrt_initialize          0000000180006fc0 f   MSVCRTD:ucrt_stubs.obj
 0001:00005fc0       __scrt_stub_for_acrt_initialize 0000000180006fc0 f   MSVCRTD:ucrt_stubs.obj
 0001:00005fc0       __vcrt_initialize          0000000180006fc0 f   MSVCRTD:ucrt_stubs.obj
 0001:00005fd0       __acrt_thread_attach       0000000180006fd0 f   MSVCRTD:ucrt_stubs.obj
 0001:00005fd0       __scrt_stub_for_acrt_thread_attach 0000000180006fd0 f   MSVCRTD:ucrt_stubs.obj
 0001:00005fd0       __vcrt_thread_attach       0000000180006fd0 f   MSVCRTD:ucrt_stubs.obj
 0001:00005fe0       __acrt_thread_detach       0000000180006fe0 f   MSVCRTD:ucrt_stubs.obj
 0001:00005fe0       __scrt_stub_for_acrt_thread_detach 0000000180006fe0 f   MSVCRTD:ucrt_stubs.obj
 0001:00005fe0       __vcrt_thread_detach       0000000180006fe0 f   MSVCRTD:ucrt_stubs.obj
 0001:00005ff0       __acrt_uninitialize        0000000180006ff0 f   MSVCRTD:ucrt_stubs.obj
 0001:00005ff0       __scrt_stub_for_acrt_uninitialize 0000000180006ff0 f   MSVCRTD:ucrt_stubs.obj
 0001:00005ff0       __vcrt_uninitialize        0000000180006ff0 f   MSVCRTD:ucrt_stubs.obj
 0001:00006000       __acrt_uninitialize_critical 0000000180007000 f   MSVCRTD:ucrt_stubs.obj
 0001:00006000       __scrt_stub_for_acrt_uninitialize_critical 0000000180007000 f   MSVCRTD:ucrt_stubs.obj
 0001:00006000       __vcrt_uninitialize_critical 0000000180007000 f   MSVCRTD:ucrt_stubs.obj
 0001:00006010       __scrt_stub_for_is_c_termination_complete 0000000180007010 f   MSVCRTD:ucrt_stubs.obj
 0001:00006010       _is_c_termination_complete 0000000180007010 f   MSVCRTD:ucrt_stubs.obj
 0001:00006030       _guard_dispatch_icall_nop  0000000180007030 f   MSVCRTD:guard_dispatch.obj
 0001:00006050       _guard_xfg_dispatch_icall_nop 0000000180007050 f   MSVCRTD:guard_xfg_dispatch.obj
 0002:00000000       __imp_LoadLibraryA         0000000180008000     kernel32:KERNEL32.dll
 0002:00000008       __imp_GetCurrentProcess    0000000180008008     kernel32:KERNEL32.dll
 0002:00000010       __imp_GetProcessHeap       0000000180008010     kernel32:KERNEL32.dll
 0002:00000018       __imp_HeapFree             0000000180008018     kernel32:KERNEL32.dll
 0002:00000020       __imp_HeapAlloc            0000000180008020     kernel32:KERNEL32.dll
 0002:00000028       __imp_WideCharToMultiByte  0000000180008028     kernel32:KERNEL32.dll
 0002:00000030       __imp_MultiByteToWideChar  0000000180008030     kernel32:KERNEL32.dll
 0002:00000038       __imp_IsProcessorFeaturePresent 0000000180008038     kernel32:KERNEL32.dll
 0002:00000040       __imp_GetStartupInfoW      0000000180008040     kernel32:KERNEL32.dll
 0002:00000048       __imp_SetUnhandledExceptionFilter 0000000180008048     kernel32:KERNEL32.dll
 0002:00000050       __imp_UnhandledExceptionFilter 0000000180008050     kernel32:KERNEL32.dll
 0002:00000058       __imp_IsDebuggerPresent    0000000180008058     kernel32:KERNEL32.dll
 0002:00000060       __imp_RtlVirtualUnwind     0000000180008060     kernel32:KERNEL32.dll
 0002:00000068       __imp_RtlLookupFunctionEntry 0000000180008068     kernel32:KERNEL32.dll
 0002:00000070       __imp_RtlCaptureContext    0000000180008070     kernel32:KERNEL32.dll
 0002:00000078       __imp_DisableThreadLibraryCalls 0000000180008078     kernel32:KERNEL32.dll
 0002:00000080       __imp_GetSystemTimeAsFileTime 0000000180008080     kernel32:KERNEL32.dll
 0002:00000088       __imp_GetCurrentThreadId   0000000180008088     kernel32:KERNEL32.dll
 0002:00000090       __imp_GetCurrentProcessId  0000000180008090     kernel32:KERNEL32.dll
 0002:00000098       __imp_QueryPerformanceCounter 0000000180008098     kernel32:KERNEL32.dll
 0002:000000a0       __imp_InitializeSListHead  00000001800080a0     kernel32:KERNEL32.dll
 0002:000000a8       __imp_LoadLibraryExA       00000001800080a8     kernel32:KERNEL32.dll
 0002:000000b0       __imp_GetProcAddress       00000001800080b0     kernel32:KERNEL32.dll
 0002:000000b8       __imp_GetModuleHandleW     00000001800080b8     kernel32:KERNEL32.dll
 0002:000000c0       __imp_FreeLibrary          00000001800080c0     kernel32:KERNEL32.dll
 0002:000000c8       __imp_VirtualQuery         00000001800080c8     kernel32:KERNEL32.dll
 0002:000000d0       __imp_VirtualProtect       00000001800080d0     kernel32:KERNEL32.dll
 0002:000000d8       __imp_GetSystemInfo        00000001800080d8     kernel32:KERNEL32.dll
 0002:000000e0       __imp_GetLastError         00000001800080e0     kernel32:KERNEL32.dll
 0002:000000e8       __imp_RaiseException       00000001800080e8     kernel32:KERNEL32.dll
 0002:000000f0       __imp_TerminateProcess     00000001800080f0     kernel32:KERNEL32.dll
 0002:000000f8       \177KERNEL32_NULL_THUNK_DATA 00000001800080f8     kernel32:KERNEL32.dll
 0002:00000100       __imp_strstr               0000000180008100     vcruntimed:VCRUNTIME140D.dll
 0002:00000108       __imp___std_type_info_destroy_list 0000000180008108     vcruntimed:VCRUNTIME140D.dll
 0002:00000110       __imp___C_specific_handler 0000000180008110     vcruntimed:VCRUNTIME140D.dll
 0002:00000118       __imp___current_exception  0000000180008118     vcruntimed:VCRUNTIME140D.dll
 0002:00000120       __imp___std_type_info_name 0000000180008120     vcruntimed:VCRUNTIME140D.dll
 0002:00000128       __imp__purecall            0000000180008128     vcruntimed:VCRUNTIME140D.dll
 0002:00000130       __imp___current_exception_context 0000000180008130     vcruntimed:VCRUNTIME140D.dll
 0002:00000138       __imp___C_specific_handler_noexcept 0000000180008138     vcruntimed:VCRUNTIME140D.dll
 0002:00000140       __imp___vcrt_GetModuleFileNameW 0000000180008140     vcruntimed:VCRUNTIME140D.dll
 0002:00000148       __imp___vcrt_GetModuleHandleW 0000000180008148     vcruntimed:VCRUNTIME140D.dll
 0002:00000150       __imp___vcrt_LoadLibraryExW 0000000180008150     vcruntimed:VCRUNTIME140D.dll
 0002:00000158       __imp_memcpy               0000000180008158     vcruntimed:VCRUNTIME140D.dll
 0002:00000160       __imp_memset               0000000180008160     vcruntimed:VCRUNTIME140D.dll
 0002:00000168       \177VCRUNTIME140D_NULL_THUNK_DATA 0000000180008168     vcruntimed:VCRUNTIME140D.dll
 0002:00000170       __imp__initterm_e          0000000180008170     ucrtd:ucrtbased.dll
 0002:00000178       __imp__initialize_narrow_environment 0000000180008178     ucrtd:ucrtbased.dll
 0002:00000180       __imp__CrtDbgReportW       0000000180008180     ucrtd:ucrtbased.dll
 0002:00000188       __imp__CrtDbgReport        0000000180008188     ucrtd:ucrtbased.dll
 0002:00000190       __imp__free_dbg            0000000180008190     ucrtd:ucrtbased.dll
 0002:00000198       __imp__seh_filter_dll      0000000180008198     ucrtd:ucrtbased.dll
 0002:000001a0       __imp__configure_narrow_argv 00000001800081a0     ucrtd:ucrtbased.dll
 0002:000001a8       __imp__initialize_onexit_table 00000001800081a8     ucrtd:ucrtbased.dll
 0002:000001b0       __imp__register_onexit_function 00000001800081b0     ucrtd:ucrtbased.dll
 0002:000001b8       __imp__execute_onexit_table 00000001800081b8     ucrtd:ucrtbased.dll
 0002:000001c0       __imp__crt_atexit          00000001800081c0     ucrtd:ucrtbased.dll
 0002:000001c8       __imp__crt_at_quick_exit   00000001800081c8     ucrtd:ucrtbased.dll
 0002:000001d0       __imp__cexit               00000001800081d0     ucrtd:ucrtbased.dll
 0002:000001d8       __imp_wcscpy_s             00000001800081d8     ucrtd:ucrtbased.dll
 0002:000001e0       __imp__wsplitpath_s        00000001800081e0     ucrtd:ucrtbased.dll
 0002:000001e8       __imp_terminate            00000001800081e8     ucrtd:ucrtbased.dll
 0002:000001f0       __imp___stdio_common_vsprintf_s 00000001800081f0     ucrtd:ucrtbased.dll
 0002:000001f8       __imp_strcat_s             00000001800081f8     ucrtd:ucrtbased.dll
 0002:00000200       __imp__initterm            0000000180008200     ucrtd:ucrtbased.dll
 0002:00000208       __imp_strcpy_s             0000000180008208     ucrtd:ucrtbased.dll
 0002:00000210       __imp__wmakepath_s         0000000180008210     ucrtd:ucrtbased.dll
 0002:00000218       \177ucrtbased_NULL_THUNK_DATA 0000000180008218     ucrtd:ucrtbased.dll
 0002:00000220       __guard_check_icall_fptr   0000000180008220     MSVCRTD:guard_support.obj
 0002:00000228       __guard_xfg_check_icall_fptr 0000000180008228     MSVCRTD:guard_support.obj
 0002:00000230       __guard_dispatch_icall_fptr 0000000180008230     MSVCRTD:guard_support.obj
 0002:00000238       __guard_xfg_dispatch_icall_fptr 0000000180008238     MSVCRTD:guard_support.obj
 0002:00000240       __guard_xfg_table_dispatch_icall_fptr 0000000180008240     MSVCRTD:guard_support.obj
 0002:00000248       __castguard_check_failure_os_handled_fptr 0000000180008248     MSVCRTD:guard_support.obj
 0002:00000250       __guard_memcpy_fptr        0000000180008250     vcruntimed:softmemtag.obj
 0002:00000258       __xc_a                     0000000180008258     MSVCRTD:initializers.obj
 0002:00000290       __xc_z                     0000000180008290     MSVCRTD:initializers.obj
 0002:00000298       __xi_a                     0000000180008298     MSVCRTD:initializers.obj
 0002:000002a0       __xi_z                     00000001800082a0     MSVCRTD:initializers.obj
 0002:000002a8       __xp_a                     00000001800082a8     MSVCRTD:initializers.obj
 0002:000002b0       __xp_z                     00000001800082b0     MSVCRTD:initializers.obj
 0002:000002b8       __xt_a                     00000001800082b8     MSVCRTD:initializers.obj
 0002:000002c0       __xt_z                     00000001800082c0     MSVCRTD:initializers.obj
 0002:000002d0       ?g_PXSinCoefficients0@aos@physx@@3UPX_VECTORF32@12@B 00000001800082d0     Cooking.obj
 0002:000002e0       ?g_PXSinCoefficients1@aos@physx@@3UPX_VECTORF32@12@B 00000001800082e0     Cooking.obj
 0002:000002f0       ?g_PXSinCoefficients2@aos@physx@@3UPX_VECTORF32@12@B 00000001800082f0     Cooking.obj
 0002:00000300       ?g_PXCosCoefficients0@aos@physx@@3UPX_VECTORF32@12@B 0000000180008300     Cooking.obj
 0002:00000310       ?g_PXCosCoefficients1@aos@physx@@3UPX_VECTORF32@12@B 0000000180008310     Cooking.obj
 0002:00000320       ?g_PXCosCoefficients2@aos@physx@@3UPX_VECTORF32@12@B 0000000180008320     Cooking.obj
 0002:00000330       ?g_PXReciprocalTwoPi@aos@physx@@3UPX_VECTORF32@12@B 0000000180008330     Cooking.obj
 0002:00000340       ?g_PXTwoPi@aos@physx@@3UPX_VECTORF32@12@B 0000000180008340     Cooking.obj
 0002:00000370       ??_7PxFoundation@physx@@6B@ 0000000180008370     Cooking.obj
 0002:000003e0       ??_C@_0EK@HPCJOIFF@C?3?2Code?2PhysX?9106?40?9physx?95?44?41@ 00000001800083e0     Cooking.obj
 0002:00000430       ??_C@_0BM@OIFKLHDN@?$DMallocation?5names?5disabled?$DO@ 0000000180008430     Cooking.obj
 0002:00000450       ??_C@_0ED@MPFEIIED@C?3?2Code?2PhysX?9106?40?9physx?95?44?41@ 0000000180008450     Cooking.obj
 0002:00000498       ??_C@_0BM@BMFMDKFG@this?9?$DOcapacity?$CI?$CJ?5?$DM?5capacity@ 0000000180008498     Cooking.obj
 0002:000004b8       ??_C@_0CP@CPGGIPKL@?$CI?$CBcapacity?$CJ?5?$HM?$HM?5?$CInewData?5?$CG?$CG?5?$CInew@ 00000001800084b8     Cooking.obj
 0002:000004e8       __real@3a83126f            00000001800084e8     Cooking.obj
 0002:000004ec       __real@ba83126f            00000001800084ec     Cooking.obj
 0002:000004f0       ??_C@_0BA@EGLNOO@PhysXFoundation@ 00000001800084f0     WindowsCookingDelayLoadHook.obj
 0002:00000500       ??_C@_0M@ILKNCJKN@PhysXCommon@ 0000000180008500     WindowsCookingDelayLoadHook.obj
 0002:00000510       __sz_PhysXCommon_64_dll    0000000180008510     PhysXCommon_64:PhysXCommon_64.dll
 0002:00000530       __sz_PhysXFoundation_64_dll 0000000180008530     PhysXFoundation_64:PhysXFoundation_64.dll
 0002:00000548       ??_C@_1BK@DBDEIDLH@?$AAK?$AAE?$AAR?$AAN?$AAE?$AAL?$AA3?$AA2?$AA?4?$AAD?$AAL?$AAL@ 0000000180008548     Delayimp:delayhlp.obj
 0002:00000568       ??_C@_0BI@OMNLIJDB@AcquireSRWLockExclusive@ 0000000180008568     Delayimp:delayhlp.obj
 0002:00000580       ??_C@_0BI@HMIEPCNJ@ReleaseSRWLockExclusive@ 0000000180008580     Delayimp:delayhlp.obj
 0002:00000598       __pfnDliFailureHook2       0000000180008598     Delayimp:delayhk1.obj
 0002:000005a8       ??_7type_info@@6B@         00000001800085a8     MSVCRTD:std_type_info_static.obj
 0002:000005b0       _pDefaultRawDllMain        00000001800085b0     MSVCRTD:dll_dllmain.obj
 0002:000005b0       _pRawDllMain               00000001800085b0     MSVCRTD:dll_dllmain.obj
 0002:000005c0       _load_config_used          00000001800085c0     MSVCRTD:loadcfg.obj
 0002:00000728       ??_C@_0BJ@HEGAHDFO@Stack?5pointer?5corruption@ 0000000180008728     MSVCRTD:userapi.obj
 0002:00000748       ??_C@_0CK@FEGOIOPB@Cast?5to?5smaller?5type?5causing?5lo@ 0000000180008748     MSVCRTD:userapi.obj
 0002:00000778       ??_C@_0BI@CIGMDCBH@Stack?5memory?5corruption@ 0000000180008778     MSVCRTD:userapi.obj
 0002:00000790       ??_C@_0CK@CNLNOEPB@Local?5variable?5used?5before?5init@ 0000000180008790     MSVCRTD:userapi.obj
 0002:000007c0       ??_C@_0BP@OGBCLIBO@Stack?5around?5_alloca?5corrupted@ 00000001800087c0     MSVCRTD:userapi.obj
 0002:000008a0       ??_C@_0NN@JMPELKLB@The?5value?5of?5ESP?5was?5not?5proper@ 00000001800088a0     MSVCRTD:error.obj
 0002:00000980       ??_C@_0BBN@ELNNILBE@A?5cast?5to?5a?5smaller?5data?5type?5h@ 0000000180008980     MSVCRTD:error.obj
 0002:00000aa0       ??_C@_0BN@BPOGFMJL@Stack?5memory?5was?5corrupted?$AN?6@ 0000000180008aa0     MSVCRTD:error.obj
 0002:00000ac0       ??_C@_0DG@DAJCDLPN@A?5local?5variable?5was?5used?5befor@ 0000000180008ac0     MSVCRTD:error.obj
 0002:00000af8       ??_C@_0CM@JMIDGKLA@Stack?5memory?5around?5_alloca?5was@ 0000000180008af8     MSVCRTD:error.obj
 0002:00000b28       ??_C@_0BO@CHIONIOI@Unknown?5Runtime?5Check?5Error?$AN?6@ 0000000180008b28     MSVCRTD:error.obj
 0002:00000b50       ??_C@_1GM@CNOOJIHC@?$AAR?$AAu?$AAn?$AAt?$AAi?$AAm?$AAe?$AA?5?$AAC?$AAh?$AAe?$AAc?$AAk?$AA?5?$AAE@ 0000000180008b50     MSVCRTD:error.obj
 0002:00000bc0       ??_C@_1EA@NFKNIFJP@?$AAR?$AAu?$AAn?$AA?9?$AAT?$AAi?$AAm?$AAe?$AA?5?$AAC?$AAh?$AAe?$AAc?$AAk?$AA?5@ 0000000180008bc0     MSVCRTD:error.obj
 0002:00000c00       ??_C@_0BB@PFFGGCJP@Unknown?5Filename@ 0000000180008c00     MSVCRTD:error.obj
 0002:00000c18       ??_C@_0BE@GNBOBNCK@Unknown?5Module?5Name@ 0000000180008c18     MSVCRTD:error.obj
 0002:00000c30       ??_C@_0CA@IODNCDPG@Run?9Time?5Check?5Failure?5?$CD?$CFd?5?9?5?$CFs@ 0000000180008c30     MSVCRTD:error.obj
 0002:00000c50       ??_C@_0CG@IAFNJNEE@Stack?5corrupted?5near?5unknown?5va@ 0000000180008c50     MSVCRTD:error.obj
 0002:00000c78       ??_C@_05MKKEDADM@?$CF?42X?5@ 0000000180008c78     MSVCRTD:error.obj
 0002:00000c80       ??_C@_0EJ@LJKNEOLN@Stack?5area?5around?5_alloca?5memor@ 0000000180008c80     MSVCRTD:error.obj
 0002:00000ccc       ??_C@_01EEMJAFIK@?6@       0000000180008ccc     MSVCRTD:error.obj
 0002:00000cd0       ??_C@_02LLMPMKNF@?$DO?5@   0000000180008cd0     MSVCRTD:error.obj
 0002:00000cd8       ??_C@_08OMAHNMHJ@?6Data?3?5?$DM@ 0000000180008cd8     MSVCRTD:error.obj
 0002:00000ce8       ??_C@_0CK@DKGBICFE@?6Allocation?5number?5within?5this?5@ 0000000180008ce8     MSVCRTD:error.obj
 0002:00000d18       ??_C@_07DFDJCKFN@?6Size?3?5@ 0000000180008d18     MSVCRTD:error.obj
 0002:00000d20       ??_C@_0N@MHFFIMFG@?6Address?3?50x@ 0000000180008d20     MSVCRTD:error.obj
 0002:00000d30       ??_C@_0EI@CLEPFNGI@Stack?5area?5around?5_alloca?5memor@ 0000000180008d30     MSVCRTD:error.obj
 0002:00000d78       ??_C@_0BK@ODNDAGKB@?$CFs?$CFs?$CFp?$CFs?$CFzd?$CFs?$CFd?$CFs?$CFs?$CFs?$CFs?$CFs@ 0000000180008d78     MSVCRTD:error.obj
 0002:00000d98       ??_C@_0DE@OHJBPMBP@A?5variable?5is?5being?5used?5withou@ 0000000180008d98     MSVCRTD:error.obj
 0002:00000e30       ??_C@_1EI@MLPKHBGE@?$AAa?$AAp?$AAi?$AA?9?$AAm?$AAs?$AA?9?$AAw?$AAi?$AAn?$AA?9?$AAc?$AAo?$AAr?$AAe@ 0000000180008e30     MSVCRTD:pdblkup.obj
 0002:00000e78       ??_C@_1BK@JHLNAEJL@?$AAa?$AAd?$AAv?$AAa?$AAp?$AAi?$AA3?$AA2?$AA?4?$AAd?$AAl?$AAl@ 0000000180008e78     MSVCRTD:pdblkup.obj
 0002:00000e98       ??_C@_0O@COHOBMLB@RegOpenKeyExW@ 0000000180008e98     MSVCRTD:pdblkup.obj
 0002:00000ea8       ??_C@_0BB@GLNAEDBD@RegQueryValueExW@ 0000000180008ea8     MSVCRTD:pdblkup.obj
 0002:00000ec0       ??_C@_0M@HLOHPNFA@RegCloseKey@ 0000000180008ec0     MSVCRTD:pdblkup.obj
 0002:00000ed0       ??_C@_1HE@EBEAGLFB@?$AAS?$AAO?$AAF?$AAT?$AAW?$AAA?$AAR?$AAE?$AA?2?$AAW?$AAo?$AAw?$AA6?$AA4?$AA3@ 0000000180008ed0     MSVCRTD:pdblkup.obj
 0002:00000f48       ??_C@_1BG@EABPBLLF@?$AAP?$AAr?$AAo?$AAd?$AAu?$AAc?$AAt?$AAD?$AAi?$AAr@ 0000000180008f48     MSVCRTD:pdblkup.obj
 0002:00000f80       ??_C@_1BC@JINFINNJ@?$AAM?$AAS?$AAP?$AAD?$AAB?$AA1?$AA4?$AA0@ 0000000180008f80     MSVCRTD:pdblkup.obj
 0002:00000f98       ??_C@_0BB@KCIACLNC@PDBOpenValidate5@ 0000000180008f98     MSVCRTD:pdblkup.obj
 0002:00000fac       ??_C@_01KDCPPGHE@r@        0000000180008fac     MSVCRTD:pdblkup.obj
 0002:00001080       __CastGuardVftablesStart   0000000180009080     MSVCRTD:guard_support.obj
 0002:00001100       __CastGuardVftablesEnd     0000000180009100     MSVCRTD:guard_support.obj
 0002:00001180       ??_R4type_info@@6B@        0000000180009180     MSVCRTD:std_type_info_static.obj
 0002:000011a8       ??_R3type_info@@8          00000001800091a8     MSVCRTD:std_type_info_static.obj
 0002:000011c0       ??_R2type_info@@8          00000001800091c0     MSVCRTD:std_type_info_static.obj
 0002:000011d0       ??_R1A@?0A@EA@type_info@@8 00000001800091d0     MSVCRTD:std_type_info_static.obj
 0002:000011f4       __volatile_metadata        00000001800091f4     <linker-defined>
 0002:000016e8       __rtc_iaa                  00000001800096e8     MSVCRTD:initsect.obj
 0002:00001700       __rtc_izz                  0000000180009700     MSVCRTD:initsect.obj
 0002:00001708       __rtc_taa                  0000000180009708     MSVCRTD:initsect.obj
 0002:00001720       __rtc_tzz                  0000000180009720     MSVCRTD:initsect.obj
 0002:00001f2c       __DELAY_IMPORT_DESCRIPTOR_physxcommon_64_dll 0000000180009f2c     PhysXCommon_64:PhysXCommon_64.dll
 0002:00001f4c       __DELAY_IMPORT_DESCRIPTOR_physxfoundation_64_dll 0000000180009f4c     PhysXFoundation_64:PhysXFoundation_64.dll
 0002:00001f6c       __NULL_DELAY_IMPORT_DESCRIPTOR 0000000180009f6c     PhysXCommon_64:PhysXCommon_64.dll
 0002:00002050       \177PhysXCommon_64_NULL_THUNK_DATA_DLN 000000018000a050     PhysXCommon_64:PhysXCommon_64.dll
 0002:00002068       \177PhysXFoundation_64_NULL_THUNK_DATA_DLN 000000018000a068     PhysXFoundation_64:PhysXFoundation_64.dll
 0002:00002320       \177PhysXCommon_64_NULL_THUNK_DATA_DLB 000000018000a320     PhysXCommon_64:PhysXCommon_64.dll
 0002:000023e8       \177PhysXFoundation_64_NULL_THUNK_DATA_DLB 000000018000a3e8     PhysXFoundation_64:PhysXFoundation_64.dll
 0002:00003014       __IMPORT_DESCRIPTOR_KERNEL32 000000018000b014     kernel32:KERNEL32.dll
 0002:00003028       __IMPORT_DESCRIPTOR_VCRUNTIME140D 000000018000b028     vcruntimed:VCRUNTIME140D.dll
 0002:0000303c       __IMPORT_DESCRIPTOR_ucrtbased 000000018000b03c     ucrtd:ucrtbased.dll
 0002:00003050       __NULL_IMPORT_DESCRIPTOR   000000018000b050     kernel32:KERNEL32.dll
 0003:00000000       __pfnDliNotifyHook2        000000018000c000     WindowsCookingDelayLoadHook.obj
 0003:00000008       _fltused                   000000018000c008     MSVCRTD:fltused.obj
 0003:0000000c       __scrt_native_dllmain_reason 000000018000c00c     MSVCRTD:utility.obj
 0003:00000040       __security_cookie          000000018000c040     MSVCRTD:gs_cookie.obj
 0003:00000080       __security_cookie_complement 000000018000c080     MSVCRTD:gs_cookie.obj
 0003:00000090       ?_RTC_ErrorLevels@@3PAHA   000000018000c090     MSVCRTD:error.obj
 0003:000000a8       __isa_inverted             000000018000c0a8     MSVCRTD:cpu_disp.obj
 0003:000000b0       __isa_available            000000018000c0b0     MSVCRTD:cpu_disp.obj
 0003:000000b4       __isa_enabled              000000018000c0b4     MSVCRTD:cpu_disp.obj
 0003:000000b8       __memset_fast_string_threshold 000000018000c0b8     MSVCRTD:cpu_disp.obj
 0003:000000c0       __memset_nt_threshold      000000018000c0c0     MSVCRTD:cpu_disp.obj
 0003:000000d0       __scrt_ucrt_dll_is_in_use  000000018000c0d0     MSVCRTD:ucrt_stubs.obj
 0003:000000d8       ??_R0?AVBVH@Gu@physx@@@8   000000018000c0d8     Cooking.obj
 0003:00000100       ??_R0?AVBV4TriangleMesh@Gu@physx@@@8 000000018000c100     Cooking.obj
 0003:00000130       ??_R0?AUSlab@NodeAllocator@Gu@physx@@@8 000000018000c130     Cooking.obj
 0003:00000168       ??_R0?AVtype_info@@@8      000000018000c168     MSVCRTD:std_type_info_static.obj
 0003:00000188       __imp_getInsertionCallback 000000018000c188     PhysXCommon_64:PhysXCommon_64.dll
 0003:00000190       __imp_??0BV4TriangleMesh@Gu@physx@@QEAA@AEBUPxTriangleMeshInternalData@2@@Z 000000018000c190     PhysXCommon_64:PhysXCommon_64.dll
 0003:00000198       __imp_cookBVH              000000018000c198     PhysXCommon_64:PhysXCommon_64.dll
 0003:000001a0       __imp_createBVH            000000018000c1a0     PhysXCommon_64:PhysXCommon_64.dll
 0003:000001a8       __imp_cookHeightField      000000018000c1a8     PhysXCommon_64:PhysXCommon_64.dll
 0003:000001b0       __imp_createHeightField    000000018000c1b0     PhysXCommon_64:PhysXCommon_64.dll
 0003:000001b8       __imp_cookConvexMesh       000000018000c1b8     PhysXCommon_64:PhysXCommon_64.dll
 0003:000001c0       __imp_createConvexMesh     000000018000c1c0     PhysXCommon_64:PhysXCommon_64.dll
 0003:000001c8       __imp_validateConvexMesh   000000018000c1c8     PhysXCommon_64:PhysXCommon_64.dll
 0003:000001d0       __imp_computeHullPolygons  000000018000c1d0     PhysXCommon_64:PhysXCommon_64.dll
 0003:000001d8       __imp_validateTriangleMesh 000000018000c1d8     PhysXCommon_64:PhysXCommon_64.dll
 0003:000001e0       __imp_createTriangleMesh   000000018000c1e0     PhysXCommon_64:PhysXCommon_64.dll
 0003:000001e8       __imp_cookTriangleMesh     000000018000c1e8     PhysXCommon_64:PhysXCommon_64.dll
 0003:000001f0       __imp_cookTetrahedronMesh  000000018000c1f0     PhysXCommon_64:PhysXCommon_64.dll
 0003:000001f8       __imp_createTetrahedronMesh 000000018000c1f8     PhysXCommon_64:PhysXCommon_64.dll
 0003:00000200       __imp_cookSoftBodyMesh     000000018000c200     PhysXCommon_64:PhysXCommon_64.dll
 0003:00000208       __imp_createSoftBodyMesh   000000018000c208     PhysXCommon_64:PhysXCommon_64.dll
 0003:00000210       __imp_computeModelsMapping 000000018000c210     PhysXCommon_64:PhysXCommon_64.dll
 0003:00000218       __imp_computeCollisionData 000000018000c218     PhysXCommon_64:PhysXCommon_64.dll
 0003:00000220       __imp_computeSimulationData 000000018000c220     PhysXCommon_64:PhysXCommon_64.dll
 0003:00000228       __imp_assembleSoftBodyMesh 000000018000c228     PhysXCommon_64:PhysXCommon_64.dll
 0003:00000230       __imp_assembleSoftBodyMesh_Sim 000000018000c230     PhysXCommon_64:PhysXCommon_64.dll
 0003:00000238       __imp_?release@AABBTreeBounds@Gu@physx@@QEAAXXZ 000000018000c238     PhysXCommon_64:PhysXCommon_64.dll
 0003:00000240       __imp_??0BVH@Gu@physx@@QEAA@AEBUPxBVHInternalData@2@@Z 000000018000c240     PhysXCommon_64:PhysXCommon_64.dll
 0003:00000248       \177PhysXCommon_64_NULL_THUNK_DATA_DLA 000000018000c248     PhysXCommon_64:PhysXCommon_64.dll
 0003:00000250       __imp_PxGetBroadcastAllocator 000000018000c250     PhysXFoundation_64:PhysXFoundation_64.dll
 0003:00000258       __imp_?PxAssert@physx@@YAXPEBD0HAEA_N@Z 000000018000c258     PhysXFoundation_64:PhysXFoundation_64.dll
 0003:00000260       \177PhysXFoundation_64_NULL_THUNK_DATA_DLA 000000018000c260     PhysXFoundation_64:PhysXFoundation_64.dll
 0003:000002d0       ?_ignore@?2??grow@?$PxArray@USlab@NodeAllocator@Gu@physx@@V?$PxReflectionAllocator@USlab@NodeAllocator@Gu@physx@@@4@@physx@@IEAAXI@Z@4_NA 000000018000c2d0     Cooking.obj
 0003:000002d1       ?_ignore@?2??recreate@?$PxArray@USlab@NodeAllocator@Gu@physx@@V?$PxReflectionAllocator@USlab@NodeAllocator@Gu@physx@@@4@@physx@@IEAAXI@Z@4_NA 000000018000c2d1     Cooking.obj
 0003:000002e0       __hmod__PhysXCommon_64_dll 000000018000c2e0     PhysXCommon_64:PhysXCommon_64.dll
 0003:000002e8       __hmod__PhysXFoundation_64_dll 000000018000c2e8     PhysXFoundation_64:PhysXFoundation_64.dll
 0003:000002f0       ?DloadKernel32@@3PEAUHINSTANCE__@@EA 000000018000c2f0     Delayimp:delayhlp.obj
 0003:000002f8       ?DloadAcquireSRWLockExclusive@@3P6AXPEA_K@ZEA 000000018000c2f8     Delayimp:delayhlp.obj
 0003:00000300       ?DloadReleaseSRWLockExclusive@@3P6AXPEA_K@ZEA 000000018000c300     Delayimp:delayhlp.obj
 0003:00000308       ?DloadSrwLock@@3_KA        000000018000c308     Delayimp:delayhlp.obj
 0003:00000310       ?DloadSectionLockCount@@3KA 000000018000c310     Delayimp:delayhlp.obj
 0003:00000314       ?DloadSectionOldProtection@@3KA 000000018000c314     Delayimp:delayhlp.obj
 0003:00000318       ?DloadSectionCommitPermanent@@3KA 000000018000c318     Delayimp:delayhlp.obj
 0003:00000320       ?__type_info_root_node@@3U__type_info_node@@A 000000018000c320     MSVCRTD:tncleanup.obj
 0003:00000338       __castguard_check_failure_user_handled_fptr 000000018000c338     MSVCRTD:guard_support.obj
 0003:00000350       ?_OptionsStorage@?1??__local_stdio_printf_options@@9@4_KA 000000018000c350     MSVCRTD:default_local_stdio_options.obj
 0003:00000358       ?_OptionsStorage@?1??__local_stdio_scanf_options@@9@4_KA 000000018000c358     MSVCRTD:default_local_stdio_options.obj
 0003:00000360       __scrt_current_native_startup_state 000000018000c360     MSVCRTD:utility.obj
 0003:00000368       __scrt_native_startup_lock 000000018000c368     MSVCRTD:utility.obj
 0003:000003a8       __scrt_debugger_hook_flag  000000018000c3a8     MSVCRTD:utility_desktop.obj
 0003:000003ac       __avx10_version            000000018000c3ac     MSVCRTD:cpu_disp.obj
 0003:000003b0       __favor                    000000018000c3b0     MSVCRTD:cpu_disp.obj
 0003:00000940       __dyn_tls_init_callback    000000018000c940     <common>

 entry point at        0001:00003000

 Static symbols

 0000:ffff0000       .debug$S                   0000000180000000     PhysXCooking_64.exp
 0000:ffff0000       .debug$S                   0000000180000000     PhysXCommon_64:PhysXCommon_64.dll
 0000:ffff0000       .debug$S                   0000000180000000     PhysXCommon_64:PhysXCommon_64.dll
 0000:ffff0000       .debug$S                   0000000180000000     PhysXCommon_64:PhysXCommon_64.dll
 0000:ffff0000       .debug$S                   0000000180000000     PhysXCommon_64:PhysXCommon_64.dll
 0000:ffff0000       .debug$S                   0000000180000000     PhysXCommon_64:PhysXCommon_64.dll
 0000:ffff0000       .debug$S                   0000000180000000     PhysXCommon_64:PhysXCommon_64.dll
 0000:ffff0000       .debug$S                   0000000180000000     PhysXCommon_64:PhysXCommon_64.dll
 0000:ffff0000       .debug$S                   0000000180000000     PhysXCommon_64:PhysXCommon_64.dll
 0000:ffff0000       .debug$S                   0000000180000000     PhysXCommon_64:PhysXCommon_64.dll
 0000:ffff0000       .debug$S                   0000000180000000     PhysXCommon_64:PhysXCommon_64.dll
 0000:ffff0000       .debug$S                   0000000180000000     PhysXCommon_64:PhysXCommon_64.dll
 0000:ffff0000       .debug$S                   0000000180000000     PhysXCommon_64:PhysXCommon_64.dll
 0000:ffff0000       .debug$S                   0000000180000000     PhysXCommon_64:PhysXCommon_64.dll
 0000:ffff0000       .debug$S                   0000000180000000     PhysXCommon_64:PhysXCommon_64.dll
 0000:ffff0000       .debug$S                   0000000180000000     PhysXCommon_64:PhysXCommon_64.dll
 0000:ffff0000       .debug$S                   0000000180000000     PhysXCommon_64:PhysXCommon_64.dll
 0000:ffff0000       .debug$S                   0000000180000000     PhysXCommon_64:PhysXCommon_64.dll
 0000:ffff0000       .debug$S                   0000000180000000     PhysXCommon_64:PhysXCommon_64.dll
 0000:ffff0000       .debug$S                   0000000180000000     PhysXCommon_64:PhysXCommon_64.dll
 0000:ffff0000       .debug$S                   0000000180000000     PhysXCommon_64:PhysXCommon_64.dll
 0000:ffff0000       .debug$S                   0000000180000000     PhysXCommon_64:PhysXCommon_64.dll
 0000:ffff0000       .debug$S                   0000000180000000     PhysXCommon_64:PhysXCommon_64.dll
 0000:ffff0000       .debug$S                   0000000180000000     PhysXCommon_64:PhysXCommon_64.dll
 0000:ffff0000       .debug$S                   0000000180000000     PhysXCommon_64:PhysXCommon_64.dll
 0000:ffff0000       .debug$S                   0000000180000000     PhysXFoundation_64:PhysXFoundation_64.dll
 0000:ffff0000       .debug$S                   0000000180000000     PhysXFoundation_64:PhysXFoundation_64.dll
 0000:ffff0000       .debug$S                   0000000180000000     ucrtd:ucrtbased.dll
 0000:ffff0000       .debug$S                   0000000180000000     ucrtd:ucrtbased.dll
 0000:ffff0000       .debug$S                   0000000180000000     ucrtd:ucrtbased.dll
 0000:ffff0000       .debug$S                   0000000180000000     ucrtd:ucrtbased.dll
 0000:ffff0000       .debug$S                   0000000180000000     ucrtd:ucrtbased.dll
 0000:ffff0000       .debug$S                   0000000180000000     ucrtd:ucrtbased.dll
 0000:ffff0000       .debug$S                   0000000180000000     ucrtd:ucrtbased.dll
 0000:ffff0000       .debug$S                   0000000180000000     ucrtd:ucrtbased.dll
 0000:ffff0000       .debug$S                   0000000180000000     ucrtd:ucrtbased.dll
 0000:ffff0000       .debug$S                   0000000180000000     ucrtd:ucrtbased.dll
 0000:ffff0000       .debug$S                   0000000180000000     ucrtd:ucrtbased.dll
 0000:ffff0000       .debug$S                   0000000180000000     ucrtd:ucrtbased.dll
 0000:ffff0000       .debug$S                   0000000180000000     ucrtd:ucrtbased.dll
 0000:ffff0000       .debug$S                   0000000180000000     ucrtd:ucrtbased.dll
 0000:ffff0000       .debug$S                   0000000180000000     ucrtd:ucrtbased.dll
 0000:ffff0000       .debug$S                   0000000180000000     ucrtd:ucrtbased.dll
 0000:ffff0000       .debug$S                   0000000180000000     ucrtd:ucrtbased.dll
 0000:ffff0000       .debug$S                   0000000180000000     ucrtd:ucrtbased.dll
 0000:ffff0000       .debug$S                   0000000180000000     ucrtd:ucrtbased.dll
 0000:ffff0000       .debug$S                   0000000180000000     ucrtd:ucrtbased.dll
 0000:ffff0000       .debug$S                   0000000180000000     ucrtd:ucrtbased.dll
 0000:ffff0000       .debug$S                   0000000180000000     kernel32:KERNEL32.dll
 0000:ffff0000       .debug$S                   0000000180000000     kernel32:KERNEL32.dll
 0000:ffff0000       .debug$S                   0000000180000000     kernel32:KERNEL32.dll
 0000:ffff0000       .debug$S                   0000000180000000     kernel32:KERNEL32.dll
 0000:ffff0000       .debug$S                   0000000180000000     kernel32:KERNEL32.dll
 0000:ffff0000       .debug$S                   0000000180000000     kernel32:KERNEL32.dll
 0000:ffff0000       .debug$S                   0000000180000000     kernel32:KERNEL32.dll
 0000:ffff0000       .debug$S                   0000000180000000     kernel32:KERNEL32.dll
 0000:ffff0000       .debug$S                   0000000180000000     kernel32:KERNEL32.dll
 0000:ffff0000       .debug$S                   0000000180000000     kernel32:KERNEL32.dll
 0000:ffff0000       .debug$S                   0000000180000000     kernel32:KERNEL32.dll
 0000:ffff0000       .debug$S                   0000000180000000     kernel32:KERNEL32.dll
 0000:ffff0000       .debug$S                   0000000180000000     kernel32:KERNEL32.dll
 0000:ffff0000       .debug$S                   0000000180000000     kernel32:KERNEL32.dll
 0000:ffff0000       .debug$S                   0000000180000000     kernel32:KERNEL32.dll
 0000:ffff0000       .debug$S                   0000000180000000     kernel32:KERNEL32.dll
 0000:ffff0000       .debug$S                   0000000180000000     kernel32:KERNEL32.dll
 0000:ffff0000       .debug$S                   0000000180000000     kernel32:KERNEL32.dll
 0000:ffff0000       .debug$S                   0000000180000000     kernel32:KERNEL32.dll
 0000:ffff0000       .debug$S                   0000000180000000     kernel32:KERNEL32.dll
 0000:ffff0000       .debug$S                   0000000180000000     kernel32:KERNEL32.dll
 0000:ffff0000       .debug$S                   0000000180000000     kernel32:KERNEL32.dll
 0000:ffff0000       .debug$S                   0000000180000000     kernel32:KERNEL32.dll
 0000:ffff0000       .debug$S                   0000000180000000     kernel32:KERNEL32.dll
 0000:ffff0000       .debug$S                   0000000180000000     kernel32:KERNEL32.dll
 0000:ffff0000       .debug$S                   0000000180000000     kernel32:KERNEL32.dll
 0000:ffff0000       .debug$S                   0000000180000000     kernel32:KERNEL32.dll
 0000:ffff0000       .debug$S                   0000000180000000     kernel32:KERNEL32.dll
 0000:ffff0000       .debug$S                   0000000180000000     kernel32:KERNEL32.dll
 0000:ffff0000       .debug$S                   0000000180000000     kernel32:KERNEL32.dll
 0000:ffff0000       .debug$S                   0000000180000000     kernel32:KERNEL32.dll
 0000:00000000       _volmd                     0000000180000000     Delayimp:delayhlp.obj
 0000:00000000       _volmd                     0000000180000000     Delayimp:delayhlp.obj
 0000:00000000       _volmd                     0000000180000000     Delayimp:delayhlp.obj
 0000:00000000       _volmd                     0000000180000000     Delayimp:delayhlp.obj
 0000:00000000       _volmd                     0000000180000000     Delayimp:delayhlp.obj
 0000:00000000       _volmd                     0000000180000000     Delayimp:delayhlp.obj
 0000:00000000       _volmd                     0000000180000000     Delayimp:delayhlp.obj
 0000:00000000       _volmd                     0000000180000000     Delayimp:delayhlp.obj
 0000:00000000       _volmd                     0000000180000000     Delayimp:delayhlp.obj
 0000:00000000       _volmd                     0000000180000000     Delayimp:delayhlp.obj
 0000:00000000       _volmd                     0000000180000000     Delayimp:delayhlp.obj
 0000:00000000       _volmd                     0000000180000000     MSVCRTD:cpu_disp.obj
 0002:ffff8000       __guard_ehcont_?dllmain_dispatch@@YAHQEAUHINSTANCE__@@KQEAX@Z 0000000180000000     MSVCRTD:dll_dllmain.obj
 0002:ffff8000       __guard_fids_?dllmain_dispatch@@YAHQEAUHINSTANCE__@@KQEAX@Z 0000000180000000     MSVCRTD:dll_dllmain.obj
 0002:ffff8000       __guard_ehcont_?notify_debugger@@YAXAEBUtagEXCEPTION_VISUALCPP_DEBUG_INFO@@@Z 0000000180000000     MSVCRTD:error.obj
 0000:00000000       _volmd                     0000000180000000     MSVCRTD:gs_report.obj
 0000:00000000       _volmd                     0000000180000000     MSVCRTD:gs_report.obj
 0000:00000000       _volmd                     0000000180000000     MSVCRTD:gs_report.obj
 0002:ffff8000       __guard_fids__             0000000180000000     MSVCRTD:guard_support.obj
 0002:ffff8000       __guard_fids__             0000000180000000     MSVCRTD:guard_support.obj
 0002:ffff8000       __guard_fids__guard_icall_checks_enforced 0000000180000000     MSVCRTD:guard_support.obj
 0000:00000000       _volmd                     0000000180000000     MSVCRTD:guard_support.obj
 0000:00000000       _volmd                     0000000180000000     MSVCRTD:guard_support.obj
 0002:ffff8000       __guard_fids__CRT_RTC_INIT 0000000180000000     MSVCRTD:init.obj
 0002:ffff8000       __guard_fids__CRT_RTC_INITW 0000000180000000     MSVCRTD:init.obj
 0002:ffff8000       __guard_fids__             0000000180000000     MSVCRTD:std_type_info_static.obj
 0002:ffff8000       __guard_ehcont___scrt_is_nonwritable_in_current_image 0000000180000000     MSVCRTD:utility.obj
 0000:00000000       _volmd                     0000000180000000     MSVCRTD:utility.obj
 0000:00000000       _volmd                     0000000180000000     MSVCRTD:utility.obj
 0000:00000000       _volmd                     0000000180000000     MSVCRTD:utility.obj
 0002:ffff8000       __guard_fids___scrt_set_unhandled_exception_filter 0000000180000000     MSVCRTD:utility_desktop.obj
 0000:00000000       _volmd                     0000000180000000     MSVCRTD:utility_desktop.obj
 0002:ffff8000       __guard_fids__             0000000180000000     vcruntimed:softmemtag.obj
 0000:ffff0000       .debug$S                   0000000180000000     vcruntimed:VCRUNTIME140D.dll
 0000:ffff0000       .debug$S                   0000000180000000     vcruntimed:VCRUNTIME140D.dll
 0000:ffff0000       .debug$S                   0000000180000000     vcruntimed:VCRUNTIME140D.dll
 0000:ffff0000       .debug$S                   0000000180000000     vcruntimed:VCRUNTIME140D.dll
 0000:ffff0000       .debug$S                   0000000180000000     vcruntimed:VCRUNTIME140D.dll
 0000:ffff0000       .debug$S                   0000000180000000     vcruntimed:VCRUNTIME140D.dll
 0000:ffff0000       .debug$S                   0000000180000000     vcruntimed:VCRUNTIME140D.dll
 0000:ffff0000       .debug$S                   0000000180000000     vcruntimed:VCRUNTIME140D.dll
 0000:ffff0000       .debug$S                   0000000180000000     vcruntimed:VCRUNTIME140D.dll
 0000:ffff0000       .debug$S                   0000000180000000     vcruntimed:VCRUNTIME140D.dll
 0000:ffff0000       .debug$S                   0000000180000000     vcruntimed:VCRUNTIME140D.dll
 0000:ffff0000       .debug$S                   0000000180000000     vcruntimed:VCRUNTIME140D.dll
 0000:ffff0000       .debug$S                   0000000180000000     vcruntimed:VCRUNTIME140D.dll
 0001:00000000       ??__EmaxFError@vecMathTests@aos@physx@@YAXXZ 0000000180001000 f   Cooking.obj
[...]
 0002:00001a10       $unwind$?DloadLock@@YAXXZ  0000000180009a10     Delayimp:delayhlp.obj
 0002:00001a18       $unwind$?DloadUnlock@@YAXXZ 0000000180009a18     Delayimp:delayhlp.obj
 0002:00001a20       $unwind$?DloadObtainSection@@YAPEAXPEAK0@Z 0000000180009a20     Delayimp:delayhlp.obj
 0002:00001a30       $unwind$?DloadMakePermanentImageCommit@@YAXPEAX_K@Z 0000000180009a30     Delayimp:delayhlp.obj
 0002:00001a3c       $unwind$?DloadProtectSection@@YAXKPEAK@Z 0000000180009a3c     Delayimp:delayhlp.obj
 0002:00001a4c       $unwind$?DloadAcquireSectionWriteAccess@@YAXXZ 0000000180009a4c     Delayimp:delayhlp.obj
 0002:00001a54       $unwind$?DloadReleaseSectionWriteAccess@@YAXXZ 0000000180009a54     Delayimp:delayhlp.obj
 0002:00001a5c       $unwind$?PiddFromDllName@@YAPEBUImgDelayDescr@@PEBD@Z 0000000180009a5c     Delayimp:delayhlp.obj
 0002:00001a64       $unwind$__delayLoadHelper2 0000000180009a64     Delayimp:delayhlp.obj
 0002:00001a80       $unwind$??3@YAXPEAX@Z      0000000180009a80     MSVCRTD:delete_scalar.obj
 0002:00001a88       $unwind$??3@YAXPEAX_K@Z    0000000180009a88     MSVCRTD:delete_scalar_size.obj
 0002:00001a90       $unwind$??_V@YAXPEAX@Z     0000000180009a90     MSVCRTD:delete_array.obj
 0002:00001a98       $unwind$??_V@YAXPEAX_K@Z   0000000180009a98     MSVCRTD:delete_array_size.obj
 0002:00001aa0       $unwind$_RTC_Shutdown      0000000180009aa0     MSVCRTD:init.obj
 0002:00001aa8       $unwind$_RTC_InitBase      0000000180009aa8     MSVCRTD:init.obj
 0002:00001ab0       $unwind$??_Gtype_info@@UEAAPEAXI@Z 0000000180009ab0     MSVCRTD:std_type_info_static.obj
 0002:00001ab8       $unwind$?__scrt_initialize_type_info@@YAXXZ 0000000180009ab8     MSVCRTD:tncleanup.obj
 0002:00001ac0       $unwind$?__scrt_uninitialize_type_info@@YAXXZ 0000000180009ac0     MSVCRTD:tncleanup.obj
 0002:00001ac8       $unwind$?dllmain_crt_process_attach@@YAHQEAUHINSTANCE__@@QEAX@Z 0000000180009ac8     MSVCRTD:dll_dllmain.obj
 0002:00001ae8       $unwind$?fin$0@?0??dllmain_crt_process_attach@@YAHQEAUHINSTANCE__@@QEAX@Z@4HA 0000000180009ae8     MSVCRTD:dll_dllmain.obj
 0002:00001af0       $unwind$?dllmain_crt_process_detach@@YAH_N@Z 0000000180009af0     MSVCRTD:dll_dllmain.obj
 0002:00001b20       $unwind$?fin$0@?0??dllmain_crt_process_detach@@YAH_N@Z@4HA 0000000180009b20     MSVCRTD:dll_dllmain.obj
 0002:00001b28       $unwind$?fin$1@?0??dllmain_crt_process_detach@@YAH_N@Z@4HA 0000000180009b28     MSVCRTD:dll_dllmain.obj
 0002:00001b30       $unwind$?dllmain_crt_dispatch@@YAHQEAUHINSTANCE__@@KQEAX@Z 0000000180009b30     MSVCRTD:dll_dllmain.obj
 0002:00001b38       $unwind$_CRT_INIT          0000000180009b38     MSVCRTD:dll_dllmain.obj
 0002:00001b40       $unwind$?dllmain_raw@@YAHQEAUHINSTANCE__@@KQEAX@Z 0000000180009b40     MSVCRTD:dll_dllmain.obj
 0002:00001b48       $unwind$?dllmain_dispatch@@YAHQEAUHINSTANCE__@@KQEAX@Z 0000000180009b48     MSVCRTD:dll_dllmain.obj
 0002:00001b68       $unwind$?filt$0@?0??dllmain_dispatch@@YAHQEAUHINSTANCE__@@KQEAX@Z@4HA 0000000180009b68     MSVCRTD:dll_dllmain.obj
 0002:00001b70       $unwind$_DllMainCRTStartup 0000000180009b70     MSVCRTD:dll_dllmain.obj
 0002:00001b78       $unwind$ReadNoFence64      0000000180009b78     MSVCRTD:guard_support.obj
 0002:00001b80       $unwind$ReadPointerNoFence 0000000180009b80     MSVCRTD:guard_support.obj
 0002:00001b88       $unwind$__castguard_set_user_handler 0000000180009b88     MSVCRTD:guard_support.obj
 0002:00001b90       $unwind$_guard_icall_checks_enforced 0000000180009b90     MSVCRTD:guard_support.obj
 0002:00001b98       $unwind$__castguard_compat_check 0000000180009b98     MSVCRTD:guard_support.obj
 0002:00001ba0       $unwind$__castguard_check_failure_os_handled_wrapper 0000000180009ba0     MSVCRTD:guard_support.obj
 0002:00001ba8       $unwind$__castguard_check_failure_user_handled_wrapper 0000000180009ba8     MSVCRTD:guard_support.obj
 0002:00001bb0       $unwind$__castguard_check_failure_debugbreak 0000000180009bb0     MSVCRTD:guard_support.obj
 0002:00001bb8       $unwind$__castguard_check_failure_fastfail 0000000180009bb8     MSVCRTD:guard_support.obj
 0002:00001bc0       $unwind$__castguard_check_failure_os_handled 0000000180009bc0     MSVCRTD:guard_support.obj
 0002:00001bc8       $unwind$__castguard_check_failure_user_handled 0000000180009bc8     MSVCRTD:guard_support.obj
 0002:00001bd0       $unwind$__castguard_slow_path_compat_check 0000000180009bd0     MSVCRTD:guard_support.obj
 0002:00001bd8       $unwind$__castguard_slow_path_check_debugbreak 0000000180009bd8     MSVCRTD:guard_support.obj
 0002:00001be0       $unwind$__castguard_slow_path_check_fastfail 0000000180009be0     MSVCRTD:guard_support.obj
 0002:00001be8       $unwind$__castguard_slow_path_check_os_handled 0000000180009be8     MSVCRTD:guard_support.obj
 0002:00001bf0       $unwind$__castguard_slow_path_check_user_handled 0000000180009bf0     MSVCRTD:guard_support.obj
 0002:00001bf8       $unwind$__security_init_cookie 0000000180009bf8     MSVCRTD:gs_support.obj
 0002:00001c00       $unwind$__get_entropy      0000000180009c00     MSVCRTD:gs_support.obj
 0002:00001c08       $unwind$DllMain            0000000180009c08     MSVCRTD:dll_dllmain_stub.obj
 0002:00001c10       $unwind$__scrt_initialize_default_local_stdio_options 0000000180009c10     MSVCRTD:default_local_stdio_options.obj
 0002:00001c18       $unwind$atexit             0000000180009c18     MSVCRTD:utility.obj
 0002:00001c20       $unwind$_onexit            0000000180009c20     MSVCRTD:utility.obj
 0002:00001c28       $unwind$at_quick_exit      0000000180009c28     MSVCRTD:utility.obj
 0002:00001c30       $unwind$__scrt_is_nonwritable_in_current_image 0000000180009c30     MSVCRTD:utility.obj
 0002:00001c50       $unwind$__scrt_is_nonwritable_in_current_image$filt$0 0000000180009c50     MSVCRTD:utility.obj
 0002:00001c58       $unwind$__scrt_acquire_startup_lock 0000000180009c58     MSVCRTD:utility.obj
 0002:00001c60       $unwind$__scrt_release_startup_lock 0000000180009c60     MSVCRTD:utility.obj
 0002:00001c68       $unwind$__scrt_initialize_crt 0000000180009c68     MSVCRTD:utility.obj
 0002:00001c70       $unwind$__scrt_uninitialize_crt 0000000180009c70     MSVCRTD:utility.obj
 0002:00001c78       $unwind$__scrt_initialize_onexit_tables 0000000180009c78     MSVCRTD:utility.obj
 0002:00001c84       $unwind$__scrt_dllmain_exception_filter 0000000180009c84     MSVCRTD:utility.obj
 0002:00001c8c       $unwind$__scrt_dllmain_before_initialize_c 0000000180009c8c     MSVCRTD:utility.obj
 0002:00001c94       $unwind$__scrt_dllmain_after_initialize_c 0000000180009c94     MSVCRTD:utility.obj
 0002:00001c9c       $unwind$__scrt_dllmain_uninitialize_c 0000000180009c9c     MSVCRTD:utility.obj
 0002:00001ca4       $unwind$__scrt_dllmain_uninitialize_critical 0000000180009ca4     MSVCRTD:utility.obj
 0002:00001cac       $unwind$__scrt_dllmain_crt_thread_attach 0000000180009cac     MSVCRTD:utility.obj
 0002:00001cb4       $unwind$__scrt_dllmain_crt_thread_detach 0000000180009cb4     MSVCRTD:utility.obj
 0002:00001cbc       $unwind$?configure_argv@__scrt_narrow_argv_policy@@SAHXZ 0000000180009cbc     MSVCRTD:utility.obj
 0002:00001cc4       $unwind$?initialize_environment@__scrt_narrow_environment_policy@@SAHXZ 0000000180009cc4     MSVCRTD:utility.obj
 0002:00001ccc       $unwind$?is_potentially_valid_image_base@@YA_NQEAX@Z 0000000180009ccc     MSVCRTD:utility.obj
 0002:00001cd4       $unwind$?find_pe_section@@YAPEAU_IMAGE_SECTION_HEADER@@QEAE_K@Z 0000000180009cd4     MSVCRTD:utility.obj
 0002:00001cdc       $unwind$__scrt_get_show_window_mode 0000000180009cdc     MSVCRTD:utility_desktop.obj
 0002:00001ce8       $unwind$__scrt_is_managed_app 0000000180009ce8     MSVCRTD:utility_desktop.obj
 0002:00001cf0       $unwind$__scrt_initialize_mta 0000000180009cf0     MSVCRTD:utility_desktop.obj
 0002:00001cf8       $unwind$__scrt_set_unhandled_exception_filter 0000000180009cf8     MSVCRTD:utility_desktop.obj
 0002:00001d00       $unwind$__scrt_fastfail    0000000180009d00     MSVCRTD:utility_desktop.obj
 0002:00001d0c       $unwind$__scrt_unhandled_exception_filter 0000000180009d0c     MSVCRTD:utility_desktop.obj
 0002:00001d14       $unwind$_RTC_Initialize    0000000180009d14     MSVCRTD:initsect.obj
 0002:00001d20       $unwind$_RTC_Terminate     0000000180009d20     MSVCRTD:initsect.obj
 0002:00001d30       $xdatasym                  0000000180009d30     MSVCRTD:guard_dispatch.obj
 0002:00001d38       $xdatasym                  0000000180009d38     MSVCRTD:guard_xfg_dispatch.obj
 0002:00001d3c       $unwind$_RTC_UninitUse     0000000180009d3c     MSVCRTD:error.obj
 0002:00001d54       $unwind$?_RTC_StackFailure@@YAXPEAXPEBD@Z 0000000180009d54     MSVCRTD:error.obj
 0002:00001d70       $unwind$?_RTC_AllocaFailure@@YAXPEAXPEAU_RTC_ALLOCA_NODE@@H@Z 0000000180009d70     MSVCRTD:error.obj
 0002:00001d88       $chain$0$?_RTC_AllocaFailure@@YAXPEAXPEAU_RTC_ALLOCA_NODE@@H@Z 0000000180009d88     MSVCRTD:error.obj
 0002:00001d9c       $chain$1$?_RTC_AllocaFailure@@YAXPEAXPEAU_RTC_ALLOCA_NODE@@H@Z 0000000180009d9c     MSVCRTD:error.obj
 0002:00001dac       $unwind$_vsprintf_s_l      0000000180009dac     MSVCRTD:error.obj
 0002:00001dc0       $unwind$sprintf_s          0000000180009dc0     MSVCRTD:error.obj
 0002:00001dc8       $unwind$?notify_debugger@@YAXAEBUtagEXCEPTION_VISUALCPP_DEBUG_INFO@@@Z 0000000180009dc8     MSVCRTD:error.obj
 0002:00001de8       $unwind$?filt$0@?0??notify_debugger@@YAXAEBUtagEXCEPTION_VISUALCPP_DEBUG_INFO@@@Z@4HA 0000000180009de8     MSVCRTD:error.obj
 0002:00001df0       $unwind$?DebuggerProbe@@YA_NK@Z 0000000180009df0     MSVCRTD:error.obj
 0002:00001df8       $unwind$?DebuggerRuntime@@YA_NKHPEAXPEB_W@Z 0000000180009df8     MSVCRTD:error.obj
 0002:00001e00       $unwind$?failwithmessage@@YAXPEAXHHPEBD@Z 0000000180009e00     MSVCRTD:error.obj
 0002:00001e24       $unwind$?_getMemBlockDataString@@YAXPEAD0PEBD_K@Z 0000000180009e24     MSVCRTD:error.obj
 0002:00001e34       $chain$3$?_getMemBlockDataString@@YAXPEAD0PEBD_K@Z 0000000180009e34     MSVCRTD:error.obj
 0002:00001e54       $chain$4$?_getMemBlockDataString@@YAXPEAD0PEBD_K@Z 0000000180009e54     MSVCRTD:error.obj
 0002:00001e64       $unwind$__isa_available_init 0000000180009e64     MSVCRTD:cpu_disp.obj
 0002:00001e74       $unwind$__scrt_is_ucrt_dll_in_use 0000000180009e74     MSVCRTD:ucrt_detection.obj
 0002:00001e7c       $unwind$?_RTC_GetSrcLine@@YAHPEAEPEA_WKPEAH1K@Z 0000000180009e7c     MSVCRTD:pdblkup.obj
 0002:00001e94       $unwind$?GetPdbDllFromInstallPath@@YAPEAUHINSTANCE__@@XZ 0000000180009e94     MSVCRTD:pdblkup.obj
 0002:00001eb8       $unwind$?GetPdbDllPathFromFilePath@@YAHPEB_WPEA_W_K@Z 0000000180009eb8     MSVCRTD:pdblkup.obj
 0002:00001ed0       $unwind$?GetPdbDll@@YAPEAUHINSTANCE__@@XZ 0000000180009ed0     MSVCRTD:pdblkup.obj
 0002:00001ee0       $unwind$__GSHandlerCheckCommon 0000000180009ee0     MSVCRTD:gshandler.obj
 0002:00001ee8       $unwind$__GSHandlerCheck   0000000180009ee8     MSVCRTD:gshandler.obj
 0002:00001ef0       $xdatasym                  0000000180009ef0     MSVCRTD:amdsecgs.obj
 0002:00001ef4       $unwind$__report_securityfailure 0000000180009ef4     MSVCRTD:gs_report.obj
 0002:00001efc       $unwind$__report_securityfailureEx 0000000180009efc     MSVCRTD:gs_report.obj
 0002:00001f04       $unwind$__report_rangecheckfailure 0000000180009f04     MSVCRTD:gs_report.obj
 0002:00001f0c       $unwind$__report_gsfailure 0000000180009f0c     MSVCRTD:gs_report.obj
 0002:00001f14       $unwind$capture_current_context 0000000180009f14     MSVCRTD:gs_report.obj
 0002:00001f1c       $unwind$capture_previous_context 0000000180009f1c     MSVCRTD:gs_report.obj
 0002:00001f24       $unwind$__raise_securityfailure 0000000180009f24     MSVCRTD:gs_report.obj
 0002:00002510       .edata                     000000018000a510     PhysXCooking_64.exp
 0002:00002538       rgpv                       000000018000a538     PhysXCooking_64.exp
 0002:00002620       rgszName                   000000018000a620     PhysXCooking_64.exp
 0002:00002708       rgwOrd                     000000018000a708     PhysXCooking_64.exp
 0002:0000277c       szName                     000000018000a77c     PhysXCooking_64.exp
 0002:00002790       $N00001                    000000018000a790     PhysXCooking_64.exp
 0002:000027b4       $N00002                    000000018000a7b4     PhysXCooking_64.exp
 0002:000027e3       $N00003                    000000018000a7e3     PhysXCooking_64.exp
 0002:0000280a       $N00004                    000000018000a80a     PhysXCooking_64.exp
 0002:00002861       $N00005                    000000018000a861     PhysXCooking_64.exp
 0002:0000288c       $N00006                    000000018000a88c     PhysXCooking_64.exp
 0002:000028b2       $N00007                    000000018000a8b2     PhysXCooking_64.exp
 0002:000028d1       $N00008                    000000018000a8d1     PhysXCooking_64.exp
 0002:000028f5       $N00009                    000000018000a8f5     PhysXCooking_64.exp
 0002:0000291c       $N00010                    000000018000a91c     PhysXCooking_64.exp
 0002:00002945       $N00011                    000000018000a945     PhysXCooking_64.exp
 0002:00002964       $N00012                    000000018000a964     PhysXCooking_64.exp
 0002:00002997       $N00013                    000000018000a997     PhysXCooking_64.exp
 0002:000029cd       $N00014                    000000018000a9cd     PhysXCooking_64.exp
 0002:00002a05       $N00015                    000000018000aa05     PhysXCooking_64.exp
 0002:00002a37       $N00016                    000000018000aa37     PhysXCooking_64.exp
 0002:00002a63       $N00017                    000000018000aa63     PhysXCooking_64.exp
 0002:00002a7f       $N00018                    000000018000aa7f     PhysXCooking_64.exp
 0002:00002aa9       $N00019                    000000018000aaa9     PhysXCooking_64.exp
 0002:00002ae5       $N00020                    000000018000aae5     PhysXCooking_64.exp
 0002:00002b20       $N00021                    000000018000ab20     PhysXCooking_64.exp
 0002:00002b5b       $N00022                    000000018000ab5b     PhysXCooking_64.exp
 0002:00002b90       $N00023                    000000018000ab90     PhysXCooking_64.exp
 0002:00002bcc       $N00024                    000000018000abcc     PhysXCooking_64.exp
 0002:00002bff       $N00025                    000000018000abff     PhysXCooking_64.exp
 0002:00002c32       $N00026                    000000018000ac32     PhysXCooking_64.exp
 0002:00002c6c       $N00027                    000000018000ac6c     PhysXCooking_64.exp
 0002:00002ca6       $N00028                    000000018000aca6     PhysXCooking_64.exp
 0002:00002cd3       $N00029                    000000018000acd3     PhysXCooking_64.exp
 0002:00002d06       $N00030                    000000018000ad06     PhysXCooking_64.exp
 0002:00002d34       $N00031                    000000018000ad34     PhysXCooking_64.exp
 0002:00002d61       $N00032                    000000018000ad61     PhysXCooking_64.exp
 0002:00002d9d       $N00033                    000000018000ad9d     PhysXCooking_64.exp
 0002:00002dda       $N00034                    000000018000adda     PhysXCooking_64.exp
 0002:00002e0a       $N00035                    000000018000ae0a     PhysXCooking_64.exp
 0002:00002e21       $N00036                    000000018000ae21     PhysXCooking_64.exp
 0002:00002e3c       $N00037                    000000018000ae3c     PhysXCooking_64.exp
 0002:00002e53       $N00038                    000000018000ae53     PhysXCooking_64.exp
 0002:00002e69       $N00039                    000000018000ae69     PhysXCooking_64.exp
 0002:00002e80       $N00040                    000000018000ae80     PhysXCooking_64.exp
 0002:00002e98       $N00041                    000000018000ae98     PhysXCooking_64.exp
 0002:00002ea2       $N00042                    000000018000aea2     PhysXCooking_64.exp
 0002:00002eb3       $N00043                    000000018000aeb3     PhysXCooking_64.exp
 0002:00002ec5       $N00044                    000000018000aec5     PhysXCooking_64.exp
 0002:00002ed8       $N00045                    000000018000aed8     PhysXCooking_64.exp
 0002:00002eee       $N00046                    000000018000aeee     PhysXCooking_64.exp
 0002:00002f01       $N00047                    000000018000af01     PhysXCooking_64.exp
 0002:00002f0d       $N00048                    000000018000af0d     PhysXCooking_64.exp
 0002:00002f21       $N00049                    000000018000af21     PhysXCooking_64.exp
 0002:00002f34       $N00050                    000000018000af34     PhysXCooking_64.exp
 0002:00002f48       $N00051                    000000018000af48     PhysXCooking_64.exp
 0002:00002f5d       $N00052                    000000018000af5d     PhysXCooking_64.exp
 0002:00002f75       $N00053                    000000018000af75     PhysXCooking_64.exp
 0002:00002f8a       $N00054                    000000018000af8a     PhysXCooking_64.exp
 0002:00002fa7       $N00055                    000000018000afa7     PhysXCooking_64.exp
 0002:00002fc8       $N00056                    000000018000afc8     PhysXCooking_64.exp
 0002:00002fe7       $N00057                    000000018000afe7     PhysXCooking_64.exp
 0002:00002ffc       $N00058                    000000018000affc     PhysXCooking_64.exp
 0002:00003298       .idata$6                   000000018000b298     kernel32:KERNEL32.dll
 0002:000033b8       .idata$6                   000000018000b3b8     vcruntimed:VCRUNTIME140D.dll
 0002:00003554       .idata$6                   000000018000b554     ucrtd:ucrtbased.dll
 0003:00000270       ?maxV3Error@vecMathTests@aos@physx@@3T__m128@@B 000000018000c270     Cooking.obj
 0003:00000280       ?minFError@vecMathTests@aos@physx@@3T__m128@@B 000000018000c280     Cooking.obj
 0003:00000290       ?maxV4Error@vecMathTests@aos@physx@@3T__m128@@B 000000018000c290     Cooking.obj
 0003:000002a0       ?minV4Error@vecMathTests@aos@physx@@3T__m128@@B 000000018000c2a0     Cooking.obj
 0003:000002b0       ?minV3Error@vecMathTests@aos@physx@@3T__m128@@B 000000018000c2b0     Cooking.obj
 0003:000002c0       ?maxFError@vecMathTests@aos@physx@@3T__m128@@B 000000018000c2c0     Cooking.obj
 0003:000002d8       ?gCookingDelayLoadHook@@3PEBVPxDelayLoadHook@physx@@EB 000000018000c2d8     WindowsCookingDelayLoadHook.obj
 0003:0000031c       ?init@?1??_RTC_InitBase@@9@4_NA 000000018000c31c     MSVCRTD:init.obj
 0003:00000330       ?__proc_attached@@3HA      000000018000c330     MSVCRTD:dll_dllmain.obj
 0003:00000340       ?_RTC_ErrorReportFunc@@3P6AHHPEBDH00ZZEA 000000018000c340     MSVCRTD:userapi.obj
 0003:00000348       ?_RTC_ErrorReportFuncW@@3P6AHHPEB_WH00ZZEA 000000018000c348     MSVCRTD:userapi.obj
 0003:00000370       ?is_initialized_as_dll@@3_NA 000000018000c370     MSVCRTD:utility.obj
 0003:00000371       ?module_local_atexit_table_initialized@@3_NA 000000018000c371     MSVCRTD:utility.obj
 0003:00000378       ?module_local_atexit_table@@3U_onexit_table_t@@A 000000018000c378     MSVCRTD:utility.obj
 0003:00000390       ?module_local_at_quick_exit_table@@3U_onexit_table_t@@A 000000018000c390     MSVCRTD:utility.obj
 0003:000003b8       ?mspdb@@3PEAUHINSTANCE__@@EA 000000018000c3b8     MSVCRTD:pdblkup.obj
 0003:000003c0       ?alreadyTried@?1??GetPdbDll@@YAPEAUHINSTANCE__@@XZ@4_NA 000000018000c3c0     MSVCRTD:pdblkup.obj
 0003:000003c1       ?PDBOK@?1??_RTC_GetSrcLine@@YAHPEAEPEA_WKPEAH1K@Z@4_NA 000000018000c3c1     MSVCRTD:pdblkup.obj
 0003:000003d0       GS_ExceptionRecord         000000018000c3d0     MSVCRTD:gs_report.obj
 0003:00000470       GS_ContextRecord           000000018000c470     MSVCRTD:gs_report.obj
 0005:000000a0       $R000000                   000000018000e0a0     PhysXCooking.res
 0005:000003d0       $R000330                   000000018000e3d0     PhysXCooking.res
