 PhysXCooking_64

 Timestamp is 66b3c3b7 (Wed Aug  7 14:57:59 2024)

 Preferred load address is 0000000180000000

 Start         Length     Name                   Class
 0001:00000000 00000060H .text$di                CODE
 0001:00000060 00001f10H .text$mn                CODE
 0001:00001f70 00000036H .text$mn$00             CODE
 0001:00001fa6 00000092H .text$x                 CODE
 0002:00000000 00000158H .idata$5                DATA
 0002:00000158 00000038H .00cfg                  DATA
 0002:00000190 00000008H .CRT$XCA                DATA
 0002:00000198 00000030H .CRT$XCU                DATA
 0002:000001c8 00000008H .CRT$XCZ                DATA
 0002:000001d0 00000008H .CRT$XIA                DATA
 0002:000001d8 00000008H .CRT$XIZ                DATA
 0002:000001e0 00000008H .CRT$XPA                DATA
 0002:000001e8 00000008H .CRT$XPZ                DATA
 0002:000001f0 00000008H .CRT$XTA                DATA
 0002:000001f8 00000008H .CRT$XTZ                DATA
 0002:00000200 00000000H .gehcont$y              DATA
 0002:00000200 00000000H .gfids$y                DATA
 0002:00000200 00000480H .rdata                  DATA
 0002:00000680 00000000H .rdata$CastGuardVftablesA DATA
 0002:00000680 00000000H .rdata$CastGuardVftablesC DATA
 0002:00000680 00000074H .rdata$r                DATA
 0002:000006f4 00000088H .rdata$voltmd           DATA
 0002:0000077c 000003bcH .rdata$zzzdbg           DATA
 0002:00000b38 00000008H .rtc$IAA                DATA
 0002:00000b40 00000008H .rtc$IZZ                DATA
 0002:00000b48 00000008H .rtc$TAA                DATA
 0002:00000b50 00000008H .rtc$TZZ                DATA
 0002:00000b58 000002e0H .xdata                  DATA
 0002:00000e38 00000040H .didat$2                DATA
 0002:00000e78 00000020H .didat$3                DATA
 0002:00000e98 000000d8H .didat$4                DATA
 0002:00000f70 00000280H .didat$6                DATA
 0002:000011f0 000001f0H .didat$7                DATA
 0002:000013e0 00000b04H .edata                  DATA
 0002:00001ee4 00000050H .idata$2                DATA
 0002:00001f34 00000014H .idata$3                DATA
 0002:00001f48 00000158H .idata$4                DATA
 0002:000020a0 00000372H .idata$6                DATA
 0003:00000000 000000b8H .data                   DATA
 0003:000000b8 00000090H .data$r                 DATA
 0003:00000148 00000020H .data$rs                DATA
 0003:00000168 000000d8H .didat$5                DATA
 0003:00000240 00000138H .bss                    DATA
 0004:00000000 0000030cH .pdata                  DATA
 0005:00000000 000000a0H .rsrc$01                DATA
 0005:000000a0 000004b0H .rsrc$02                DATA

  Address         Publics by Value              Rva+Base               Lib:Object

 0000:00000000       __AbsoluteZero             0000000000000000     <absolute>
 0000:00000000       ___safe_se_handler_count   0000000000000000     <absolute>
 0000:00000000       ___safe_se_handler_table   0000000000000000     <absolute>
 0000:00000000       __arm64x_extra_rfe_table   0000000000000000     <absolute>
 0000:00000000       __arm64x_extra_rfe_table_size 0000000000000000     <absolute>
 0000:00000000       __arm64x_native_entrypoint 0000000000000000     <absolute>
 0000:00000000       __arm64x_redirection_metadata 0000000000000000     <absolute>
 0000:00000000       __arm64x_redirection_metadata_count 0000000000000000     <absolute>
 0000:00000000       __dynamic_value_reloc_table 0000000000000000     <absolute>
 0000:00000000       __enclave_config           0000000000000000     <absolute>
 0000:00000000       __guard_check_icall_a64n_fptr 0000000000000000     <absolute>
 0000:00000000       __guard_eh_cont_count      0000000000000000     <absolute>
 0000:00000000       __guard_eh_cont_table      0000000000000000     <absolute>
 0000:00000000       __guard_fids_count         0000000000000000     <absolute>
 0000:00000000       __guard_fids_table         0000000000000000     <absolute>
 0000:00000000       __guard_iat_count          0000000000000000     <absolute>
 0000:00000000       __guard_iat_table          0000000000000000     <absolute>
 0000:00000000       __guard_longjmp_count      0000000000000000     <absolute>
 0000:00000000       __guard_longjmp_table      0000000000000000     <absolute>
 0000:00000000       __hybrid_auxiliary_delayload_iat 0000000000000000     <absolute>
 0000:00000000       __hybrid_auxiliary_delayload_iat_copy 0000000000000000     <absolute>
 0000:00000000       __hybrid_auxiliary_iat     0000000000000000     <absolute>
 0000:00000000       __hybrid_auxiliary_iat_copy 0000000000000000     <absolute>
 0000:00000000       __hybrid_code_map          0000000000000000     <absolute>
 0000:00000000       __hybrid_code_map_count    0000000000000000     <absolute>
 0000:00000000       __hybrid_image_info_bitfield 0000000000000000     <absolute>
 0000:00000000       __x64_code_ranges_to_entry_points 0000000000000000     <absolute>
 0000:00000000       __x64_code_ranges_to_entry_points_count 0000000000000000     <absolute>
 0000:00000100       __guard_flags              0000000000000100     <absolute>
 0000:00000000       __ImageBase                0000000180000000     <linker-defined>
 0001:00000060       ??$copy@V?$PxReflectionAllocator@USlab@NodeAllocator@Gu@physx@@@physx@@@?$PxArray@USlab@NodeAllocator@Gu@physx@@V?$PxReflectionAllocator@USlab@NodeAllocator@Gu@physx@@@4@@physx@@IEAAXAEBV01@@Z 0000000180001060 f i Cooking.obj
 0001:000000e0       ??0AABBTreeBounds@Gu@physx@@QEAA@XZ 00000001800010e0 f i Cooking.obj
 0001:000000f0       ??0AABBTreeBuildNode@Gu@physx@@QEAA@AEBV012@@Z 00000001800010f0 f i Cooking.obj
 0001:000000f0       ??4AABBTreeBuildNode@Gu@physx@@QEAAAEAV012@AEBV012@@Z 00000001800010f0 f i Cooking.obj
 0001:00000130       ??0AABBTreeBuildNode@Gu@physx@@QEAA@XZ 0000000180001130 f i Cooking.obj
 0001:00000130       ??4PxFoundation@physx@@QEAAAEAV01@AEBV01@@Z 0000000180001130 f i Cooking.obj
 0001:00000130       ?getAABB@AABBTreeBuildNode@Gu@physx@@QEBAAEBVPxBounds3@3@XZ 0000000180001130 f i Cooking.obj
 0001:00000140       ??0AABBTreeBuildParams@Gu@physx@@QEAA@IIPEBVAABBTreeBounds@12@W4BVHBuildStrategy@12@@Z 0000000180001140 f i Cooking.obj
 0001:00000160       ??0NodeAllocator@Gu@physx@@QEAA@AEBV012@@Z 0000000180001160 f i Cooking.obj
 0001:000001a0       ??0PxFoundation@physx@@QEAA@AEBV01@@Z 00000001800011a0 f i Cooking.obj
 0001:000001a0       ??0PxFoundation@physx@@QEAA@XZ 00000001800011a0 f i Cooking.obj
 0001:000001b0       ??1AABBTreeBounds@Gu@physx@@QEAA@XZ 00000001800011b0 f i Cooking.obj
 0001:000001c0       ??1AABBTreeBuildNode@Gu@physx@@QEAA@XZ 00000001800011c0 f i Cooking.obj
 0001:000001c0       _guard_check_icall_nop     00000001800011c0 f i MSVCRT:guard_support.obj
 0001:000001d0       ??1AABBTreeBuildParams@Gu@physx@@QEAA@XZ 00000001800011d0 f i Cooking.obj
 0001:000001d0       ?reset@AABBTreeBuildParams@Gu@physx@@QEAAXXZ 00000001800011d0 f i Cooking.obj
 0001:00000220       ??1PxFoundation@physx@@MEAA@XZ 0000000180001220 f i Cooking.obj
 0001:00000230       ??4AABBTreeBounds@Gu@physx@@QEAAAEAV012@AEBV012@@Z 0000000180001230 f i Cooking.obj
 0001:00000240       ??4AABBTreeBuildParams@Gu@physx@@QEAAAEAV012@AEBV012@@Z 0000000180001240 f i Cooking.obj
 0001:00000260       ??4NodeAllocator@Gu@physx@@QEAAAEAV012@AEBV012@@Z 0000000180001260 f i Cooking.obj
 0001:00000310       ??_EPxFoundation@physx@@MEAAPEAXI@Z 0000000180001310 f i Cooking.obj
 0001:000003a0       ??_FAABBTreeBuildParams@Gu@physx@@QEAAXXZ 00000001800013a0 f i Cooking.obj
 0001:000003c0       ?allocate@?$PxArray@USlab@NodeAllocator@Gu@physx@@V?$PxReflectionAllocator@USlab@NodeAllocator@Gu@physx@@@4@@physx@@IEAAPEAUSlab@NodeAllocator@Gu@2@IPEAI@Z 00000001800013c0 f i Cooking.obj
 0001:00000450       ?getBounds@AABBTreeBounds@Gu@physx@@QEAAPEAVPxBounds3@3@XZ 0000000180001450 f i Cooking.obj
 0001:00000450       ?getBounds@AABBTreeBounds@Gu@physx@@QEBAPEBVPxBounds3@3@XZ 0000000180001450 f i Cooking.obj
 0001:00000460       ?getNbPrimitives@AABBTreeBuildNode@Gu@physx@@QEBAIXZ 0000000180001460 f i Cooking.obj
 0001:00000460       ?getNbRuntimePrimitives@AABBTreeBuildNode@Gu@physx@@QEBAIXZ 0000000180001460 f i Cooking.obj
 0001:00000470       ?getNeg@AABBTreeBuildNode@Gu@physx@@QEBAPEBV123@XZ 0000000180001470 f i Cooking.obj
 0001:00000490       ?getPos@AABBTreeBuildNode@Gu@physx@@QEBAPEBV123@XZ 0000000180001490 f i Cooking.obj
 0001:000004a0       ?getPrimitives@AABBTreeBuildNode@Gu@physx@@QEAAPEAIPEAI@Z 00000001800014a0 f i Cooking.obj
 0001:000004a0       ?getPrimitives@AABBTreeBuildNode@Gu@physx@@QEBAPEBIPEBI@Z 00000001800014a0 f i Cooking.obj
 0001:000004b0       ?isLeaf@AABBTreeBuildNode@Gu@physx@@QEBA_NXZ 00000001800014b0 f i Cooking.obj
 0001:000004c0       ?moveFrom@AABBTreeBounds@Gu@physx@@QEAAXAEAV123@@Z 00000001800014c0 f i Cooking.obj
 0001:000004d0       ?ownsMemory@AABBTreeBounds@Gu@physx@@QEBA_NXZ 00000001800014d0 f i Cooking.obj
 0001:000004e0       ?recreate@?$PxArray@USlab@NodeAllocator@Gu@physx@@V?$PxReflectionAllocator@USlab@NodeAllocator@Gu@physx@@@4@@physx@@IEAAXI@Z 00000001800014e0 f i Cooking.obj
 0001:000005d0       ?setBounds@AABBTreeBounds@Gu@physx@@QEAAXPEAVPxBounds3@3@@Z 00000001800015d0 f i Cooking.obj
 0001:000005e0       ?setNbRunTimePrimitives@AABBTreeBuildNode@Gu@physx@@QEAAXI@Z 00000001800015e0 f i Cooking.obj
 0001:000005f0       ?takeOwnership@AABBTreeBounds@Gu@physx@@QEAAXXZ 00000001800015f0 f i Cooking.obj
 0001:00000600       PxAssembleSoftBodyMesh     0000000180001600 f   Cooking.obj
 0001:00000610       PxAssembleSoftBodyMesh_Sim 0000000180001610 f   Cooking.obj
 0001:00000620       PxComputeCollisionData     0000000180001620 f   Cooking.obj
 0001:00000630       PxComputeHullPolygons      0000000180001630 f   Cooking.obj
 0001:00000640       PxComputeModelsMapping     0000000180001640 f   Cooking.obj
 0001:00000650       PxComputeSimulationData    0000000180001650 f   Cooking.obj
 0001:00000660       PxCookBVH                  0000000180001660 f   Cooking.obj
 0001:00000670       PxCookConvexMesh           0000000180001670 f   Cooking.obj
 0001:00000680       PxCookHeightField          0000000180001680 f   Cooking.obj
 0001:00000690       PxCookSoftBodyMesh         0000000180001690 f   Cooking.obj
 0001:000006a0       PxCookTetrahedronMesh      00000001800016a0 f   Cooking.obj
 0001:000006b0       PxCookTriangleMesh         00000001800016b0 f   Cooking.obj
 0001:000006c0       PxCreateBVH                00000001800016c0 f   Cooking.obj
 0001:000006d0       PxCreateBVHInternal        00000001800016d0 f   Cooking.obj
 0001:00000760       PxCreateConvexMesh         0000000180001760 f   Cooking.obj
 0001:00000770       PxCreateHeightField        0000000180001770 f   Cooking.obj
 0001:00000780       PxCreateSoftBodyMesh       0000000180001780 f   Cooking.obj
 0001:00000790       PxCreateTetrahedronMesh    0000000180001790 f   Cooking.obj
 0001:000007a0       PxCreateTriangleMesh       00000001800017a0 f   Cooking.obj
 0001:000007b0       PxCreateTriangleMeshInternal 00000001800017b0 f   Cooking.obj
 0001:00000840       PxGetStandaloneInsertionCallback 0000000180001840 f   Cooking.obj
 0001:00000850       PxValidateConvexMesh       0000000180001850 f   Cooking.obj
 0001:00000860       PxValidateTriangleMesh     0000000180001860 f   Cooking.obj
 0001:00000870       ?cookingDelayHook@@YAP6A_JXZIPEAUDelayLoadInfo@@@Z 0000000180001870 f   WindowsCookingDelayLoadHook.obj
 0001:00000950       PxSetPhysXCookingDelayLoadHook 0000000180001950 f   WindowsCookingDelayLoadHook.obj
 0001:00000958       getInsertionCallback       0000000180001958 f   PhysXCommon_64:PhysXCommon_64.dll
 0001:0000095e       __tailMerge_physxcommon_64_dll 000000018000195e     PhysXCommon_64:PhysXCommon_64.dll
 0001:000009d7       __imp_load_getInsertionCallback 00000001800019d7 f   PhysXCommon_64:PhysXCommon_64.dll
 0001:000009e3       cookBVH                    00000001800019e3 f   PhysXCommon_64:PhysXCommon_64.dll
 0001:000009e9       __imp_load_cookBVH         00000001800019e9 f   PhysXCommon_64:PhysXCommon_64.dll
 0001:000009f5       createBVH                  00000001800019f5 f   PhysXCommon_64:PhysXCommon_64.dll
 0001:000009fb       __imp_load_createBVH       00000001800019fb f   PhysXCommon_64:PhysXCommon_64.dll
 0001:00000a07       cookHeightField            0000000180001a07 f   PhysXCommon_64:PhysXCommon_64.dll
 0001:00000a0d       __imp_load_cookHeightField 0000000180001a0d f   PhysXCommon_64:PhysXCommon_64.dll
 0001:00000a19       createHeightField          0000000180001a19 f   PhysXCommon_64:PhysXCommon_64.dll
 0001:00000a1f       __imp_load_createHeightField 0000000180001a1f f   PhysXCommon_64:PhysXCommon_64.dll
 0001:00000a2b       cookConvexMesh             0000000180001a2b f   PhysXCommon_64:PhysXCommon_64.dll
 0001:00000a31       __imp_load_cookConvexMesh  0000000180001a31 f   PhysXCommon_64:PhysXCommon_64.dll
 0001:00000a3d       createConvexMesh           0000000180001a3d f   PhysXCommon_64:PhysXCommon_64.dll
 0001:00000a43       __imp_load_createConvexMesh 0000000180001a43 f   PhysXCommon_64:PhysXCommon_64.dll
 0001:00000a4f       validateConvexMesh         0000000180001a4f f   PhysXCommon_64:PhysXCommon_64.dll
 0001:00000a55       __imp_load_validateConvexMesh 0000000180001a55 f   PhysXCommon_64:PhysXCommon_64.dll
 0001:00000a61       computeHullPolygons        0000000180001a61 f   PhysXCommon_64:PhysXCommon_64.dll
 0001:00000a67       __imp_load_computeHullPolygons 0000000180001a67 f   PhysXCommon_64:PhysXCommon_64.dll
 0001:00000a73       validateTriangleMesh       0000000180001a73 f   PhysXCommon_64:PhysXCommon_64.dll
 0001:00000a79       __imp_load_validateTriangleMesh 0000000180001a79 f   PhysXCommon_64:PhysXCommon_64.dll
 0001:00000a85       createTriangleMesh         0000000180001a85 f   PhysXCommon_64:PhysXCommon_64.dll
 0001:00000a8b       __imp_load_createTriangleMesh 0000000180001a8b f   PhysXCommon_64:PhysXCommon_64.dll
 0001:00000a97       cookTriangleMesh           0000000180001a97 f   PhysXCommon_64:PhysXCommon_64.dll
 0001:00000a9d       __imp_load_cookTriangleMesh 0000000180001a9d f   PhysXCommon_64:PhysXCommon_64.dll
 0001:00000aa9       cookTetrahedronMesh        0000000180001aa9 f   PhysXCommon_64:PhysXCommon_64.dll
 0001:00000aaf       __imp_load_cookTetrahedronMesh 0000000180001aaf f   PhysXCommon_64:PhysXCommon_64.dll
 0001:00000abb       createTetrahedronMesh      0000000180001abb f   PhysXCommon_64:PhysXCommon_64.dll
 0001:00000ac1       __imp_load_createTetrahedronMesh 0000000180001ac1 f   PhysXCommon_64:PhysXCommon_64.dll
 0001:00000acd       cookSoftBodyMesh           0000000180001acd f   PhysXCommon_64:PhysXCommon_64.dll
 0001:00000ad3       __imp_load_cookSoftBodyMesh 0000000180001ad3 f   PhysXCommon_64:PhysXCommon_64.dll
 0001:00000adf       createSoftBodyMesh         0000000180001adf f   PhysXCommon_64:PhysXCommon_64.dll
 0001:00000ae5       __imp_load_createSoftBodyMesh 0000000180001ae5 f   PhysXCommon_64:PhysXCommon_64.dll
 0001:00000af1       computeModelsMapping       0000000180001af1 f   PhysXCommon_64:PhysXCommon_64.dll
 0001:00000af7       __imp_load_computeModelsMapping 0000000180001af7 f   PhysXCommon_64:PhysXCommon_64.dll
 0001:00000b03       computeCollisionData       0000000180001b03 f   PhysXCommon_64:PhysXCommon_64.dll
 0001:00000b09       __imp_load_computeCollisionData 0000000180001b09 f   PhysXCommon_64:PhysXCommon_64.dll
 0001:00000b15       computeSimulationData      0000000180001b15 f   PhysXCommon_64:PhysXCommon_64.dll
 0001:00000b1b       __imp_load_computeSimulationData 0000000180001b1b f   PhysXCommon_64:PhysXCommon_64.dll
 0001:00000b27       assembleSoftBodyMesh       0000000180001b27 f   PhysXCommon_64:PhysXCommon_64.dll
 0001:00000b2d       __imp_load_assembleSoftBodyMesh 0000000180001b2d f   PhysXCommon_64:PhysXCommon_64.dll
 0001:00000b39       assembleSoftBodyMesh_Sim   0000000180001b39 f   PhysXCommon_64:PhysXCommon_64.dll
 0001:00000b3f       __imp_load_assembleSoftBodyMesh_Sim 0000000180001b3f f   PhysXCommon_64:PhysXCommon_64.dll
 0001:00000b4b       ?release@AABBTreeBounds@Gu@physx@@QEAAXXZ 0000000180001b4b f   PhysXCommon_64:PhysXCommon_64.dll
 0001:00000b51       __imp_load_?release@AABBTreeBounds@Gu@physx@@QEAAXXZ 0000000180001b51 f   PhysXCommon_64:PhysXCommon_64.dll
 0001:00000b5d       ??0BVH@Gu@physx@@QEAA@AEBUPxBVHInternalData@2@@Z 0000000180001b5d f   PhysXCommon_64:PhysXCommon_64.dll
 0001:00000b63       __imp_load_??0BVH@Gu@physx@@QEAA@AEBUPxBVHInternalData@2@@Z 0000000180001b63 f   PhysXCommon_64:PhysXCommon_64.dll
 0001:00000b6f       ??0BV4TriangleMesh@Gu@physx@@QEAA@AEBUPxTriangleMeshInternalData@2@@Z 0000000180001b6f f   PhysXCommon_64:PhysXCommon_64.dll
 0001:00000b75       __imp_load_??0BV4TriangleMesh@Gu@physx@@QEAA@AEBUPxTriangleMeshInternalData@2@@Z 0000000180001b75 f   PhysXCommon_64:PhysXCommon_64.dll
 0001:00000b81       PxGetBroadcastAllocator    0000000180001b81 f   PhysXFoundation_64:PhysXFoundation_64.dll
 0001:00000b87       __tailMerge_physxfoundation_64_dll 0000000180001b87     PhysXFoundation_64:PhysXFoundation_64.dll
 0001:00000c00       __imp_load_PxGetBroadcastAllocator 0000000180001c00 f   PhysXFoundation_64:PhysXFoundation_64.dll
 0001:00000c0c       ?DloadAcquireSectionWriteAccess@@YAXXZ 0000000180001c0c f i Delayimp:delayhlp.obj
 0001:00000cb8       ?DloadGetSRWLockFunctionPointers@@YAEXZ 0000000180001cb8 f i Delayimp:delayhlp.obj
 0001:00000d58       ?DloadMakePermanentImageCommit@@YAXPEAX_K@Z 0000000180001d58 f i Delayimp:delayhlp.obj
 0001:00000df0       ?DloadObtainSection@@YAPEAXPEAK0@Z 0000000180001df0 f i Delayimp:delayhlp.obj
 0001:00000e8c       ?DloadProtectSection@@YAXKPEAK@Z 0000000180001e8c f i Delayimp:delayhlp.obj
 0001:00000f1c       ?DloadReleaseSectionWriteAccess@@YAXXZ 0000000180001f1c f i Delayimp:delayhlp.obj
 0001:00000fb0       __delayLoadHelper2         0000000180001fb0 f   Delayimp:delayhlp.obj
 0001:00001288       ??3@YAXPEAX@Z              0000000180002288 f   MSVCRT:delete_scalar.obj
 0001:00001290       ??3@YAXPEAX_K@Z            0000000180002290 f   MSVCRT:delete_scalar_size.obj
 0001:00001290       ??_V@YAXPEAX@Z             0000000180002290 f   MSVCRT:delete_array.obj
 0001:00001298       ??_V@YAXPEAX_K@Z           0000000180002298 f   MSVCRT:delete_array_size.obj
 0001:000012a0       ??_Etype_info@@UEAAPEAXI@Z 00000001800022a0 f i MSVCRT:std_type_info_static.obj
 0001:000012a0       ??_Gtype_info@@UEAAPEAXI@Z 00000001800022a0 f i MSVCRT:std_type_info_static.obj
 0001:000012cc       ?__scrt_initialize_type_info@@YAXXZ 00000001800022cc f   MSVCRT:tncleanup.obj
 0001:000012dc       ?__scrt_uninitialize_type_info@@YAXXZ 00000001800022dc f   MSVCRT:tncleanup.obj
 0001:000015f8       _DllMainCRTStartup         00000001800025f8 f   MSVCRT:dll_dllmain.obj
 0001:00001638       __security_init_cookie     0000000180002638 f   MSVCRT:gs_support.obj
 0001:000016e4       DllMain                    00000001800026e4 f   MSVCRT:dll_dllmain_stub.obj
 0001:00001708       __local_stdio_printf_options 0000000180002708 f i MSVCRT:default_local_stdio_options.obj
 0001:00001710       __local_stdio_scanf_options 0000000180002710 f i MSVCRT:default_local_stdio_options.obj
 0001:00001718       __scrt_initialize_default_local_stdio_options 0000000180002718 f   MSVCRT:default_local_stdio_options.obj
 0001:00001734       __scrt_acquire_startup_lock 0000000180002734 f   MSVCRT:utility.obj
 0001:00001770       __scrt_dllmain_after_initialize_c 0000000180002770 f   MSVCRT:utility.obj
 0001:000017a4       __scrt_dllmain_before_initialize_c 00000001800027a4 f   MSVCRT:utility.obj
 0001:000017bc       __scrt_dllmain_crt_thread_attach 00000001800027bc f   MSVCRT:utility.obj
 0001:000017e4       __scrt_dllmain_crt_thread_detach 00000001800027e4 f   MSVCRT:utility.obj
 0001:000017fc       __scrt_dllmain_exception_filter 00000001800027fc f   MSVCRT:utility.obj
 0001:0000185c       __scrt_dllmain_uninitialize_c 000000018000285c f   MSVCRT:utility.obj
 0001:0000188c       __scrt_dllmain_uninitialize_critical 000000018000288c f   MSVCRT:utility.obj
 0001:000018a0       __scrt_initialize_crt      00000001800028a0 f   MSVCRT:utility.obj
 0001:000018dc       __scrt_initialize_onexit_tables 00000001800028dc f   MSVCRT:utility.obj
 0001:00001968       __scrt_is_nonwritable_in_current_image 0000000180002968 f   MSVCRT:utility.obj
 0001:00001a00       __scrt_release_startup_lock 0000000180002a00 f   MSVCRT:utility.obj
 0001:00001a24       __scrt_uninitialize_crt    0000000180002a24 f   MSVCRT:utility.obj
 0001:00001a50       __scrt_get_dyn_tls_init_callback 0000000180002a50 f   MSVCRT:dyn_tls_init.obj
 0001:00001a58       __crt_debugger_hook        0000000180002a58 f   MSVCRT:utility_desktop.obj
 0001:00001a60       __scrt_fastfail            0000000180002a60 f   MSVCRT:utility_desktop.obj
 0001:00001ba8       _RTC_Initialize            0000000180002ba8 f   MSVCRT:initsect.obj
 0001:00001be4       _RTC_Terminate             0000000180002be4 f   MSVCRT:initsect.obj
 0001:00001c20       __isa_available_init       0000000180002c20 f   MSVCRT:cpu_disp.obj
 0001:00001eec       _get_startup_argv_mode     0000000180002eec f   MSVCRT:argv_mode.obj
 0001:00001ef4       __scrt_is_ucrt_dll_in_use  0000000180002ef4 f   MSVCRT:ucrt_detection.obj
 0001:00001f00       _purecall                  0000000180002f00 f   vcruntime:VCRUNTIME140.dll
 0001:00001f06       __std_type_info_name       0000000180002f06 f   vcruntime:VCRUNTIME140.dll
 0001:00001f0c       strstr                     0000000180002f0c f   vcruntime:VCRUNTIME140.dll
 0001:00001f12       __std_type_info_destroy_list 0000000180002f12 f   vcruntime:VCRUNTIME140.dll
 0001:00001f18       __C_specific_handler       0000000180002f18 f   vcruntime:VCRUNTIME140.dll
 0001:00001f1e       memset                     0000000180002f1e f   vcruntime:VCRUNTIME140.dll
 0001:00001f24       memcpy                     0000000180002f24 f   vcruntime:VCRUNTIME140.dll
 0001:00001f2a       free                       0000000180002f2a f   ucrt:api-ms-win-crt-heap-l1-1-0.dll
 0001:00001f30       _initterm                  0000000180002f30 f   ucrt:api-ms-win-crt-runtime-l1-1-0.dll
 0001:00001f36       _initterm_e                0000000180002f36 f   ucrt:api-ms-win-crt-runtime-l1-1-0.dll
 0001:00001f3c       _seh_filter_dll            0000000180002f3c f   ucrt:api-ms-win-crt-runtime-l1-1-0.dll
 0001:00001f42       _configure_narrow_argv     0000000180002f42 f   ucrt:api-ms-win-crt-runtime-l1-1-0.dll
 0001:00001f48       _initialize_narrow_environment 0000000180002f48 f   ucrt:api-ms-win-crt-runtime-l1-1-0.dll
 0001:00001f4e       _initialize_onexit_table   0000000180002f4e f   ucrt:api-ms-win-crt-runtime-l1-1-0.dll
 0001:00001f54       _execute_onexit_table      0000000180002f54 f   ucrt:api-ms-win-crt-runtime-l1-1-0.dll
 0001:00001f5a       _cexit                     0000000180002f5a f   ucrt:api-ms-win-crt-runtime-l1-1-0.dll
 0001:00001f60       __acrt_initialize          0000000180002f60 f   MSVCRT:ucrt_stubs.obj
 0001:00001f60       __acrt_thread_attach       0000000180002f60 f   MSVCRT:ucrt_stubs.obj
 0001:00001f60       __acrt_thread_detach       0000000180002f60 f   MSVCRT:ucrt_stubs.obj
 0001:00001f60       __acrt_uninitialize        0000000180002f60 f   MSVCRT:ucrt_stubs.obj
 0001:00001f60       __acrt_uninitialize_critical 0000000180002f60 f   MSVCRT:ucrt_stubs.obj
 0001:00001f60       __scrt_stub_for_acrt_initialize 0000000180002f60 f   MSVCRT:ucrt_stubs.obj
 0001:00001f60       __scrt_stub_for_acrt_thread_attach 0000000180002f60 f   MSVCRT:ucrt_stubs.obj
 0001:00001f60       __scrt_stub_for_acrt_thread_detach 0000000180002f60 f   MSVCRT:ucrt_stubs.obj
 0001:00001f60       __scrt_stub_for_acrt_uninitialize 0000000180002f60 f   MSVCRT:ucrt_stubs.obj
 0001:00001f60       __scrt_stub_for_acrt_uninitialize_critical 0000000180002f60 f   MSVCRT:ucrt_stubs.obj
 0001:00001f60       __vcrt_initialize          0000000180002f60 f   MSVCRT:ucrt_stubs.obj
 0001:00001f60       __vcrt_thread_attach       0000000180002f60 f   MSVCRT:ucrt_stubs.obj
 0001:00001f60       __vcrt_thread_detach       0000000180002f60 f   MSVCRT:ucrt_stubs.obj
 0001:00001f60       __vcrt_uninitialize        0000000180002f60 f   MSVCRT:ucrt_stubs.obj
 0001:00001f60       __vcrt_uninitialize_critical 0000000180002f60 f   MSVCRT:ucrt_stubs.obj
 0001:00001f64       __scrt_stub_for_is_c_termination_complete 0000000180002f64 f   MSVCRT:ucrt_stubs.obj
 0001:00001f64       _is_c_termination_complete 0000000180002f64 f   MSVCRT:ucrt_stubs.obj
 0001:00001f80       _guard_dispatch_icall_nop  0000000180002f80 f   MSVCRT:guard_dispatch.obj
 0001:00001fa0       _guard_xfg_dispatch_icall_nop 0000000180002fa0 f   MSVCRT:guard_xfg_dispatch.obj
 0002:00000000       __imp_LoadLibraryA         0000000180004000     kernel32:KERNEL32.dll
 0002:00000008       __imp_SetUnhandledExceptionFilter 0000000180004008     kernel32:KERNEL32.dll
 0002:00000010       __imp_UnhandledExceptionFilter 0000000180004010     kernel32:KERNEL32.dll
 0002:00000018       __imp_IsDebuggerPresent    0000000180004018     kernel32:KERNEL32.dll
 0002:00000020       __imp_RtlVirtualUnwind     0000000180004020     kernel32:KERNEL32.dll
 0002:00000028       __imp_RtlLookupFunctionEntry 0000000180004028     kernel32:KERNEL32.dll
 0002:00000030       __imp_RtlCaptureContext    0000000180004030     kernel32:KERNEL32.dll
 0002:00000038       __imp_DisableThreadLibraryCalls 0000000180004038     kernel32:KERNEL32.dll
 0002:00000040       __imp_GetSystemTimeAsFileTime 0000000180004040     kernel32:KERNEL32.dll
 0002:00000048       __imp_GetCurrentThreadId   0000000180004048     kernel32:KERNEL32.dll
 0002:00000050       __imp_GetCurrentProcessId  0000000180004050     kernel32:KERNEL32.dll
 0002:00000058       __imp_QueryPerformanceCounter 0000000180004058     kernel32:KERNEL32.dll
 0002:00000060       __imp_InitializeSListHead  0000000180004060     kernel32:KERNEL32.dll
 0002:00000068       __imp_LoadLibraryExA       0000000180004068     kernel32:KERNEL32.dll
 0002:00000070       __imp_GetProcAddress       0000000180004070     kernel32:KERNEL32.dll
 0002:00000078       __imp_GetModuleHandleW     0000000180004078     kernel32:KERNEL32.dll
 0002:00000080       __imp_FreeLibrary          0000000180004080     kernel32:KERNEL32.dll
 0002:00000088       __imp_VirtualQuery         0000000180004088     kernel32:KERNEL32.dll
 0002:00000090       __imp_VirtualProtect       0000000180004090     kernel32:KERNEL32.dll
 0002:00000098       __imp_GetSystemInfo        0000000180004098     kernel32:KERNEL32.dll
 0002:000000a0       __imp_GetLastError         00000001800040a0     kernel32:KERNEL32.dll
 0002:000000a8       __imp_RaiseException       00000001800040a8     kernel32:KERNEL32.dll
 0002:000000b0       __imp_IsProcessorFeaturePresent 00000001800040b0     kernel32:KERNEL32.dll
 0002:000000b8       \177KERNEL32_NULL_THUNK_DATA 00000001800040b8     kernel32:KERNEL32.dll
 0002:000000c0       __imp___C_specific_handler 00000001800040c0     vcruntime:VCRUNTIME140.dll
 0002:000000c8       __imp__purecall            00000001800040c8     vcruntime:VCRUNTIME140.dll
 0002:000000d0       __imp___std_type_info_name 00000001800040d0     vcruntime:VCRUNTIME140.dll
 0002:000000d8       __imp_strstr               00000001800040d8     vcruntime:VCRUNTIME140.dll
 0002:000000e0       __imp___std_type_info_destroy_list 00000001800040e0     vcruntime:VCRUNTIME140.dll
 0002:000000e8       __imp_memset               00000001800040e8     vcruntime:VCRUNTIME140.dll
 0002:000000f0       __imp_memcpy               00000001800040f0     vcruntime:VCRUNTIME140.dll
 0002:000000f8       \177VCRUNTIME140_NULL_THUNK_DATA 00000001800040f8     vcruntime:VCRUNTIME140.dll
 0002:00000100       __imp_free                 0000000180004100     ucrt:api-ms-win-crt-heap-l1-1-0.dll
 0002:00000108       \177api-ms-win-crt-heap-l1-1-0_NULL_THUNK_DATA 0000000180004108     ucrt:api-ms-win-crt-heap-l1-1-0.dll
 0002:00000110       __imp__initterm            0000000180004110     ucrt:api-ms-win-crt-runtime-l1-1-0.dll
 0002:00000118       __imp__initterm_e          0000000180004118     ucrt:api-ms-win-crt-runtime-l1-1-0.dll
 0002:00000120       __imp__seh_filter_dll      0000000180004120     ucrt:api-ms-win-crt-runtime-l1-1-0.dll
 0002:00000128       __imp__configure_narrow_argv 0000000180004128     ucrt:api-ms-win-crt-runtime-l1-1-0.dll
 0002:00000130       __imp__initialize_narrow_environment 0000000180004130     ucrt:api-ms-win-crt-runtime-l1-1-0.dll
 0002:00000138       __imp__initialize_onexit_table 0000000180004138     ucrt:api-ms-win-crt-runtime-l1-1-0.dll
 0002:00000140       __imp__execute_onexit_table 0000000180004140     ucrt:api-ms-win-crt-runtime-l1-1-0.dll
 0002:00000148       __imp__cexit               0000000180004148     ucrt:api-ms-win-crt-runtime-l1-1-0.dll
 0002:00000150       \177api-ms-win-crt-runtime-l1-1-0_NULL_THUNK_DATA 0000000180004150     ucrt:api-ms-win-crt-runtime-l1-1-0.dll
 0002:00000158       __guard_check_icall_fptr   0000000180004158     MSVCRT:guard_support.obj
 0002:00000160       __guard_xfg_check_icall_fptr 0000000180004160     MSVCRT:guard_support.obj
 0002:00000168       __guard_dispatch_icall_fptr 0000000180004168     MSVCRT:guard_support.obj
 0002:00000170       __guard_xfg_dispatch_icall_fptr 0000000180004170     MSVCRT:guard_support.obj
 0002:00000178       __guard_xfg_table_dispatch_icall_fptr 0000000180004178     MSVCRT:guard_support.obj
 0002:00000180       __castguard_check_failure_os_handled_fptr 0000000180004180     MSVCRT:guard_support.obj
 0002:00000188       __guard_memcpy_fptr        0000000180004188     vcruntime:softmemtag.obj
 0002:00000190       __xc_a                     0000000180004190     MSVCRT:initializers.obj
 0002:000001c8       __xc_z                     00000001800041c8     MSVCRT:initializers.obj
 0002:000001d0       __xi_a                     00000001800041d0     MSVCRT:initializers.obj
 0002:000001d8       __xi_z                     00000001800041d8     MSVCRT:initializers.obj
 0002:000001e0       __xp_a                     00000001800041e0     MSVCRT:initializers.obj
 0002:000001e8       __xp_z                     00000001800041e8     MSVCRT:initializers.obj
 0002:000001f0       __xt_a                     00000001800041f0     MSVCRT:initializers.obj
 0002:000001f8       __xt_z                     00000001800041f8     MSVCRT:initializers.obj
 0002:00000220       ??_7PxFoundation@physx@@6B@ 0000000180004220     Cooking.obj
 0002:00000290       ??_C@_0EK@HPCJOIFF@C?3?2Code?2PhysX?9106?40?9physx?95?44?41@ 0000000180004290     Cooking.obj
 0002:000002e0       ??_C@_0ED@MPFEIIED@C?3?2Code?2PhysX?9106?40?9physx?95?44?41@ 00000001800042e0     Cooking.obj
 0002:00000328       ??_C@_0BM@OIFKLHDN@?$DMallocation?5names?5disabled?$DO@ 0000000180004328     Cooking.obj
 0002:00000350       __xmm@000000003a83126f3a83126f3a83126f 0000000180004350     Cooking.obj
 0002:00000360       __xmm@00000000ba83126fba83126fba83126f 0000000180004360     Cooking.obj
 0002:00000370       __xmm@3a83126f3a83126f3a83126f3a83126f 0000000180004370     Cooking.obj
 0002:00000380       __xmm@ba83126fba83126fba83126fba83126f 0000000180004380     Cooking.obj
 0002:00000390       ??_C@_0BA@EGLNOO@PhysXFoundation@ 0000000180004390     WindowsCookingDelayLoadHook.obj
 0002:000003a0       ??_C@_0M@ILKNCJKN@PhysXCommon@ 00000001800043a0     WindowsCookingDelayLoadHook.obj
 0002:000003b0       __sz_PhysXCommon_64_dll    00000001800043b0     PhysXCommon_64:PhysXCommon_64.dll
 0002:000003d0       __sz_PhysXFoundation_64_dll 00000001800043d0     PhysXFoundation_64:PhysXFoundation_64.dll
 0002:000003e8       ??_C@_1BK@DBDEIDLH@?$AAK?$AAE?$AAR?$AAN?$AAE?$AAL?$AA3?$AA2?$AA?4?$AAD?$AAL?$AAL@ 00000001800043e8     Delayimp:delayhlp.obj
 0002:00000408       ??_C@_0BI@OMNLIJDB@AcquireSRWLockExclusive@ 0000000180004408     Delayimp:delayhlp.obj
 0002:00000420       ??_C@_0BI@HMIEPCNJ@ReleaseSRWLockExclusive@ 0000000180004420     Delayimp:delayhlp.obj
 0002:00000438       __pfnDliFailureHook2       0000000180004438     Delayimp:delayhk1.obj
 0002:00000448       ??_7type_info@@6B@         0000000180004448     MSVCRT:std_type_info_static.obj
 0002:00000450       _pDefaultRawDllMain        0000000180004450     MSVCRT:dll_dllmain.obj
 0002:00000450       _pRawDllMain               0000000180004450     MSVCRT:dll_dllmain.obj
 0002:00000460       _load_config_used          0000000180004460     MSVCRT:loadcfg.obj
 0002:000005a0       __xmm@ffffffffffffffffffffffffffffffff 00000001800045a0     MSVCRT:utility.obj
 0002:00000680       ??_R4type_info@@6B@        0000000180004680     MSVCRT:std_type_info_static.obj
 0002:000006a8       ??_R3type_info@@8          00000001800046a8     MSVCRT:std_type_info_static.obj
 0002:000006c0       ??_R2type_info@@8          00000001800046c0     MSVCRT:std_type_info_static.obj
 0002:000006d0       ??_R1A@?0A@EA@type_info@@8 00000001800046d0     MSVCRT:std_type_info_static.obj
 0002:000006f4       __volatile_metadata        00000001800046f4     <linker-defined>
 0002:00000b38       __rtc_iaa                  0000000180004b38     MSVCRT:initsect.obj
 0002:00000b40       __rtc_izz                  0000000180004b40     MSVCRT:initsect.obj
 0002:00000b48       __rtc_taa                  0000000180004b48     MSVCRT:initsect.obj
 0002:00000b50       __rtc_tzz                  0000000180004b50     MSVCRT:initsect.obj
 0002:00000e38       __DELAY_IMPORT_DESCRIPTOR_physxcommon_64_dll 0000000180004e38     PhysXCommon_64:PhysXCommon_64.dll
 0002:00000e58       __DELAY_IMPORT_DESCRIPTOR_physxfoundation_64_dll 0000000180004e58     PhysXFoundation_64:PhysXFoundation_64.dll
 0002:00000e78       __NULL_DELAY_IMPORT_DESCRIPTOR 0000000180004e78     PhysXCommon_64:PhysXCommon_64.dll
 0002:00000f58       \177PhysXCommon_64_NULL_THUNK_DATA_DLN 0000000180004f58     PhysXCommon_64:PhysXCommon_64.dll
 0002:00000f68       \177PhysXFoundation_64_NULL_THUNK_DATA_DLN 0000000180004f68     PhysXFoundation_64:PhysXFoundation_64.dll
 0002:000011f8       \177PhysXCommon_64_NULL_THUNK_DATA_DLB 00000001800051f8     PhysXCommon_64:PhysXCommon_64.dll
 0002:000012c0       \177PhysXFoundation_64_NULL_THUNK_DATA_DLB 00000001800052c0     PhysXFoundation_64:PhysXFoundation_64.dll
 0002:00001ee4       __IMPORT_DESCRIPTOR_KERNEL32 0000000180005ee4     kernel32:KERNEL32.dll
 0002:00001ef8       __IMPORT_DESCRIPTOR_VCRUNTIME140 0000000180005ef8     vcruntime:VCRUNTIME140.dll
 0002:00001f0c       __IMPORT_DESCRIPTOR_api-ms-win-crt-heap-l1-1-0 0000000180005f0c     ucrt:api-ms-win-crt-heap-l1-1-0.dll
 0002:00001f20       __IMPORT_DESCRIPTOR_api-ms-win-crt-runtime-l1-1-0 0000000180005f20     ucrt:api-ms-win-crt-runtime-l1-1-0.dll
 0002:00001f34       __NULL_IMPORT_DESCRIPTOR   0000000180005f34     kernel32:KERNEL32.dll
 0003:00000000       __pfnDliNotifyHook2        0000000180007000     WindowsCookingDelayLoadHook.obj
 0003:00000008       _fltused                   0000000180007008     MSVCRT:fltused.obj
 0003:0000000c       __scrt_native_dllmain_reason 000000018000700c     MSVCRT:utility.obj
 0003:00000040       __security_cookie          0000000180007040     MSVCRT:gs_cookie.obj
 0003:00000080       __security_cookie_complement 0000000180007080     MSVCRT:gs_cookie.obj
 0003:00000090       __isa_inverted             0000000180007090     MSVCRT:cpu_disp.obj
 0003:00000098       __isa_available            0000000180007098     MSVCRT:cpu_disp.obj
 0003:0000009c       __isa_enabled              000000018000709c     MSVCRT:cpu_disp.obj
 0003:000000a0       __memset_fast_string_threshold 00000001800070a0     MSVCRT:cpu_disp.obj
 0003:000000a8       __memset_nt_threshold      00000001800070a8     MSVCRT:cpu_disp.obj
 0003:000000b0       __scrt_ucrt_dll_is_in_use  00000001800070b0     MSVCRT:ucrt_stubs.obj
 0003:000000b8       ??_R0?AVBVH@Gu@physx@@@8   00000001800070b8     Cooking.obj
 0003:000000e0       ??_R0?AVBV4TriangleMesh@Gu@physx@@@8 00000001800070e0     Cooking.obj
 0003:00000110       ??_R0?AUSlab@NodeAllocator@Gu@physx@@@8 0000000180007110     Cooking.obj
 0003:00000148       ??_R0?AVtype_info@@@8      0000000180007148     MSVCRT:std_type_info_static.obj
 0003:00000168       __imp_getInsertionCallback 0000000180007168     PhysXCommon_64:PhysXCommon_64.dll
 0003:00000170       __imp_??0BV4TriangleMesh@Gu@physx@@QEAA@AEBUPxTriangleMeshInternalData@2@@Z 0000000180007170     PhysXCommon_64:PhysXCommon_64.dll
 0003:00000178       __imp_cookBVH              0000000180007178     PhysXCommon_64:PhysXCommon_64.dll
 0003:00000180       __imp_createBVH            0000000180007180     PhysXCommon_64:PhysXCommon_64.dll
 0003:00000188       __imp_cookHeightField      0000000180007188     PhysXCommon_64:PhysXCommon_64.dll
 0003:00000190       __imp_createHeightField    0000000180007190     PhysXCommon_64:PhysXCommon_64.dll
 0003:00000198       __imp_cookConvexMesh       0000000180007198     PhysXCommon_64:PhysXCommon_64.dll
 0003:000001a0       __imp_createConvexMesh     00000001800071a0     PhysXCommon_64:PhysXCommon_64.dll
 0003:000001a8       __imp_validateConvexMesh   00000001800071a8     PhysXCommon_64:PhysXCommon_64.dll
 0003:000001b0       __imp_computeHullPolygons  00000001800071b0     PhysXCommon_64:PhysXCommon_64.dll
 0003:000001b8       __imp_validateTriangleMesh 00000001800071b8     PhysXCommon_64:PhysXCommon_64.dll
 0003:000001c0       __imp_createTriangleMesh   00000001800071c0     PhysXCommon_64:PhysXCommon_64.dll
 0003:000001c8       __imp_cookTriangleMesh     00000001800071c8     PhysXCommon_64:PhysXCommon_64.dll
 0003:000001d0       __imp_cookTetrahedronMesh  00000001800071d0     PhysXCommon_64:PhysXCommon_64.dll
 0003:000001d8       __imp_createTetrahedronMesh 00000001800071d8     PhysXCommon_64:PhysXCommon_64.dll
 0003:000001e0       __imp_cookSoftBodyMesh     00000001800071e0     PhysXCommon_64:PhysXCommon_64.dll
 0003:000001e8       __imp_createSoftBodyMesh   00000001800071e8     PhysXCommon_64:PhysXCommon_64.dll
 0003:000001f0       __imp_computeModelsMapping 00000001800071f0     PhysXCommon_64:PhysXCommon_64.dll
 0003:000001f8       __imp_computeCollisionData 00000001800071f8     PhysXCommon_64:PhysXCommon_64.dll
 0003:00000200       __imp_computeSimulationData 0000000180007200     PhysXCommon_64:PhysXCommon_64.dll
 0003:00000208       __imp_assembleSoftBodyMesh 0000000180007208     PhysXCommon_64:PhysXCommon_64.dll
 0003:00000210       __imp_assembleSoftBodyMesh_Sim 0000000180007210     PhysXCommon_64:PhysXCommon_64.dll
 0003:00000218       __imp_?release@AABBTreeBounds@Gu@physx@@QEAAXXZ 0000000180007218     PhysXCommon_64:PhysXCommon_64.dll
 0003:00000220       __imp_??0BVH@Gu@physx@@QEAA@AEBUPxBVHInternalData@2@@Z 0000000180007220     PhysXCommon_64:PhysXCommon_64.dll
 0003:00000228       \177PhysXCommon_64_NULL_THUNK_DATA_DLA 0000000180007228     PhysXCommon_64:PhysXCommon_64.dll
 0003:00000230       __imp_PxGetBroadcastAllocator 0000000180007230     PhysXFoundation_64:PhysXFoundation_64.dll
 0003:00000238       \177PhysXFoundation_64_NULL_THUNK_DATA_DLA 0000000180007238     PhysXFoundation_64:PhysXFoundation_64.dll
 0003:000002a8       __hmod__PhysXCommon_64_dll 00000001800072a8     PhysXCommon_64:PhysXCommon_64.dll
 0003:000002b0       __hmod__PhysXFoundation_64_dll 00000001800072b0     PhysXFoundation_64:PhysXFoundation_64.dll
 0003:000002b8       ?DloadKernel32@@3PEAUHINSTANCE__@@EA 00000001800072b8     Delayimp:delayhlp.obj
 0003:000002c0       ?DloadAcquireSRWLockExclusive@@3P6AXPEA_K@ZEA 00000001800072c0     Delayimp:delayhlp.obj
 0003:000002c8       ?DloadReleaseSRWLockExclusive@@3P6AXPEA_K@ZEA 00000001800072c8     Delayimp:delayhlp.obj
 0003:000002d0       ?DloadSrwLock@@3_KA        00000001800072d0     Delayimp:delayhlp.obj
 0003:000002d8       ?DloadSectionLockCount@@3KA 00000001800072d8     Delayimp:delayhlp.obj
 0003:000002dc       ?DloadSectionOldProtection@@3KA 00000001800072dc     Delayimp:delayhlp.obj
 0003:000002e0       ?DloadSectionCommitPermanent@@3KA 00000001800072e0     Delayimp:delayhlp.obj
 0003:000002f0       ?__type_info_root_node@@3U__type_info_node@@A 00000001800072f0     MSVCRT:tncleanup.obj
 0003:00000308       ?_OptionsStorage@?1??__local_stdio_printf_options@@9@4_KA 0000000180007308     MSVCRT:default_local_stdio_options.obj
 0003:00000310       ?_OptionsStorage@?1??__local_stdio_scanf_options@@9@4_KA 0000000180007310     MSVCRT:default_local_stdio_options.obj
 0003:00000318       __scrt_current_native_startup_state 0000000180007318     MSVCRT:utility.obj
 0003:00000320       __scrt_native_startup_lock 0000000180007320     MSVCRT:utility.obj
 0003:00000360       __scrt_debugger_hook_flag  0000000180007360     MSVCRT:utility_desktop.obj
 0003:00000364       __avx10_version            0000000180007364     MSVCRT:cpu_disp.obj
 0003:00000368       __favor                    0000000180007368     MSVCRT:cpu_disp.obj
 0003:00000370       __dyn_tls_init_callback    0000000180007370     <common>

 entry point at        0001:000015f8

 Static symbols

 0000:ffff5000       .debug$S                   0000000180000000     PhysXCooking_64.exp
 0000:ffff5000       .debug$S                   0000000180000000     PhysXCommon_64:PhysXCommon_64.dll
 0000:ffff5000       .debug$S                   0000000180000000     PhysXCommon_64:PhysXCommon_64.dll
 0000:ffff5000       .debug$S                   0000000180000000     PhysXCommon_64:PhysXCommon_64.dll
 0000:ffff5000       .debug$S                   0000000180000000     PhysXCommon_64:PhysXCommon_64.dll
 0000:ffff5000       .debug$S                   0000000180000000     PhysXCommon_64:PhysXCommon_64.dll
 0000:ffff5000       .debug$S                   0000000180000000     PhysXCommon_64:PhysXCommon_64.dll
 0000:ffff5000       .debug$S                   0000000180000000     PhysXCommon_64:PhysXCommon_64.dll
 0000:ffff5000       .debug$S                   0000000180000000     PhysXCommon_64:PhysXCommon_64.dll
 0000:ffff5000       .debug$S                   0000000180000000     PhysXCommon_64:PhysXCommon_64.dll
 0000:ffff5000       .debug$S                   0000000180000000     PhysXCommon_64:PhysXCommon_64.dll
 0000:ffff5000       .debug$S                   0000000180000000     PhysXCommon_64:PhysXCommon_64.dll
 0000:ffff5000       .debug$S                   0000000180000000     PhysXCommon_64:PhysXCommon_64.dll
 0000:ffff5000       .debug$S                   0000000180000000     PhysXCommon_64:PhysXCommon_64.dll
 0000:ffff5000       .debug$S                   0000000180000000     PhysXCommon_64:PhysXCommon_64.dll
 0000:ffff5000       .debug$S                   0000000180000000     PhysXCommon_64:PhysXCommon_64.dll
 0000:ffff5000       .debug$S                   0000000180000000     PhysXCommon_64:PhysXCommon_64.dll
 0000:ffff5000       .debug$S                   0000000180000000     PhysXCommon_64:PhysXCommon_64.dll
 0000:ffff5000       .debug$S                   0000000180000000     PhysXCommon_64:PhysXCommon_64.dll
 0000:ffff5000       .debug$S                   0000000180000000     PhysXCommon_64:PhysXCommon_64.dll
 0000:ffff5000       .debug$S                   0000000180000000     PhysXCommon_64:PhysXCommon_64.dll
 0000:ffff5000       .debug$S                   0000000180000000     PhysXCommon_64:PhysXCommon_64.dll
 0000:ffff5000       .debug$S                   0000000180000000     PhysXCommon_64:PhysXCommon_64.dll
 0000:ffff5000       .debug$S                   0000000180000000     PhysXCommon_64:PhysXCommon_64.dll
 0000:ffff5000       .debug$S                   0000000180000000     PhysXCommon_64:PhysXCommon_64.dll
 0000:ffff5000       .debug$S                   0000000180000000     PhysXFoundation_64:PhysXFoundation_64.dll
 0000:ffff5000       .debug$S                   0000000180000000     ucrt:api-ms-win-crt-heap-l1-1-0.dll
 0000:ffff5000       .debug$S                   0000000180000000     ucrt:api-ms-win-crt-runtime-l1-1-0.dll
 0000:ffff5000       .debug$S                   0000000180000000     ucrt:api-ms-win-crt-runtime-l1-1-0.dll
 0000:ffff5000       .debug$S                   0000000180000000     ucrt:api-ms-win-crt-runtime-l1-1-0.dll
 0000:ffff5000       .debug$S                   0000000180000000     ucrt:api-ms-win-crt-runtime-l1-1-0.dll
 0000:ffff5000       .debug$S                   0000000180000000     ucrt:api-ms-win-crt-runtime-l1-1-0.dll
 0000:ffff5000       .debug$S                   0000000180000000     ucrt:api-ms-win-crt-runtime-l1-1-0.dll
 0000:ffff5000       .debug$S                   0000000180000000     ucrt:api-ms-win-crt-runtime-l1-1-0.dll
 0000:ffff5000       .debug$S                   0000000180000000     ucrt:api-ms-win-crt-runtime-l1-1-0.dll
 0000:ffff5000       .debug$S                   0000000180000000     ucrt:api-ms-win-crt-runtime-l1-1-0.dll
 0000:ffff5000       .debug$S                   0000000180000000     ucrt:api-ms-win-crt-runtime-l1-1-0.dll
 0000:ffff5000       .debug$S                   0000000180000000     ucrt:api-ms-win-crt-runtime-l1-1-0.dll
 0000:ffff5000       .debug$S                   0000000180000000     ucrt:api-ms-win-crt-runtime-l1-1-0.dll
 0000:ffff5000       .debug$S                   0000000180000000     kernel32:KERNEL32.dll
 0000:ffff5000       .debug$S                   0000000180000000     kernel32:KERNEL32.dll
 0000:ffff5000       .debug$S                   0000000180000000     kernel32:KERNEL32.dll
 0000:ffff5000       .debug$S                   0000000180000000     kernel32:KERNEL32.dll
 0000:ffff5000       .debug$S                   0000000180000000     kernel32:KERNEL32.dll
 0000:ffff5000       .debug$S                   0000000180000000     kernel32:KERNEL32.dll
 0000:ffff5000       .debug$S                   0000000180000000     kernel32:KERNEL32.dll
 0000:ffff5000       .debug$S                   0000000180000000     kernel32:KERNEL32.dll
 0000:ffff5000       .debug$S                   0000000180000000     kernel32:KERNEL32.dll
 0000:ffff5000       .debug$S                   0000000180000000     kernel32:KERNEL32.dll
 0000:ffff5000       .debug$S                   0000000180000000     kernel32:KERNEL32.dll
 0000:ffff5000       .debug$S                   0000000180000000     kernel32:KERNEL32.dll
 0000:ffff5000       .debug$S                   0000000180000000     kernel32:KERNEL32.dll
 0000:ffff5000       .debug$S                   0000000180000000     kernel32:KERNEL32.dll
 0000:ffff5000       .debug$S                   0000000180000000     kernel32:KERNEL32.dll
 0000:ffff5000       .debug$S                   0000000180000000     kernel32:KERNEL32.dll
 0000:ffff5000       .debug$S                   0000000180000000     kernel32:KERNEL32.dll
 0000:ffff5000       .debug$S                   0000000180000000     kernel32:KERNEL32.dll
 0000:ffff5000       .debug$S                   0000000180000000     kernel32:KERNEL32.dll
 0000:ffff5000       .debug$S                   0000000180000000     kernel32:KERNEL32.dll
 0000:ffff5000       .debug$S                   0000000180000000     kernel32:KERNEL32.dll
 0000:ffff5000       .debug$S                   0000000180000000     kernel32:KERNEL32.dll
 0000:ffff5000       .debug$S                   0000000180000000     kernel32:KERNEL32.dll
 0000:ffff5000       .debug$S                   0000000180000000     kernel32:KERNEL32.dll
 0000:ffff5000       .debug$S                   0000000180000000     vcruntime:VCRUNTIME140.dll
 0000:ffff5000       .debug$S                   0000000180000000     vcruntime:VCRUNTIME140.dll
 0000:ffff5000       .debug$S                   0000000180000000     vcruntime:VCRUNTIME140.dll
 0000:ffff5000       .debug$S                   0000000180000000     vcruntime:VCRUNTIME140.dll
 0000:ffff5000       .debug$S                   0000000180000000     vcruntime:VCRUNTIME140.dll
 0000:ffff5000       .debug$S                   0000000180000000     vcruntime:VCRUNTIME140.dll
 0000:ffff5000       .debug$S                   0000000180000000     vcruntime:VCRUNTIME140.dll
 0000:ffff5000       .debug$S                   0000000180000000     vcruntime:VCRUNTIME140.dll
 0000:ffff5000       .debug$S                   0000000180000000     vcruntime:VCRUNTIME140.dll
 0001:00000000       ??__EmaxFError@vecMathTests@aos@physx@@YAXXZ 0000000180001000 f   Cooking.obj
 0001:00000010       ??__EmaxV3Error@vecMathTests@aos@physx@@YAXXZ 0000000180001010 f   Cooking.obj
 0001:00000020       ??__EmaxV4Error@vecMathTests@aos@physx@@YAXXZ 0000000180001020 f   Cooking.obj
 0001:00000030       ??__EminFError@vecMathTests@aos@physx@@YAXXZ 0000000180001030 f   Cooking.obj
 0001:00000040       ??__EminV3Error@vecMathTests@aos@physx@@YAXXZ 0000000180001040 f   Cooking.obj
 0001:00000050       ??__EminV4Error@vecMathTests@aos@physx@@YAXXZ 0000000180001050 f   Cooking.obj
 0001:00000930       $LN24                      0000000180001930     WindowsCookingDelayLoadHook.obj
 0001:000012e8       ?dllmain_crt_dispatch@@YAHQEAUHINSTANCE__@@KQEAX@Z 00000001800022e8 f   MSVCRT:dll_dllmain.obj
 0001:00001338       ?dllmain_crt_process_attach@@YAHQEAUHINSTANCE__@@QEAX@Z 0000000180002338 f   MSVCRT:dll_dllmain.obj
 0001:00001450       ?dllmain_crt_process_detach@@YAH_N@Z 0000000180002450 f   MSVCRT:dll_dllmain.obj
 0001:000014d0       ?dllmain_dispatch@@YAHQEAUHINSTANCE__@@KQEAX@Z 00000001800024d0 f   MSVCRT:dll_dllmain.obj
 0001:00001f70       $$000000                   0000000180002f70     MSVCRT:guard_dispatch.obj
 0001:00001f90       $$000000                   0000000180002f90     MSVCRT:guard_xfg_dispatch.obj
 0001:00001fa6       ?fin$0@?0??dllmain_crt_process_attach@@YAHQEAUHINSTANCE__@@QEAX@Z@4HA 0000000180002fa6 f   MSVCRT:dll_dllmain.obj
 0001:00001fbd       ?fin$0@?0??dllmain_crt_process_detach@@YAH_N@Z@4HA 0000000180002fbd f   MSVCRT:dll_dllmain.obj
 0001:00001fd6       ?fin$1@?0??dllmain_crt_process_detach@@YAH_N@Z@4HA 0000000180002fd6 f   MSVCRT:dll_dllmain.obj
 0001:00001fea       ?filt$0@?0??dllmain_dispatch@@YAHQEAUHINSTANCE__@@KQEAX@Z@4HA 0000000180002fea f   MSVCRT:dll_dllmain.obj
 0001:00002020       __scrt_is_nonwritable_in_current_image$filt$0 0000000180003020 f   MSVCRT:utility.obj
 0002:00000198       ?minFError$initializer$@vecMathTests@aos@physx@@3P6AXXZEA 0000000180004198     Cooking.obj
 0002:000001a0       ?maxFError$initializer$@vecMathTests@aos@physx@@3P6AXXZEA 00000001800041a0     Cooking.obj
 0002:000001a8       ?minV3Error$initializer$@vecMathTests@aos@physx@@3P6AXXZEA 00000001800041a8     Cooking.obj
 0002:000001b0       ?maxV3Error$initializer$@vecMathTests@aos@physx@@3P6AXXZEA 00000001800041b0     Cooking.obj
 0002:000001b8       ?minV4Error$initializer$@vecMathTests@aos@physx@@3P6AXXZEA 00000001800041b8     Cooking.obj
 0002:000001c0       ?maxV4Error$initializer$@vecMathTests@aos@physx@@3P6AXXZEA 00000001800041c0     Cooking.obj
 0002:00000200       ?minus1w@?A0x09054a04@aos@physx@@3QBMB 0000000180004200     Cooking.obj
 0002:00000210       ?gMaskXYZ@internalWindowsSimd@aos@physx@@3QBIB 0000000180004210     Cooking.obj
 0002:00000b58       $unwind$??_EPxFoundation@physx@@MEAAPEAXI@Z 0000000180004b58     Cooking.obj
 0002:00000b58       $unwind$?DloadAcquireSectionWriteAccess@@YAXXZ 0000000180004b58     Delayimp:delayhlp.obj
 0002:00000b58       $unwind$??_Gtype_info@@UEAAPEAXI@Z 0000000180004b58     MSVCRT:std_type_info_static.obj
 0002:00000b58       $unwind$__scrt_initialize_onexit_tables 0000000180004b58     MSVCRT:utility.obj
 0002:00000b58       $unwind$__scrt_release_startup_lock 0000000180004b58     MSVCRT:utility.obj
 0002:00000b58       $unwind$__scrt_uninitialize_crt 0000000180004b58     MSVCRT:utility.obj
 0002:00000b60       $chain$0$??_EPxFoundation@physx@@MEAAPEAXI@Z 0000000180004b60     Cooking.obj
 0002:00000b74       $chain$1$??_EPxFoundation@physx@@MEAAPEAXI@Z 0000000180004b74     Cooking.obj
 0002:00000b84       $unwind$??1AABBTreeBuildParams@Gu@physx@@QEAA@XZ 0000000180004b84     Cooking.obj
 0002:00000b84       $unwind$?reset@AABBTreeBuildParams@Gu@physx@@QEAAXXZ 0000000180004b84     Cooking.obj
 0002:00000b84       $unwind$_DllMainCRTStartup 0000000180004b84     MSVCRT:dll_dllmain.obj
 0002:00000b94       $unwind$?allocate@?$PxArray@USlab@NodeAllocator@Gu@physx@@V?$PxReflectionAllocator@USlab@NodeAllocator@Gu@physx@@@4@@physx@@IEAAPEAUSlab@NodeAllocator@Gu@2@IPEAI@Z 0000000180004b94     Cooking.obj
 0002:00000b9c       $chain$0$?allocate@?$PxArray@USlab@NodeAllocator@Gu@physx@@V?$PxReflectionAllocator@USlab@NodeAllocator@Gu@physx@@@4@@physx@@IEAAPEAUSlab@NodeAllocator@Gu@2@IPEAI@Z 0000000180004b9c     Cooking.obj
 0002:00000bb0       $chain$3$?allocate@?$PxArray@USlab@NodeAllocator@Gu@physx@@V?$PxReflectionAllocator@USlab@NodeAllocator@Gu@physx@@@4@@physx@@IEAAPEAUSlab@NodeAllocator@Gu@2@IPEAI@Z 0000000180004bb0     Cooking.obj
 0002:00000bc8       $chain$4$?allocate@?$PxArray@USlab@NodeAllocator@Gu@physx@@V?$PxReflectionAllocator@USlab@NodeAllocator@Gu@physx@@@4@@physx@@IEAAPEAUSlab@NodeAllocator@Gu@2@IPEAI@Z 0000000180004bc8     Cooking.obj
 0002:00000bd8       $unwind$?recreate@?$PxArray@USlab@NodeAllocator@Gu@physx@@V?$PxReflectionAllocator@USlab@NodeAllocator@Gu@physx@@@4@@physx@@IEAAXI@Z 0000000180004bd8     Cooking.obj
 0002:00000be4       $chain$0$?recreate@?$PxArray@USlab@NodeAllocator@Gu@physx@@V?$PxReflectionAllocator@USlab@NodeAllocator@Gu@physx@@@4@@physx@@IEAAXI@Z 0000000180004be4     Cooking.obj
 0002:00000bf8       $chain$1$?recreate@?$PxArray@USlab@NodeAllocator@Gu@physx@@V?$PxReflectionAllocator@USlab@NodeAllocator@Gu@physx@@@4@@physx@@IEAAXI@Z 0000000180004bf8     Cooking.obj
 0002:00000c08       $chain$2$?recreate@?$PxArray@USlab@NodeAllocator@Gu@physx@@V?$PxReflectionAllocator@USlab@NodeAllocator@Gu@physx@@@4@@physx@@IEAAXI@Z 0000000180004c08     Cooking.obj
 0002:00000c1c       $chain$3$?recreate@?$PxArray@USlab@NodeAllocator@Gu@physx@@V?$PxReflectionAllocator@USlab@NodeAllocator@Gu@physx@@@4@@physx@@IEAAXI@Z 0000000180004c1c     Cooking.obj
 0002:00000c2c       $unwind$??$copy@V?$PxReflectionAllocator@USlab@NodeAllocator@Gu@physx@@@physx@@@?$PxArray@USlab@NodeAllocator@Gu@physx@@V?$PxReflectionAllocator@USlab@NodeAllocator@Gu@physx@@@4@@physx@@IEAAXAEBV01@@Z 0000000180004c2c     Cooking.obj
 0002:00000c2c       $unwind$??0NodeAllocator@Gu@physx@@QEAA@AEBV012@@Z 0000000180004c2c     Cooking.obj
 0002:00000c2c       $unwind$?DloadGetSRWLockFunctionPointers@@YAEXZ 0000000180004c2c     Delayimp:delayhlp.obj
 0002:00000c2c       $unwind$_RTC_Initialize    0000000180004c2c     MSVCRT:initsect.obj
 0002:00000c2c       $unwind$_RTC_Terminate     0000000180004c2c     MSVCRT:initsect.obj
 0002:00000c38       $unwind$??4NodeAllocator@Gu@physx@@QEAAAEAV012@AEBV012@@Z 0000000180004c38     Cooking.obj
 0002:00000c4c       $unwind$PxCreateBVHInternal 0000000180004c4c     Cooking.obj
 0002:00000c4c       $unwind$PxCreateTriangleMeshInternal 0000000180004c4c     Cooking.obj
 0002:00000c58       $unwind$?cookingDelayHook@@YAP6A_JXZIPEAUDelayLoadInfo@@@Z 0000000180004c58     WindowsCookingDelayLoadHook.obj
 0002:00000c58       $unwind$?DloadReleaseSectionWriteAccess@@YAXXZ 0000000180004c58     Delayimp:delayhlp.obj
 0002:00000c58       $unwind$__scrt_initialize_default_local_stdio_options 0000000180004c58     MSVCRT:default_local_stdio_options.obj
 0002:00000c58       $unwind$?dllmain_crt_dispatch@@YAHQEAUHINSTANCE__@@KQEAX@Z 0000000180004c58     MSVCRT:dll_dllmain.obj
 0002:00000c58       $unwind$DllMain            0000000180004c58     MSVCRT:dll_dllmain_stub.obj
 0002:00000c58       $unwind$__scrt_acquire_startup_lock 0000000180004c58     MSVCRT:utility.obj
 0002:00000c58       $unwind$__scrt_dllmain_after_initialize_c 0000000180004c58     MSVCRT:utility.obj
 0002:00000c58       $unwind$__scrt_dllmain_before_initialize_c 0000000180004c58     MSVCRT:utility.obj
 0002:00000c58       $unwind$__scrt_dllmain_crt_thread_attach 0000000180004c58     MSVCRT:utility.obj
 0002:00000c58       $unwind$__scrt_dllmain_crt_thread_detach 0000000180004c58     MSVCRT:utility.obj
 0002:00000c58       $unwind$__scrt_dllmain_uninitialize_c 0000000180004c58     MSVCRT:utility.obj
 0002:00000c58       $unwind$__scrt_dllmain_uninitialize_critical 0000000180004c58     MSVCRT:utility.obj
 0002:00000c58       $unwind$__scrt_initialize_crt 0000000180004c58     MSVCRT:utility.obj
 0002:00000c60       $chain$1$?cookingDelayHook@@YAP6A_JXZIPEAUDelayLoadInfo@@@Z 0000000180004c60     WindowsCookingDelayLoadHook.obj
 0002:00000c78       $chain$3$?cookingDelayHook@@YAP6A_JXZIPEAUDelayLoadInfo@@@Z 0000000180004c78     WindowsCookingDelayLoadHook.obj
 0002:00000c78       $chain$5$?cookingDelayHook@@YAP6A_JXZIPEAUDelayLoadInfo@@@Z 0000000180004c78     WindowsCookingDelayLoadHook.obj
 0002:00000c90       $chain$6$?cookingDelayHook@@YAP6A_JXZIPEAUDelayLoadInfo@@@Z 0000000180004c90     WindowsCookingDelayLoadHook.obj
 0002:00000ca0       xdata                      0000000180004ca0     PhysXCommon_64:PhysXCommon_64.dll
 0002:00000ca8       xdata                      0000000180004ca8     PhysXFoundation_64:PhysXFoundation_64.dll
 0002:00000cb0       $unwind$?DloadObtainSection@@YAPEAXPEAK0@Z 0000000180004cb0     Delayimp:delayhlp.obj
 0002:00000cc0       $unwind$?DloadMakePermanentImageCommit@@YAXPEAX_K@Z 0000000180004cc0     Delayimp:delayhlp.obj
 0002:00000ccc       $unwind$?DloadProtectSection@@YAXKPEAK@Z 0000000180004ccc     Delayimp:delayhlp.obj
 0002:00000cdc       $unwind$__delayLoadHelper2 0000000180004cdc     Delayimp:delayhlp.obj
 0002:00000cf8       $unwind$?dllmain_crt_process_attach@@YAHQEAUHINSTANCE__@@QEAX@Z 0000000180004cf8     MSVCRT:dll_dllmain.obj
 0002:00000d34       $unwind$?fin$0@?0??dllmain_crt_process_attach@@YAHQEAUHINSTANCE__@@QEAX@Z@4HA 0000000180004d34     MSVCRT:dll_dllmain.obj
 0002:00000d34       $unwind$?fin$0@?0??dllmain_crt_process_detach@@YAH_N@Z@4HA 0000000180004d34     MSVCRT:dll_dllmain.obj
 0002:00000d34       $unwind$?fin$1@?0??dllmain_crt_process_detach@@YAH_N@Z@4HA 0000000180004d34     MSVCRT:dll_dllmain.obj
 0002:00000d3c       $unwind$?dllmain_crt_process_detach@@YAH_N@Z 0000000180004d3c     MSVCRT:dll_dllmain.obj
 0002:00000d90       $unwind$?dllmain_dispatch@@YAHQEAUHINSTANCE__@@KQEAX@Z 0000000180004d90     MSVCRT:dll_dllmain.obj
 0002:00000db8       $unwind$?filt$0@?0??dllmain_dispatch@@YAHQEAUHINSTANCE__@@KQEAX@Z@4HA 0000000180004db8     MSVCRT:dll_dllmain.obj
 0002:00000dc0       $unwind$__security_init_cookie 0000000180004dc0     MSVCRT:gs_support.obj
 0002:00000dcc       $unwind$__scrt_is_nonwritable_in_current_image 0000000180004dcc     MSVCRT:utility.obj
 0002:00000dec       $unwind$__scrt_is_nonwritable_in_current_image$filt$0 0000000180004dec     MSVCRT:utility.obj
 0002:00000df4       $unwind$__scrt_dllmain_exception_filter 0000000180004df4     MSVCRT:utility.obj
 0002:00000e08       $unwind$__scrt_fastfail    0000000180004e08     MSVCRT:utility_desktop.obj
 0002:00000e18       $xdatasym                  0000000180004e18     MSVCRT:guard_dispatch.obj
 0002:00000e20       $xdatasym                  0000000180004e20     MSVCRT:guard_xfg_dispatch.obj
 0002:00000e24       $unwind$__isa_available_init 0000000180004e24     MSVCRT:cpu_disp.obj
 0002:000013e0       .edata                     00000001800053e0     PhysXCooking_64.exp
 0002:00001408       rgpv                       0000000180005408     PhysXCooking_64.exp
 0002:000014f0       rgszName                   00000001800054f0     PhysXCooking_64.exp
 0002:000015d8       rgwOrd                     00000001800055d8     PhysXCooking_64.exp
 0002:0000164c       szName                     000000018000564c     PhysXCooking_64.exp
 0002:00001660       $N00001                    0000000180005660     PhysXCooking_64.exp
 0002:00001684       $N00002                    0000000180005684     PhysXCooking_64.exp
 0002:000016b3       $N00003                    00000001800056b3     PhysXCooking_64.exp
 0002:000016da       $N00004                    00000001800056da     PhysXCooking_64.exp
 0002:00001731       $N00005                    0000000180005731     PhysXCooking_64.exp
 0002:0000175c       $N00006                    000000018000575c     PhysXCooking_64.exp
 0002:00001782       $N00007                    0000000180005782     PhysXCooking_64.exp
 0002:000017a1       $N00008                    00000001800057a1     PhysXCooking_64.exp
 0002:000017c5       $N00009                    00000001800057c5     PhysXCooking_64.exp
 0002:000017ec       $N00010                    00000001800057ec     PhysXCooking_64.exp
 0002:00001815       $N00011                    0000000180005815     PhysXCooking_64.exp
 0002:00001834       $N00012                    0000000180005834     PhysXCooking_64.exp
 0002:00001867       $N00013                    0000000180005867     PhysXCooking_64.exp
 0002:0000189d       $N00014                    000000018000589d     PhysXCooking_64.exp
 0002:000018d5       $N00015                    00000001800058d5     PhysXCooking_64.exp
 0002:00001907       $N00016                    0000000180005907     PhysXCooking_64.exp
 0002:00001933       $N00017                    0000000180005933     PhysXCooking_64.exp
 0002:0000194f       $N00018                    000000018000594f     PhysXCooking_64.exp
 0002:00001979       $N00019                    0000000180005979     PhysXCooking_64.exp
 0002:000019b5       $N00020                    00000001800059b5     PhysXCooking_64.exp
 0002:000019f0       $N00021                    00000001800059f0     PhysXCooking_64.exp
 0002:00001a2b       $N00022                    0000000180005a2b     PhysXCooking_64.exp
 0002:00001a60       $N00023                    0000000180005a60     PhysXCooking_64.exp
 0002:00001a9c       $N00024                    0000000180005a9c     PhysXCooking_64.exp
 0002:00001acf       $N00025                    0000000180005acf     PhysXCooking_64.exp
 0002:00001b02       $N00026                    0000000180005b02     PhysXCooking_64.exp
 0002:00001b3c       $N00027                    0000000180005b3c     PhysXCooking_64.exp
 0002:00001b76       $N00028                    0000000180005b76     PhysXCooking_64.exp
 0002:00001ba3       $N00029                    0000000180005ba3     PhysXCooking_64.exp
 0002:00001bd6       $N00030                    0000000180005bd6     PhysXCooking_64.exp
 0002:00001c04       $N00031                    0000000180005c04     PhysXCooking_64.exp
 0002:00001c31       $N00032                    0000000180005c31     PhysXCooking_64.exp
 0002:00001c6d       $N00033                    0000000180005c6d     PhysXCooking_64.exp
 0002:00001caa       $N00034                    0000000180005caa     PhysXCooking_64.exp
 0002:00001cda       $N00035                    0000000180005cda     PhysXCooking_64.exp
 0002:00001cf1       $N00036                    0000000180005cf1     PhysXCooking_64.exp
 0002:00001d0c       $N00037                    0000000180005d0c     PhysXCooking_64.exp
 0002:00001d23       $N00038                    0000000180005d23     PhysXCooking_64.exp
 0002:00001d39       $N00039                    0000000180005d39     PhysXCooking_64.exp
 0002:00001d50       $N00040                    0000000180005d50     PhysXCooking_64.exp
 0002:00001d68       $N00041                    0000000180005d68     PhysXCooking_64.exp
 0002:00001d72       $N00042                    0000000180005d72     PhysXCooking_64.exp
 0002:00001d83       $N00043                    0000000180005d83     PhysXCooking_64.exp
 0002:00001d95       $N00044                    0000000180005d95     PhysXCooking_64.exp
 0002:00001da8       $N00045                    0000000180005da8     PhysXCooking_64.exp
 0002:00001dbe       $N00046                    0000000180005dbe     PhysXCooking_64.exp
 0002:00001dd1       $N00047                    0000000180005dd1     PhysXCooking_64.exp
 0002:00001ddd       $N00048                    0000000180005ddd     PhysXCooking_64.exp
 0002:00001df1       $N00049                    0000000180005df1     PhysXCooking_64.exp
 0002:00001e04       $N00050                    0000000180005e04     PhysXCooking_64.exp
 0002:00001e18       $N00051                    0000000180005e18     PhysXCooking_64.exp
 0002:00001e2d       $N00052                    0000000180005e2d     PhysXCooking_64.exp
 0002:00001e45       $N00053                    0000000180005e45     PhysXCooking_64.exp
 0002:00001e5a       $N00054                    0000000180005e5a     PhysXCooking_64.exp
 0002:00001e77       $N00055                    0000000180005e77     PhysXCooking_64.exp
 0002:00001e98       $N00056                    0000000180005e98     PhysXCooking_64.exp
 0002:00001eb7       $N00057                    0000000180005eb7     PhysXCooking_64.exp
 0002:00001ecc       $N00058                    0000000180005ecc     PhysXCooking_64.exp
 0002:000020b0       .idata$6                   00000001800060b0     kernel32:KERNEL32.dll
 0002:0000212e       .idata$6                   000000018000612e     vcruntime:VCRUNTIME140.dll
 0002:000021f8       .idata$6                   00000001800061f8     ucrt:api-ms-win-crt-heap-l1-1-0.dll
 0002:00002218       .idata$6                   0000000180006218     ucrt:api-ms-win-crt-runtime-l1-1-0.dll
 0003:00000240       ?maxV3Error@vecMathTests@aos@physx@@3T__m128@@B 0000000180007240     Cooking.obj
 0003:00000250       ?minFError@vecMathTests@aos@physx@@3T__m128@@B 0000000180007250     Cooking.obj
 0003:00000260       ?maxV4Error@vecMathTests@aos@physx@@3T__m128@@B 0000000180007260     Cooking.obj
 0003:00000270       ?minV4Error@vecMathTests@aos@physx@@3T__m128@@B 0000000180007270     Cooking.obj
 0003:00000280       ?minV3Error@vecMathTests@aos@physx@@3T__m128@@B 0000000180007280     Cooking.obj
 0003:00000290       ?maxFError@vecMathTests@aos@physx@@3T__m128@@B 0000000180007290     Cooking.obj
 0003:000002a0       ?gCookingDelayLoadHook@@3PEBVPxDelayLoadHook@physx@@EB 00000001800072a0     WindowsCookingDelayLoadHook.obj
 0003:00000300       ?__proc_attached@@3HA      0000000180007300     MSVCRT:dll_dllmain.obj
 0003:00000328       ?is_initialized_as_dll@@3_NA 0000000180007328     MSVCRT:utility.obj
 0003:00000329       ?module_local_atexit_table_initialized@@3_NA 0000000180007329     MSVCRT:utility.obj
 0003:00000330       ?module_local_atexit_table@@3U_onexit_table_t@@A 0000000180007330     MSVCRT:utility.obj
 0003:00000348       ?module_local_at_quick_exit_table@@3U_onexit_table_t@@A 0000000180007348     MSVCRT:utility.obj
 0005:000000a0       $R000000                   00000001800090a0     PhysXCooking.res
 0005:000003d0       $R000330                   00000001800093d0     PhysXCooking.res
