 PhysXCooking_64

 Timestamp is 66ddab11 (Sun Sep  8 09:48:01 2024)

 Preferred load address is 0000000180000000

 Start         Length     Name                   Class
 0001:00000000 00000060H .text$di                CODE
 0001:00000060 0001e680H .text$mn                CODE
 0001:0001e6e0 00000040H .text$mn$00             CODE
 0001:0001e720 00000a70H .text$mn$21             CODE
 0001:0001f190 00000690H .text$x                 CODE
 0002:00000000 00000278H .idata$5                DATA
 0002:00000278 00000038H .00cfg                  DATA
 0002:000002b0 00000008H .CRT$XCA                DATA
 0002:000002b8 00000030H .CRT$XCU                DATA
 0002:000002e8 00000008H .CRT$XCZ                DATA
 0002:000002f0 00000008H .CRT$XIA                DATA
 0002:000002f8 00000018H .CRT$XIC                DATA
 0002:00000310 00000008H .CRT$XIZ                DATA
 0002:00000318 00000008H .CRT$XPA                DATA
 0002:00000320 00000010H .CRT$XPX                DATA
 0002:00000330 00000008H .CRT$XPXA               DATA
 0002:00000338 00000008H .CRT$XPZ                DATA
 0002:00000340 00000008H .CRT$XTA                DATA
 0002:00000348 00000008H .CRT$XTZ                DATA
 0002:00000350 00000000H .gehcont$y              DATA
 0002:00000350 00000000H .gfids$y                DATA
 0002:00000350 00008d60H .rdata                  DATA
 0002:000090b0 000001d0H .rdata$00               DATA
 0002:00009280 00000000H .rdata$CastGuardVftablesA DATA
 0002:00009280 00000000H .rdata$CastGuardVftablesC DATA
 0002:00009280 0000043cH .rdata$r                DATA
 0002:000096bc 00000168H .rdata$voltmd           DATA
 0002:00009824 0000045cH .rdata$zzzdbg           DATA
 0002:00009c80 00000008H .rtc$IAA                DATA
 0002:00009c88 00000008H .rtc$IZZ                DATA
 0002:00009c90 00000008H .rtc$TAA                DATA
 0002:00009c98 00000008H .rtc$TZZ                DATA
 0002:00009ca0 00001638H .xdata                  DATA
 0002:0000b2d8 00000084H .xdata$x                DATA
 0002:0000b35c 00000040H .didat$2                DATA
 0002:0000b39c 00000024H .didat$3                DATA
 0002:0000b3c0 000000d8H .didat$4                DATA
 0002:0000b498 00000280H .didat$6                DATA
 0002:0000b718 000001f8H .didat$7                DATA
 0002:0000b910 00000b04H .edata                  DATA
 0002:0000c414 00000014H .idata$2                DATA
 0002:0000c428 00000018H .idata$3                DATA
 0002:0000c440 00000278H .idata$4                DATA
 0002:0000c6b8 000005aeH .idata$6                DATA
 0003:00000000 00000a70H .data                   DATA
 0003:00000a70 000000e0H .data$r                 DATA
 0003:00000b50 000000f0H .data$rs                DATA
 0003:00000c40 000000e0H .didat$5                DATA
 0003:00000d20 00001280H .bss                    DATA
 0004:00000000 00001914H .pdata                  DATA
 0005:00000000 000000a0H .rsrc$01                DATA
 0005:000000a0 000004b0H .rsrc$02                DATA

  Address         Publics by Value              Rva+Base               Lib:Object

 0000:00000000       __AbsoluteZero             0000000000000000     <absolute>
 0000:00000000       ___safe_se_handler_count   0000000000000000     <absolute>
 0000:00000000       ___safe_se_handler_table   0000000000000000     <absolute>
 0000:00000000       __arm64x_extra_rfe_table   0000000000000000     <absolute>
 0000:00000000       __arm64x_extra_rfe_table_size 0000000000000000     <absolute>
 0000:00000000       __arm64x_native_entrypoint 0000000000000000     <absolute>
 0000:00000000       __arm64x_redirection_metadata 0000000000000000     <absolute>
 0000:00000000       __arm64x_redirection_metadata_count 0000000000000000     <absolute>
 0000:00000000       __dynamic_value_reloc_table 0000000000000000     <absolute>
 0000:00000000       __enclave_config           0000000000000000     <absolute>
 0000:00000000       __guard_check_icall_a64n_fptr 0000000000000000     <absolute>
 0000:00000000       __guard_eh_cont_count      0000000000000000     <absolute>
 0000:00000000       __guard_eh_cont_table      0000000000000000     <absolute>
 0000:00000000       __guard_fids_count         0000000000000000     <absolute>
 0000:00000000       __guard_fids_table         0000000000000000     <absolute>
 0000:00000000       __guard_iat_count          0000000000000000     <absolute>
 0000:00000000       __guard_iat_table          0000000000000000     <absolute>
 0000:00000000       __guard_longjmp_count      0000000000000000     <absolute>
 0000:00000000       __guard_longjmp_table      0000000000000000     <absolute>
 0000:00000000       __hybrid_auxiliary_delayload_iat 0000000000000000     <absolute>
 0000:00000000       __hybrid_auxiliary_delayload_iat_copy 0000000000000000     <absolute>
 0000:00000000       __hybrid_auxiliary_iat     0000000000000000     <absolute>
 0000:00000000       __hybrid_auxiliary_iat_copy 0000000000000000     <absolute>
 0000:00000000       __hybrid_code_map          0000000000000000     <absolute>
 0000:00000000       __hybrid_code_map_count    0000000000000000     <absolute>
 0000:00000000       __hybrid_image_info_bitfield 0000000000000000     <absolute>
 0000:00000000       __x64_code_ranges_to_entry_points 0000000000000000     <absolute>
 0000:00000000       __x64_code_ranges_to_entry_points_count 0000000000000000     <absolute>
 0000:00000100       __guard_flags              0000000000000100     <absolute>
 0000:00000000       __ImageBase                0000000180000000     <linker-defined>
 0001:00000060       ??$copy@V?$PxReflectionAllocator@USlab@NodeAllocator@Gu@physx@@@physx@@@?$PxArray@USlab@NodeAllocator@Gu@physx@@V?$PxReflectionAllocator@USlab@NodeAllocator@Gu@physx@@@4@@physx@@IEAAXAEBV01@@Z 0000000180001060 f i Cooking.obj
 0001:000000e0       ??0AABBTreeBounds@Gu@physx@@QEAA@XZ 00000001800010e0 f i Cooking.obj
 0001:000000f0       ??0AABBTreeBuildNode@Gu@physx@@QEAA@AEBV012@@Z 00000001800010f0 f i Cooking.obj
 0001:000000f0       ??4AABBTreeBuildNode@Gu@physx@@QEAAAEAV012@AEBV012@@Z 00000001800010f0 f i Cooking.obj
 0001:00000130       ??0AABBTreeBuildNode@Gu@physx@@QEAA@XZ 0000000180001130 f i Cooking.obj
 0001:00000130       ??4PxFoundation@physx@@QEAAAEAV01@AEBV01@@Z 0000000180001130 f i Cooking.obj
 0001:00000130       ?getAABB@AABBTreeBuildNode@Gu@physx@@QEBAAEBVPxBounds3@3@XZ 0000000180001130 f i Cooking.obj
 0001:00000140       ??0AABBTreeBuildParams@Gu@physx@@QEAA@IIPEBVAABBTreeBounds@12@W4BVHBuildStrategy@12@@Z 0000000180001140 f i Cooking.obj
 0001:00000160       ??0NodeAllocator@Gu@physx@@QEAA@AEBV012@@Z 0000000180001160 f i Cooking.obj
 0001:000001a0       ??0PxFoundation@physx@@QEAA@AEBV01@@Z 00000001800011a0 f i Cooking.obj
 0001:000001a0       ??0PxFoundation@physx@@QEAA@XZ 00000001800011a0 f i Cooking.obj
 0001:000001b0       ??1AABBTreeBounds@Gu@physx@@QEAA@XZ 00000001800011b0 f i Cooking.obj
 0001:000001c0       ??1AABBTreeBuildNode@Gu@physx@@QEAA@XZ 00000001800011c0 f i Cooking.obj
 0001:000001c0       _guard_check_icall_nop     00000001800011c0 f i LIBCMT:guard_support.obj
 0001:000001d0       ??1AABBTreeBuildParams@Gu@physx@@QEAA@XZ 00000001800011d0 f i Cooking.obj
 0001:000001d0       ?reset@AABBTreeBuildParams@Gu@physx@@QEAAXXZ 00000001800011d0 f i Cooking.obj
 0001:00000220       ??1PxFoundation@physx@@MEAA@XZ 0000000180001220 f i Cooking.obj
 0001:00000230       ??4AABBTreeBounds@Gu@physx@@QEAAAEAV012@AEBV012@@Z 0000000180001230 f i Cooking.obj
 0001:00000240       ??4AABBTreeBuildParams@Gu@physx@@QEAAAEAV012@AEBV012@@Z 0000000180001240 f i Cooking.obj
 0001:00000260       ??4NodeAllocator@Gu@physx@@QEAAAEAV012@AEBV012@@Z 0000000180001260 f i Cooking.obj
 0001:00000310       ??_EPxFoundation@physx@@MEAAPEAXI@Z 0000000180001310 f i Cooking.obj
 0001:000003a0       ??_FAABBTreeBuildParams@Gu@physx@@QEAAXXZ 00000001800013a0 f i Cooking.obj
 0001:000003c0       ?allocate@?$PxArray@USlab@NodeAllocator@Gu@physx@@V?$PxReflectionAllocator@USlab@NodeAllocator@Gu@physx@@@4@@physx@@IEAAPEAUSlab@NodeAllocator@Gu@2@IPEAI@Z 00000001800013c0 f i Cooking.obj
 0001:00000450       ?getBounds@AABBTreeBounds@Gu@physx@@QEAAPEAVPxBounds3@3@XZ 0000000180001450 f i Cooking.obj
 0001:00000450       ?getBounds@AABBTreeBounds@Gu@physx@@QEBAPEBVPxBounds3@3@XZ 0000000180001450 f i Cooking.obj
 0001:00000460       ?getNbPrimitives@AABBTreeBuildNode@Gu@physx@@QEBAIXZ 0000000180001460 f i Cooking.obj
 0001:00000460       ?getNbRuntimePrimitives@AABBTreeBuildNode@Gu@physx@@QEBAIXZ 0000000180001460 f i Cooking.obj
 0001:00000470       ?getNeg@AABBTreeBuildNode@Gu@physx@@QEBAPEBV123@XZ 0000000180001470 f i Cooking.obj
 0001:00000490       ?getPos@AABBTreeBuildNode@Gu@physx@@QEBAPEBV123@XZ 0000000180001490 f i Cooking.obj
 0001:000004a0       ?getPrimitives@AABBTreeBuildNode@Gu@physx@@QEAAPEAIPEAI@Z 00000001800014a0 f i Cooking.obj
 0001:000004a0       ?getPrimitives@AABBTreeBuildNode@Gu@physx@@QEBAPEBIPEBI@Z 00000001800014a0 f i Cooking.obj
 0001:000004b0       ?isLeaf@AABBTreeBuildNode@Gu@physx@@QEBA_NXZ 00000001800014b0 f i Cooking.obj
 0001:000004c0       ?moveFrom@AABBTreeBounds@Gu@physx@@QEAAXAEAV123@@Z 00000001800014c0 f i Cooking.obj
 0001:000004d0       ?ownsMemory@AABBTreeBounds@Gu@physx@@QEBA_NXZ 00000001800014d0 f i Cooking.obj
 0001:000004e0       ?recreate@?$PxArray@USlab@NodeAllocator@Gu@physx@@V?$PxReflectionAllocator@USlab@NodeAllocator@Gu@physx@@@4@@physx@@IEAAXI@Z 00000001800014e0 f i Cooking.obj
 0001:000005d0       ?setBounds@AABBTreeBounds@Gu@physx@@QEAAXPEAVPxBounds3@3@@Z 00000001800015d0 f i Cooking.obj
 0001:000005e0       ?setNbRunTimePrimitives@AABBTreeBuildNode@Gu@physx@@QEAAXI@Z 00000001800015e0 f i Cooking.obj
 0001:000005f0       ?takeOwnership@AABBTreeBounds@Gu@physx@@QEAAXXZ 00000001800015f0 f i Cooking.obj
 0001:00000600       PxAssembleSoftBodyMesh     0000000180001600 f   Cooking.obj
 0001:00000610       PxAssembleSoftBodyMesh_Sim 0000000180001610 f   Cooking.obj
 0001:00000620       PxComputeCollisionData     0000000180001620 f   Cooking.obj
 0001:00000630       PxComputeHullPolygons      0000000180001630 f   Cooking.obj
 0001:00000640       PxComputeModelsMapping     0000000180001640 f   Cooking.obj
 0001:00000650       PxComputeSimulationData    0000000180001650 f   Cooking.obj
 0001:00000660       PxCookBVH                  0000000180001660 f   Cooking.obj
 0001:00000670       PxCookConvexMesh           0000000180001670 f   Cooking.obj
 0001:00000680       PxCookHeightField          0000000180001680 f   Cooking.obj
 0001:00000690       PxCookSoftBodyMesh         0000000180001690 f   Cooking.obj
 0001:000006a0       PxCookTetrahedronMesh      00000001800016a0 f   Cooking.obj
 0001:000006b0       PxCookTriangleMesh         00000001800016b0 f   Cooking.obj
 0001:000006c0       PxCreateBVH                00000001800016c0 f   Cooking.obj
 0001:000006d0       PxCreateBVHInternal        00000001800016d0 f   Cooking.obj
 0001:00000760       PxCreateConvexMesh         0000000180001760 f   Cooking.obj
 0001:00000770       PxCreateHeightField        0000000180001770 f   Cooking.obj
 0001:00000780       PxCreateSoftBodyMesh       0000000180001780 f   Cooking.obj
 0001:00000790       PxCreateTetrahedronMesh    0000000180001790 f   Cooking.obj
 0001:000007a0       PxCreateTriangleMesh       00000001800017a0 f   Cooking.obj
 0001:000007b0       PxCreateTriangleMeshInternal 00000001800017b0 f   Cooking.obj
 0001:00000840       PxGetStandaloneInsertionCallback 0000000180001840 f   Cooking.obj
 0001:00000850       PxValidateConvexMesh       0000000180001850 f   Cooking.obj
 0001:00000860       PxValidateTriangleMesh     0000000180001860 f   Cooking.obj
 0001:00000870       ?cookingDelayHook@@YAP6A_JXZIPEAUDelayLoadInfo@@@Z 0000000180001870 f   WindowsCookingDelayLoadHook.obj
 0001:00000950       PxSetPhysXCookingDelayLoadHook 0000000180001950 f   WindowsCookingDelayLoadHook.obj
 0001:00000958       getInsertionCallback       0000000180001958 f   PhysXCommon_64:PhysXCommon_64.dll
 0001:0000095e       __tailMerge_physxcommon_64_dll 000000018000195e     PhysXCommon_64:PhysXCommon_64.dll
 0001:000009d7       __imp_load_getInsertionCallback 00000001800019d7 f   PhysXCommon_64:PhysXCommon_64.dll
 0001:000009e3       cookBVH                    00000001800019e3 f   PhysXCommon_64:PhysXCommon_64.dll
 0001:000009e9       __imp_load_cookBVH         00000001800019e9 f   PhysXCommon_64:PhysXCommon_64.dll
 0001:000009f5       createBVH                  00000001800019f5 f   PhysXCommon_64:PhysXCommon_64.dll
 0001:000009fb       __imp_load_createBVH       00000001800019fb f   PhysXCommon_64:PhysXCommon_64.dll
 0001:00000a07       cookHeightField            0000000180001a07 f   PhysXCommon_64:PhysXCommon_64.dll
 0001:00000a0d       __imp_load_cookHeightField 0000000180001a0d f   PhysXCommon_64:PhysXCommon_64.dll
 0001:00000a19       createHeightField          0000000180001a19 f   PhysXCommon_64:PhysXCommon_64.dll
 0001:00000a1f       __imp_load_createHeightField 0000000180001a1f f   PhysXCommon_64:PhysXCommon_64.dll
 0001:00000a2b       cookConvexMesh             0000000180001a2b f   PhysXCommon_64:PhysXCommon_64.dll
 0001:00000a31       __imp_load_cookConvexMesh  0000000180001a31 f   PhysXCommon_64:PhysXCommon_64.dll
 0001:00000a3d       createConvexMesh           0000000180001a3d f   PhysXCommon_64:PhysXCommon_64.dll
 0001:00000a43       __imp_load_createConvexMesh 0000000180001a43 f   PhysXCommon_64:PhysXCommon_64.dll
 0001:00000a4f       validateConvexMesh         0000000180001a4f f   PhysXCommon_64:PhysXCommon_64.dll
 0001:00000a55       __imp_load_validateConvexMesh 0000000180001a55 f   PhysXCommon_64:PhysXCommon_64.dll
 0001:00000a61       computeHullPolygons        0000000180001a61 f   PhysXCommon_64:PhysXCommon_64.dll
 0001:00000a67       __imp_load_computeHullPolygons 0000000180001a67 f   PhysXCommon_64:PhysXCommon_64.dll
 0001:00000a73       validateTriangleMesh       0000000180001a73 f   PhysXCommon_64:PhysXCommon_64.dll
 0001:00000a79       __imp_load_validateTriangleMesh 0000000180001a79 f   PhysXCommon_64:PhysXCommon_64.dll
 0001:00000a85       createTriangleMesh         0000000180001a85 f   PhysXCommon_64:PhysXCommon_64.dll
 0001:00000a8b       __imp_load_createTriangleMesh 0000000180001a8b f   PhysXCommon_64:PhysXCommon_64.dll
 0001:00000a97       cookTriangleMesh           0000000180001a97 f   PhysXCommon_64:PhysXCommon_64.dll
 0001:00000a9d       __imp_load_cookTriangleMesh 0000000180001a9d f   PhysXCommon_64:PhysXCommon_64.dll
 0001:00000aa9       cookTetrahedronMesh        0000000180001aa9 f   PhysXCommon_64:PhysXCommon_64.dll
 0001:00000aaf       __imp_load_cookTetrahedronMesh 0000000180001aaf f   PhysXCommon_64:PhysXCommon_64.dll
 0001:00000abb       createTetrahedronMesh      0000000180001abb f   PhysXCommon_64:PhysXCommon_64.dll
 0001:00000ac1       __imp_load_createTetrahedronMesh 0000000180001ac1 f   PhysXCommon_64:PhysXCommon_64.dll
 0001:00000acd       cookSoftBodyMesh           0000000180001acd f   PhysXCommon_64:PhysXCommon_64.dll
 0001:00000ad3       __imp_load_cookSoftBodyMesh 0000000180001ad3 f   PhysXCommon_64:PhysXCommon_64.dll
 0001:00000adf       createSoftBodyMesh         0000000180001adf f   PhysXCommon_64:PhysXCommon_64.dll
 0001:00000ae5       __imp_load_createSoftBodyMesh 0000000180001ae5 f   PhysXCommon_64:PhysXCommon_64.dll
 0001:00000af1       computeModelsMapping       0000000180001af1 f   PhysXCommon_64:PhysXCommon_64.dll
 0001:00000af7       __imp_load_computeModelsMapping 0000000180001af7 f   PhysXCommon_64:PhysXCommon_64.dll
 0001:00000b03       computeCollisionData       0000000180001b03 f   PhysXCommon_64:PhysXCommon_64.dll
 0001:00000b09       __imp_load_computeCollisionData 0000000180001b09 f   PhysXCommon_64:PhysXCommon_64.dll
 0001:00000b15       computeSimulationData      0000000180001b15 f   PhysXCommon_64:PhysXCommon_64.dll
 0001:00000b1b       __imp_load_computeSimulationData 0000000180001b1b f   PhysXCommon_64:PhysXCommon_64.dll
 0001:00000b27       assembleSoftBodyMesh       0000000180001b27 f   PhysXCommon_64:PhysXCommon_64.dll
 0001:00000b2d       __imp_load_assembleSoftBodyMesh 0000000180001b2d f   PhysXCommon_64:PhysXCommon_64.dll
 0001:00000b39       assembleSoftBodyMesh_Sim   0000000180001b39 f   PhysXCommon_64:PhysXCommon_64.dll
 0001:00000b3f       __imp_load_assembleSoftBodyMesh_Sim 0000000180001b3f f   PhysXCommon_64:PhysXCommon_64.dll
 0001:00000b4b       ?release@AABBTreeBounds@Gu@physx@@QEAAXXZ 0000000180001b4b f   PhysXCommon_64:PhysXCommon_64.dll
 0001:00000b51       __imp_load_?release@AABBTreeBounds@Gu@physx@@QEAAXXZ 0000000180001b51 f   PhysXCommon_64:PhysXCommon_64.dll
 0001:00000b5d       ??0BVH@Gu@physx@@QEAA@AEBUPxBVHInternalData@2@@Z 0000000180001b5d f   PhysXCommon_64:PhysXCommon_64.dll
 0001:00000b63       __imp_load_??0BVH@Gu@physx@@QEAA@AEBUPxBVHInternalData@2@@Z 0000000180001b63 f   PhysXCommon_64:PhysXCommon_64.dll
 0001:00000b6f       ??0BV4TriangleMesh@Gu@physx@@QEAA@AEBUPxTriangleMeshInternalData@2@@Z 0000000180001b6f f   PhysXCommon_64:PhysXCommon_64.dll
 0001:00000b75       __imp_load_??0BV4TriangleMesh@Gu@physx@@QEAA@AEBUPxTriangleMeshInternalData@2@@Z 0000000180001b75 f   PhysXCommon_64:PhysXCommon_64.dll
 0001:00000b81       PxGetBroadcastAllocator    0000000180001b81 f   PhysXFoundation_64:PhysXFoundation_64.dll
 0001:00000b87       __tailMerge_physxfoundation_64_dll 0000000180001b87     PhysXFoundation_64:PhysXFoundation_64.dll
 0001:00000c00       __imp_load_PxGetBroadcastAllocator 0000000180001c00 f   PhysXFoundation_64:PhysXFoundation_64.dll
 0001:00000cf8       ?DloadAcquireSectionWriteAccess@@YAXXZ 0000000180001cf8 f i Delayimp:delayhlp.obj
 0001:00000db4       ?DloadGetSRWLockFunctionPointers@@YAEXZ 0000000180001db4 f i Delayimp:delayhlp.obj
 0001:00000e54       ?DloadMakePermanentImageCommit@@YAXPEAX_K@Z 0000000180001e54 f i Delayimp:delayhlp.obj
 0001:00000eec       ?DloadObtainSection@@YAPEAXPEAK0@Z 0000000180001eec f i Delayimp:delayhlp.obj
 0001:00000f88       ?DloadProtectSection@@YAXPEAX_KKPEAK@Z 0000000180001f88 f i Delayimp:delayhlp.obj
 0001:00001080       ?DloadReleaseSectionWriteAccess@@YAXXZ 0000000180002080 f i Delayimp:delayhlp.obj
 0001:0000112c       __delayLoadHelper2         000000018000212c f   Delayimp:delayhlp.obj
 0001:00001428       ??3@YAXPEAX@Z              0000000180002428 f   LIBCMT:delete_scalar.obj
 0001:00001430       ??3@YAXPEAX_K@Z            0000000180002430 f   LIBCMT:delete_scalar_size.obj
 0001:00001430       ??_V@YAXPEAX@Z             0000000180002430 f   LIBCMT:delete_array.obj
 0001:00001438       ??_V@YAXPEAX_K@Z           0000000180002438 f   LIBCMT:delete_array_size.obj
 0001:00001440       ??_Etype_info@@UEAAPEAXI@Z 0000000180002440 f i LIBCMT:std_type_info_static.obj
 0001:00001440       ??_Gtype_info@@UEAAPEAXI@Z 0000000180002440 f i LIBCMT:std_type_info_static.obj
 0001:0000146c       ?__scrt_initialize_type_info@@YAXXZ 000000018000246c f   LIBCMT:tncleanup.obj
 0001:0000147c       ?__scrt_uninitialize_type_info@@YAXXZ 000000018000247c f   LIBCMT:tncleanup.obj
 0001:00001798       _DllMainCRTStartup         0000000180002798 f   LIBCMT:dll_dllmain.obj
 0001:000017d8       __security_init_cookie     00000001800027d8 f   LIBCMT:gs_support.obj
 0001:00001884       ?length@charNode@@UEBAHXZ  0000000180002884 f   libvcruntime:undname.obj
 0001:00001884       ?raw_length@charNode@@UEBAHXZ 0000000180002884 f   libvcruntime:undname.obj
 0001:00001884       DllMain                    0000000180002884 f   LIBCMT:dll_dllmain_stub.obj
 0001:00001884       _get_startup_argv_mode     0000000180002884 f   LIBCMT:argv_mode.obj
 0001:0000188c       __local_stdio_printf_options 000000018000288c f i LIBCMT:default_local_stdio_options.obj
 0001:00001894       __local_stdio_scanf_options 0000000180002894 f i LIBCMT:default_local_stdio_options.obj
 0001:0000189c       __scrt_initialize_default_local_stdio_options 000000018000289c f   LIBCMT:default_local_stdio_options.obj
 0001:000018b8       __scrt_acquire_startup_lock 00000001800028b8 f   LIBCMT:utility.obj
 0001:000018f4       __scrt_dllmain_after_initialize_c 00000001800028f4 f   LIBCMT:utility.obj
 0001:00001928       __scrt_dllmain_before_initialize_c 0000000180002928 f   LIBCMT:utility.obj
 0001:00001940       __scrt_dllmain_crt_thread_attach 0000000180002940 f   LIBCMT:utility.obj
 0001:00001968       __scrt_dllmain_crt_thread_detach 0000000180002968 f   LIBCMT:utility.obj
 0001:00001980       __scrt_dllmain_exception_filter 0000000180002980 f   LIBCMT:utility.obj
 0001:000019e0       __scrt_dllmain_uninitialize_c 00000001800029e0 f   LIBCMT:utility.obj
 0001:00001a10       __scrt_dllmain_uninitialize_critical 0000000180002a10 f   LIBCMT:utility.obj
 0001:00001a24       __scrt_initialize_crt      0000000180002a24 f   LIBCMT:utility.obj
 0001:00001a60       __scrt_initialize_onexit_tables 0000000180002a60 f   LIBCMT:utility.obj
 0001:00001aec       __scrt_is_nonwritable_in_current_image 0000000180002aec f   LIBCMT:utility.obj
 0001:00001b84       __scrt_release_startup_lock 0000000180002b84 f   LIBCMT:utility.obj
 0001:00001ba8       __scrt_uninitialize_crt    0000000180002ba8 f   LIBCMT:utility.obj
 0001:00001bd4       __scrt_get_dyn_tls_init_callback 0000000180002bd4 f   LIBCMT:dyn_tls_init.obj
 0001:00001bdc       __crt_debugger_hook        0000000180002bdc f   LIBCMT:utility_desktop.obj
 0001:00001be4       __scrt_fastfail            0000000180002be4 f   LIBCMT:utility_desktop.obj
 0001:00001d2c       _RTC_Initialize            0000000180002d2c f   LIBCMT:initsect.obj
 0001:00001d68       _RTC_Terminate             0000000180002d68 f   LIBCMT:initsect.obj
 0001:00001db0       __isa_available_init       0000000180002db0 f   LIBCMT:cpu_disp.obj
 0001:0000207c       __scrt_is_ucrt_dll_in_use  000000018000307c f   LIBCMT:ucrt_detection.obj
 0001:00002088       _get_purecall_handler      0000000180003088 f   libvcruntime:purevirt.obj
 0001:00002094       _purecall                  0000000180003094 f   libvcruntime:purevirt.obj
 0001:000020b8       __std_type_info_compare    00000001800030b8 f   libvcruntime:std_type_info.obj
 0001:000020e0       __std_type_info_destroy_list 00000001800030e0 f   libvcruntime:std_type_info.obj
 0001:0000210c       __std_type_info_name       000000018000310c f   libvcruntime:std_type_info.obj
 0001:00002224       strstr                     0000000180003224 f   libvcruntime:strstr.obj
 0001:0000240c       __C_specific_handler       000000018000340c f   libvcruntime:riscchandler.obj
 0001:00002624       __vcrt_initialize          0000000180003624 f   libvcruntime:initialization.obj
 0001:0000264c       __vcrt_thread_attach       000000018000364c f   libvcruntime:initialization.obj
 0001:00002660       __vcrt_thread_detach       0000000180003660 f   libvcruntime:initialization.obj
 0001:00002670       __vcrt_uninitialize        0000000180003670 f   libvcruntime:initialization.obj
 0001:0000268c       __vcrt_uninitialize_critical 000000018000368c f   libvcruntime:initialization.obj
 0001:0000269c       __DestructExceptionObject  000000018000369c f   libvcruntime:ehhelpers.obj
 0001:0000270c       ?_CallMemberFunction0@@YAXQEAX0@Z 000000018000370c f i libvcruntime:ehhelpers.obj
 0001:00002710       _IsExceptionObjectToBeDestroyed 0000000180003710 f   libvcruntime:ehhelpers.obj
 0001:00002740       __AdjustPointer            0000000180003740 f   libvcruntime:ehhelpers.obj
 0001:00002764       __FrameUnwindFilter        0000000180003764 f   libvcruntime:ehhelpers.obj
 0001:000027cc       __std_terminate            00000001800037cc f   libvcruntime:ehhelpers.obj
 0001:000027e0       ??$?0$00@DName@@QEAA@PEBDU?$StringLifeSelector@$00@@@Z 00000001800037e0 f i libvcruntime:undname.obj
 0001:00002820       ??$?0$01@DName@@QEAA@PEBDU?$StringLifeSelector@$01@@@Z 0000000180003820 f i libvcruntime:undname.obj
 0001:00002820       ??$?0$0A@@DName@@QEAA@PEBDU?$StringLifeSelector@$0A@@@@Z 0000000180003820 f i libvcruntime:undname.obj
 0001:00002860       ??$?0$01@pcharNode@@QEAA@PEBDHU?$StringLifeSelector@$01@@@Z 0000000180003860 f i libvcruntime:undname.obj
 0001:00002860       ??$?0$0A@@pcharNode@@QEAA@PEBDHU?$StringLifeSelector@$0A@@@@Z 0000000180003860 f i libvcruntime:undname.obj
 0001:000028d4       ??$append@VDNameNode@@@DName@@AEAAXPEBVDNameNode@@@Z 00000001800038d4 f i libvcruntime:undname.obj
 0001:000028d4       ??$append@VDNameStatusNode@@@DName@@AEAAXPEBVDNameStatusNode@@@Z 00000001800038d4 f i libvcruntime:undname.obj
 0001:000028d4       ??$append@VcharNode@@@DName@@AEAAXPEBVcharNode@@@Z 00000001800038d4 f i libvcruntime:undname.obj
 0001:000028d4       ??$append@VpcharNode@@@DName@@AEAAXPEBVpcharNode@@@Z 00000001800038d4 f i libvcruntime:undname.obj
 0001:00002938       ??$doPchar@$00@DName@@AEAAXPEBDH@Z 0000000180003938 f i libvcruntime:undname.obj
 0001:000029d0       ??$doPchar@$01@DName@@AEAAXPEBDH@Z 00000001800039d0 f i libvcruntime:undname.obj
 0001:000029d0       ??$doPchar@$0A@@DName@@AEAAXPEBDH@Z 00000001800039d0 f i libvcruntime:undname.obj
 0001:00002a68       ??0DName@@QEAA@AEAPEBDD@Z  0000000180003a68 f   libvcruntime:undname.obj
 0001:00002b1c       ??0DName@@QEAA@AEBUStringLiteral@@@Z 0000000180003b1c f   libvcruntime:undname.obj
 0001:00002b48       ??0DName@@QEAA@PEAV0@@Z    0000000180003b48 f   libvcruntime:undname.obj
 0001:00002bcc       ??0DName@@QEAA@_J@Z        0000000180003bcc f   libvcruntime:undname.obj
 0001:00002c70       ??0DName@@QEAA@_K@Z        0000000180003c70 f   libvcruntime:undname.obj
 0001:00002cf8       ??0UnDecorator@@QEAA@PEBDP6APEADJ@ZK@Z 0000000180003cf8 f i libvcruntime:undname.obj
 0001:00002dac       ??2@YAPEAX_KAEAV_HeapManager@@H@Z 0000000180003dac f   libvcruntime:undname.obj
 0001:00002dd8       ??4DName@@QEAAAEAV0@W4DNameStatus@@@Z 0000000180003dd8 f   libvcruntime:undname.obj
 0001:00002e08       ??AReplicator@@QEBA?AVDName@@H@Z 0000000180003e08 f   libvcruntime:undname.obj
 0001:00002e48       ??HDName@@QEBA?AV0@AEBUStringLiteral@@@Z 0000000180003e48 f   libvcruntime:undname.obj
 0001:00002e74       ??HDName@@QEBA?AV0@AEBV0@@Z 0000000180003e74 f   libvcruntime:undname.obj
 0001:00002ea0       ??HDName@@QEBA?AV0@D@Z     0000000180003ea0 f   libvcruntime:undname.obj
 0001:00002ecc       ??HDName@@QEBA?AV0@W4DNameStatus@@@Z 0000000180003ecc f   libvcruntime:undname.obj
 0001:00002ef8       ??YDName@@QEAAAEAV0@AEBUStringLiteral@@@Z 0000000180003ef8 f   libvcruntime:undname.obj
 0001:00002f78       ??YDName@@QEAAAEAV0@AEBV0@@Z 0000000180003f78 f   libvcruntime:undname.obj
 0001:00002fd0       ??YDName@@QEAAAEAV0@D@Z    0000000180003fd0 f   libvcruntime:undname.obj
 0001:0000303c       ??YDName@@QEAAAEAV0@W4DNameStatus@@@Z 000000018000403c f   libvcruntime:undname.obj
 0001:00003094       ??YReplicator@@QEAAAEAV0@AEBVDName@@@Z 0000000180004094 f   libvcruntime:undname.obj
 0001:000030ec       ?UScore@UnDecorator@@SA?AUStringLiteral@@W4Tokens@@@Z 00000001800040ec f   libvcruntime:undname.obj
 0001:00003138       ?composeDeclaration@UnDecorator@@CA?AVDName@@AEBV2@@Z 0000000180004138 f i libvcruntime:undname.obj
 0001:000040f4       ?doPchar@DName@@AEAAXD@Z   00000001800050f4 f   libvcruntime:undname.obj
 0001:00004144       ?getAddressOf@UnDecorator@@CA?AVDName@@XZ 0000000180005144 f   libvcruntime:undname.obj
 0001:000041d4       ?getArgumentList@UnDecorator@@CA?AVDName@@XZ 00000001800051d4 f   libvcruntime:undname.obj
 0001:00004358       ?getArgumentTypes@UnDecorator@@CA?AVDName@@XZ 0000000180005358 f   libvcruntime:undname.obj
 0001:000044a4       ?getArrayAccess@UnDecorator@@CA?AVDName@@XZ 00000001800054a4 f   libvcruntime:undname.obj
 0001:00004540       ?getArrayObject@UnDecorator@@CA?AVDName@@XZ 0000000180005540 f   libvcruntime:undname.obj
 0001:00004610       ?getArrayType@UnDecorator@@CA?AVDName@@AEBV2@@Z 0000000180005610 f i libvcruntime:undname.obj
 0001:0000486c       ?getBasedType@UnDecorator@@CA?AVDName@@XZ 000000018000586c f   libvcruntime:undname.obj
 0001:00004964       ?getBasicDataType@UnDecorator@@CA?AVDName@@AEBV2@@Z 0000000180005964 f   libvcruntime:undname.obj
 0001:00004f64       ?getCallingConvention@UnDecorator@@CA?AVDName@@XZ 0000000180005f64 f   libvcruntime:undname.obj
 0001:00005084       ?getDataIndirectType@UnDecorator@@CA?AVDName@@AEBV2@W4IndirectionKind@@0H@Z 0000000180006084 f   libvcruntime:undname.obj
 0001:000059cc       ?getDataType@UnDecorator@@CA?AVDName@@PEAV2@@Z 00000001800069cc f   libvcruntime:undname.obj
 0001:00005ae0       ?getDecoratedName@UnDecorator@@CA?AVDName@@XZ 0000000180006ae0 f   libvcruntime:undname.obj
 0001:00005dc8       ?getDimension@UnDecorator@@CA?AVDName@@_N@Z 0000000180006dc8 f   libvcruntime:undname.obj
 0001:00005f10       ?getDispatchTarget@UnDecorator@@CA?AVDName@@XZ 0000000180006f10 f   libvcruntime:undname.obj
 0001:00005f70       ?getECSUDataType@UnDecorator@@CA?AVDName@@XZ 0000000180006f70 f   libvcruntime:undname.obj
 0001:0000616c       ?getEnumType@UnDecorator@@CA?AVDName@@XZ 000000018000716c f i libvcruntime:undname.obj
 0001:00006294       ?getExtendedDataIndirectType@UnDecorator@@CA?AVDName@@AEAW4IndirectionKind@@AEA_NH@Z 0000000180007294 f   libvcruntime:undname.obj
 0001:00006500       ?getExternalDataType@UnDecorator@@CA?AVDName@@AEBV2@@Z 0000000180007500 f i libvcruntime:undname.obj
 0001:000065c0       ?getFloatingPoint@UnDecorator@@CA?AVDName@@H@Z 00000001800075c0 f   libvcruntime:undname.obj
 0001:00006728       ?getFunctionIndirectType@UnDecorator@@CA?AVDName@@AEBV2@@Z 0000000180007728 f   libvcruntime:undname.obj
 0001:00006c5c       ?getLastChar@DNameStatusNode@@UEBADXZ 0000000180007c5c f i libvcruntime:undname.obj
 0001:00006c68       ?getLastChar@charNode@@UEBADXZ 0000000180007c68 f i libvcruntime:undname.obj
 0001:00006c6c       ?getLastChar@pDNameNode@@UEBADXZ 0000000180007c6c f i libvcruntime:undname.obj
 0001:00006c98       ?getLastChar@pairNode@@UEBADXZ 0000000180007c98 f i libvcruntime:undname.obj
 0001:00006cd0       ?getLastChar@pcharNode@@UEBADXZ 0000000180007cd0 f i libvcruntime:undname.obj
 0001:00006ce4       ?getLexicalFrame@UnDecorator@@CA?AVDName@@XZ 0000000180007ce4 f i libvcruntime:undname.obj
 0001:00006d48       ?getMemberAccess@UnDecorator@@CA?AVDName@@XZ 0000000180007d48 f   libvcruntime:undname.obj
 0001:00006ddc       ?getMemoryWithBuffer@_HeapManager@@QEAAPEAX_K@Z 0000000180007ddc f   libvcruntime:undname.obj
 0001:00006e6c       ?getNoexcept@UnDecorator@@CA?AVDName@@XZ 0000000180007e6c f   libvcruntime:undname.obj
 0001:00006ed0       ?getNumberOfDimensions@UnDecorator@@CAHXZ 0000000180007ed0 f   libvcruntime:undname.obj
 0001:00006f2c       ?getOperatorName@UnDecorator@@CA?AVDName@@_NPEA_N@Z 0000000180007f2c f i libvcruntime:undname.obj
 0001:000078c8       ?getPointerToMember@UnDecorator@@CA?AVDName@@XZ 00000001800088c8 f   libvcruntime:undname.obj
 0001:000079c0       ?getPrimaryDataType@UnDecorator@@CA?AVDName@@AEBV2@@Z 00000001800089c0 f   libvcruntime:undname.obj
 0001:00007c78       ?getPtrRefDataType@UnDecorator@@CA?AVDName@@AEBV2@H@Z 0000000180008c78 f   libvcruntime:undname.obj
 0001:00007e44       ?getPtrRefType@UnDecorator@@CA?AVDName@@AEBV2@0W4IndirectionKind@@@Z 0000000180008e44 f   libvcruntime:undname.obj
 0001:0000802c       ?getRestrictionSpec@UnDecorator@@CA?AVDName@@XZ 000000018000902c f   libvcruntime:undname.obj
 0001:00008208       ?getReturnType@UnDecorator@@CA?AVDName@@PEAV2@@Z 0000000180009208 f   libvcruntime:undname.obj
 0001:0000823c       ?getScope@UnDecorator@@CA?AVDName@@XZ 000000018000923c f   libvcruntime:undname.obj
 0001:000086f4       ?getScopedName@UnDecorator@@CA?AVDName@@XZ 00000001800096f4 f   libvcruntime:undname.obj
 0001:00008838       ?getSignedDimension@UnDecorator@@CA?AVDName@@XZ 0000000180009838 f   libvcruntime:undname.obj
 0001:000088c0       ?getString@DNameStatusNode@@UEBAPEADPEAD0@Z 00000001800098c0 f i libvcruntime:undname.obj
 0001:00008908       ?getString@charNode@@UEBAPEADPEAD0@Z 0000000180009908 f i libvcruntime:undname.obj
 0001:0000891c       ?getString@pDNameNode@@UEBAPEADPEAD0@Z 000000018000991c f i libvcruntime:undname.obj
 0001:0000894c       ?getString@pairNode@@UEBAPEADPEAD0@Z 000000018000994c f i libvcruntime:undname.obj
 0001:00008998       ?getString@pcharNode@@UEBAPEADPEAD0@Z 0000000180009998 f i libvcruntime:undname.obj
 0001:000089d0       ?getStringEncoding@UnDecorator@@CA?AVDName@@W4PrefixKind@@H@Z 00000001800099d0 f   libvcruntime:undname.obj
 0001:00008ae0       ?getStringObject@UnDecorator@@CA?AVDName@@XZ 0000000180009ae0 f   libvcruntime:undname.obj
 0001:00008b70       ?getSymbolName@UnDecorator@@CA?AVDName@@XZ 0000000180009b70 f i libvcruntime:undname.obj
 0001:00008bbc       ?getTemplateArgumentList@UnDecorator@@CA?AVDName@@XZ 0000000180009bbc f   libvcruntime:undname.obj
 0001:00008ddc       ?getTemplateName@UnDecorator@@CA?AVDName@@_N@Z 0000000180009ddc f   libvcruntime:undname.obj
 0001:0000908c       ?getTemplateNonTypeArgument@UnDecorator@@CA?AVDName@@XZ 000000018000a08c f   libvcruntime:undname.obj
 0001:000095dc       ?getTemplateTypeArgument@UnDecorator@@CA?AVDName@@XZ 000000018000a5dc f   libvcruntime:undname.obj
 0001:00009744       ?getThrowTypes@UnDecorator@@CA?AVDName@@XZ 000000018000a744 f   libvcruntime:undname.obj
 0001:00009768       ?getTypeEncoding@UnDecorator@@CAHXZ 000000018000a768 f i libvcruntime:undname.obj
 0001:00009b24       ?getUndecoratedName@UnDecorator@@QEAAPEADPEADH@Z 000000018000ab24 f i libvcruntime:undname.obj
 0001:00009c84       ?getUnionObject@UnDecorator@@CA?AVDName@@XZ 000000018000ac84 f   libvcruntime:undname.obj
 0001:00009d5c       ?getVCallThunkType@UnDecorator@@CA?AVDName@@XZ 000000018000ad5c f i libvcruntime:undname.obj
 0001:00009dd4       ?getValue@UnDecorator@@CA?AV?$optional@_K@std@@XZ 000000018000add4 f   libvcruntime:undname.obj
 0001:00009e18       ?getValueObject@UnDecorator@@CA?AVDName@@XZ 000000018000ae18 f   libvcruntime:undname.obj
 0001:00009f9c       ?getVdispMapType@UnDecorator@@CA?AVDName@@AEBV2@@Z 000000018000af9c f i libvcruntime:undname.obj
 0001:0000a018       ?getVfTableType@UnDecorator@@CA?AVDName@@AEBV2@@Z 000000018000b018 f i libvcruntime:undname.obj
 0001:0000a224       ?getZName@UnDecorator@@CA?AVDName@@_N0@Z 000000018000b224 f   libvcruntime:undname.obj
 0001:0000a4f8       ?length@DNameStatusNode@@UEBAHXZ 000000018000b4f8 f i libvcruntime:undname.obj
 0001:0000a4f8       ?raw_length@DNameStatusNode@@UEBAHXZ 000000018000b4f8 f i libvcruntime:undname.obj
 0001:0000a4fc       ?length@pDNameNode@@UEBAHXZ 000000018000b4fc f i libvcruntime:undname.obj
 0001:0000a524       ?length@pairNode@@UEBAHXZ  000000018000b524 f i libvcruntime:undname.obj
 0001:0000a56c       ?length@pcharNode@@UEBAHXZ 000000018000b56c f i libvcruntime:undname.obj
 0001:0000a56c       ?raw_length@pcharNode@@UEBAHXZ 000000018000b56c f i libvcruntime:undname.obj
 0001:0000a570       ?parseDecoratedName@UnDecorator@@CA?AVDName@@XZ 000000018000b570 f   libvcruntime:undname.obj
 0001:0000a688       ?raw_length@pDNameNode@@UEBAHXZ 000000018000b688 f i libvcruntime:undname.obj
 0001:0000a68c       ?raw_length@pairNode@@UEBAHXZ 000000018000b68c f i libvcruntime:undname.obj
 0001:0000a690       __unDName                  000000018000b690 f   libvcruntime:undname.obj
 0001:0000a6b8       __unDNameEx                000000018000b6b8 f   libvcruntime:undname.obj
 0001:0000a7a8       snprintf                   000000018000b7a8 f i libvcruntime:undname.obj
 0001:0000a800       sprintf_s                  000000018000b800 f i libvcruntime:undname.obj
 0001:0000a890       _NLG_Notify                000000018000b890 f   libvcruntime:notify.obj
 0001:0000a8b0       __NLG_Dispatch2            000000018000b8b0 f   libvcruntime:notify.obj
 0001:0000a8c0       __NLG_Return2              000000018000b8c0 f   libvcruntime:notify.obj
 0001:0000a8c4       __except_validate_context_record 000000018000b8c4 f   libvcruntime:jbcxrval.obj
 0001:0000a900       __vcrt_freefls             000000018000b900 f   libvcruntime:per_thread_data.obj
 0001:0000a920       __vcrt_freeptd_for_this_thread 000000018000b920 f   libvcruntime:per_thread_data.obj
 0001:0000a968       __vcrt_getptd              000000018000b968 f   libvcruntime:per_thread_data.obj
 0001:0000a984       __vcrt_getptd_noexit       000000018000b984 f   libvcruntime:per_thread_data.obj
 0001:0000aa44       __vcrt_initialize_ptd      000000018000ba44 f   libvcruntime:per_thread_data.obj
 0001:0000aa8c       __vcrt_uninitialize_ptd    000000018000ba8c f   libvcruntime:per_thread_data.obj
 0001:0000aab0       __vcrt_initialize_locks    000000018000bab0 f   libvcruntime:locks.obj
 0001:0000aaf8       __vcrt_lock                000000018000baf8 f   libvcruntime:locks.obj
 0001:0000ab14       __vcrt_uninitialize_locks  000000018000bb14 f   libvcruntime:locks.obj
 0001:0000ab4c       __vcrt_unlock              000000018000bb4c f   libvcruntime:locks.obj
 0001:0000ab68       ??$_CallSETranslator@V__FrameHandler3@@@@YAHPEAUEHExceptionRecord@@PEA_KPEAU_CONTEXT@@PEAU_xDISPATCHER_CONTEXT@@PEBU_s_FuncInfo@@K1H@Z 000000018000bb68 f i libvcruntime:risctrnsctrl.obj
 0001:0000abbc       ??$_CallSETranslator@V__FrameHandler4@@@@YAHPEAUEHExceptionRecord@@PEA_KPEAU_CONTEXT@@PEAU_xDISPATCHER_CONTEXT@@PEAUFuncInfo4@FH4@@K1H@Z 000000018000bbbc f i libvcruntime:risctrnsctrl.obj
 0001:0000ac10       ?CatchTryBlock@__FrameHandler3@@SAPEBU_s_TryBlockMapEntry@@PEBU_s_FuncInfo@@H@Z 000000018000bc10 f   libvcruntime:risctrnsctrl.obj
 0001:0000ac74       ?DecompFuncInfo@FH4@@YA_JPEAEAEAUFuncInfo4@1@_KH_N@Z 000000018000bc74 f i libvcruntime:risctrnsctrl.obj
 0001:0000adac       ?ExecutionInCatch@__FrameHandler3@@SA_NPEAU_xDISPATCHER_CONTEXT@@PEBU_s_FuncInfo@@@Z 000000018000bdac f   libvcruntime:risctrnsctrl.obj
 0001:0000add8       ?ExecutionInCatch@__FrameHandler4@@SA_NPEAU_xDISPATCHER_CONTEXT@@PEAUFuncInfo4@FH4@@@Z 000000018000bdd8 f   libvcruntime:risctrnsctrl.obj
 0001:0000ade0       ?FrameUnwindToEmptyState@__FrameHandler3@@SAXPEA_KPEAU_xDISPATCHER_CONTEXT@@PEBU_s_FuncInfo@@@Z 000000018000bde0 f   libvcruntime:risctrnsctrl.obj
 0001:0000ae44       ?FrameUnwindToEmptyState@__FrameHandler4@@SAXPEA_KPEAU_xDISPATCHER_CONTEXT@@PEAUFuncInfo4@FH4@@@Z 000000018000be44 f   libvcruntime:risctrnsctrl.obj
 0001:0000ae78       ?GetEstablisherFrame@__FrameHandler3@@SAPEA_KPEA_KPEAU_xDISPATCHER_CONTEXT@@PEBU_s_FuncInfo@@0@Z 000000018000be78 f   libvcruntime:risctrnsctrl.obj
 0001:0000af48       ?GetEstablisherFrame@__FrameHandler4@@SAPEA_KPEA_KPEAU_xDISPATCHER_CONTEXT@@PEAUFuncInfo4@FH4@@0@Z 000000018000bf48 f   libvcruntime:risctrnsctrl.obj
 0001:0000af6c       ?GetRangeOfTrysToCheck@__FrameHandler3@@SA?AU?$pair@Viterator@TryBlockMap@__FrameHandler3@@V123@@std@@AEAVTryBlockMap@1@HPEAU_xDISPATCHER_CONTEXT@@PEBU_s_FuncInfo@@H@Z 000000018000bf6c f   libvcruntime:risctrnsctrl.obj
 0001:0000b0a0       ?GetRangeOfTrysToCheck@__FrameHandler4@@SA?AU?$pair@Viterator@TryBlockMap4@FH4@@V123@@std@@AEAVTryBlockMap4@FH4@@HPEAU_xDISPATCHER_CONTEXT@@PEAUFuncInfo4@5@H@Z 000000018000c0a0 f   libvcruntime:risctrnsctrl.obj
 0001:0000b20c       ?UnwindNestedFrames@__FrameHandler3@@SAXPEA_KPEAUEHExceptionRecord@@PEAU_CONTEXT@@0PEAXPEBU_s_FuncInfo@@HHPEBU_s_HandlerType@@PEAU_xDISPATCHER_CONTEXT@@E@Z 000000018000c20c f   libvcruntime:risctrnsctrl.obj
 0001:0000b310       ?UnwindNestedFrames@__FrameHandler4@@SAXPEA_KPEAUEHExceptionRecord@@PEAU_CONTEXT@@0PEAXPEAUFuncInfo4@FH4@@HHPEAUHandlerType4@5@PEAU_xDISPATCHER_CONTEXT@@E@Z 000000018000c310 f   libvcruntime:risctrnsctrl.obj
 0001:0000b430       ?setBuffer@TryBlockMap4@FH4@@QEAAXViterator@12@@Z 000000018000c430 f i libvcruntime:risctrnsctrl.obj
 0001:0000b5f4       _CreateFrameInfo           000000018000c5f4 f   libvcruntime:risctrnsctrl.obj
 0001:0000b630       _FindAndUnlinkFrame        000000018000c630 f   libvcruntime:risctrnsctrl.obj
 0001:0000b684       _GetImageBase              000000018000c684 f   libvcruntime:risctrnsctrl.obj
 0001:0000b698       _GetThrowImageBase         000000018000c698 f   libvcruntime:risctrnsctrl.obj
 0001:0000b6ac       _SetImageBase              000000018000c6ac f   libvcruntime:risctrnsctrl.obj
 0001:0000b6c4       _SetThrowImageBase         000000018000c6c4 f   libvcruntime:risctrnsctrl.obj
 0001:0000b6dc       __CxxFrameHandler3         000000018000c6dc f   libvcruntime:risctrnsctrl.obj
 0001:0000b764       __CxxFrameHandler4         000000018000c764 f   libvcruntime:risctrnsctrl.obj
 0001:0000b974       __vcrt_FlsAlloc            000000018000c974 f   libvcruntime:winapi_downlevel.obj
 0001:0000b9bc       __vcrt_FlsFree             000000018000c9bc f   libvcruntime:winapi_downlevel.obj
 0001:0000ba04       __vcrt_FlsGetValue         000000018000ca04 f   libvcruntime:winapi_downlevel.obj
 0001:0000ba4c       __vcrt_FlsSetValue         000000018000ca4c f   libvcruntime:winapi_downlevel.obj
 0001:0000baa0       __vcrt_InitializeCriticalSectionEx 000000018000caa0 f   libvcruntime:winapi_downlevel.obj
 0001:0000bb04       ?GetCurrentState@__FrameHandler3@@SAHPEA_KPEAU_xDISPATCHER_CONTEXT@@PEBU_s_FuncInfo@@@Z 000000018000cb04 f   libvcruntime:ehstate.obj
 0001:0000bb2c       ?GetUnwindTryBlock@__FrameHandler3@@SAHPEA_KPEAU_xDISPATCHER_CONTEXT@@PEBU_s_FuncInfo@@@Z 000000018000cb2c f   libvcruntime:ehstate.obj
 0001:0000bb58       ?SetState@__FrameHandler3@@SAXPEA_KPEBU_s_FuncInfo@@H@Z 000000018000cb58 f   libvcruntime:ehstate.obj
 0001:0000bb64       ?SetUnwindTryBlock@__FrameHandler3@@SAXPEA_KPEAU_xDISPATCHER_CONTEXT@@PEBU_s_FuncInfo@@H@Z 000000018000cb64 f   libvcruntime:ehstate.obj
 0001:0000bba0       ?StateFromControlPc@__FrameHandler3@@SAHPEBU_s_FuncInfo@@PEAU_xDISPATCHER_CONTEXT@@@Z 000000018000cba0 f   libvcruntime:ehstate.obj
 0001:0000bba8       ?StateFromControlPc@__FrameHandler4@@SAHPEAUFuncInfo4@FH4@@PEAU_xDISPATCHER_CONTEXT@@@Z 000000018000cba8 f   libvcruntime:ehstate.obj
 0001:0000bbb0       ?StateFromIp@__FrameHandler3@@SAHPEBU_s_FuncInfo@@PEAU_xDISPATCHER_CONTEXT@@_K@Z 000000018000cbb0 f   libvcruntime:ehstate.obj
 0001:0000bc18       ?StateFromIp@__FrameHandler4@@SAHPEAUFuncInfo4@FH4@@PEAU_xDISPATCHER_CONTEXT@@_K@Z 000000018000cc18 f   libvcruntime:ehstate.obj
 0001:0000d370       ??$TypeMatchHelper@V__FrameHandler3@@@@YAHPEBU_s_HandlerType@@PEBU_s_CatchableType@@PEBU_s_ThrowInfo@@@Z 000000018000e370 f i libvcruntime:frame.obj
 0001:0000d4b0       ??$TypeMatchHelper@V__FrameHandler4@@@@YAHPEAUHandlerType4@FH4@@PEBU_s_CatchableType@@PEBU_s_ThrowInfo@@@Z 000000018000e4b0 f i libvcruntime:frame.obj
 0001:0000d5fc       ??$__InternalCxxFrameHandler@V__FrameHandler3@@@@YA?AW4_EXCEPTION_DISPOSITION@@PEAUEHExceptionRecord@@PEA_KPEAU_CONTEXT@@PEAU_xDISPATCHER_CONTEXT@@PEBU_s_FuncInfo@@H1E@Z 000000018000e5fc f i libvcruntime:frame.obj
 0001:0000d834       ??$__InternalCxxFrameHandler@V__FrameHandler4@@@@YA?AW4_EXCEPTION_DISPOSITION@@PEAUEHExceptionRecord@@PEA_KPEAU_CONTEXT@@PEAU_xDISPATCHER_CONTEXT@@PEAUFuncInfo4@FH4@@H1E@Z 000000018000e834 f i libvcruntime:frame.obj
 0001:0000dac8       ??$__InternalCxxFrameHandlerWrapper@V__FrameHandler3@@@@YA?AW4_EXCEPTION_DISPOSITION@@PEAUEHExceptionRecord@@PEA_KPEAU_CONTEXT@@PEAU_xDISPATCHER_CONTEXT@@PEBU_s_FuncInfo@@H1E@Z 000000018000eac8 f i libvcruntime:frame.obj
 0001:0000dad0       ??$__InternalCxxFrameHandlerWrapper@V__FrameHandler4@@@@YA?AW4_EXCEPTION_DISPOSITION@@PEAUEHExceptionRecord@@PEA_KPEAU_CONTEXT@@PEAU_xDISPATCHER_CONTEXT@@PEAUFuncInfo4@FH4@@H1E@Z 000000018000ead0 f i libvcruntime:frame.obj
 0001:0000db1c       ??0HandlerMap4@FH4@@QEAA@PEBUTryBlockMapEntry4@1@_KH@Z 000000018000eb1c f i libvcruntime:frame.obj
 0001:0000dba0       ??0TryBlockMap4@FH4@@QEAA@PEBUFuncInfo4@1@_K@Z 000000018000eba0 f i libvcruntime:frame.obj
 0001:0000dc84       ??0bad_exception@std@@QEAA@AEBV01@@Z 000000018000ec84 f i libvcruntime:frame.obj
 0001:0000dcc0       ??0bad_exception@std@@QEAA@XZ 000000018000ecc0 f i libvcruntime:frame.obj
 0001:0000dce0       ??0exception@std@@QEAA@AEBV01@@Z 000000018000ece0 f i libvcruntime:frame.obj
 0001:0000dd14       ??1bad_exception@std@@UEAA@XZ 000000018000ed14 f i libvcruntime:frame.obj
 0001:0000dd28       ??_Ebad_exception@std@@UEAAPEAXI@Z 000000018000ed28 f i libvcruntime:frame.obj
 0001:0000dd28       ??_Eexception@std@@UEAAPEAXI@Z 000000018000ed28 f i libvcruntime:frame.obj
 0001:0000dd28       ??_Gbad_exception@std@@UEAAPEAXI@Z 000000018000ed28 f i libvcruntime:frame.obj
 0001:0000dd28       ??_Gexception@std@@UEAAPEAXI@Z 000000018000ed28 f i libvcruntime:frame.obj
 0001:0000dd6c       ?CxxCallCatchBlock@__FrameHandler3@@SAPEAXPEAU_EXCEPTION_RECORD@@@Z 000000018000ed6c f   libvcruntime:frame.obj
 0001:0000df58       ?CxxCallCatchBlock@__FrameHandler4@@SAPEAXPEAU_EXCEPTION_RECORD@@@Z 000000018000ef58 f   libvcruntime:frame.obj
 0001:0000e1a8       ?DecompHandler@HandlerMap4@FH4@@AEAAXXZ 000000018000f1a8 f i libvcruntime:frame.obj
 0001:0000e3f0       ?FrameUnwindToState@__FrameHandler3@@SAXPEA_KPEAU_xDISPATCHER_CONTEXT@@PEBU_s_FuncInfo@@H@Z 000000018000f3f0 f   libvcruntime:frame.obj
 0001:0000e57c       ?FrameUnwindToState@__FrameHandler4@@SAXPEA_KPEAU_xDISPATCHER_CONTEXT@@PEAUFuncInfo4@FH4@@H@Z 000000018000f57c f   libvcruntime:frame.obj
 0001:0000e884       ?GetHandlerSearchState@__FrameHandler3@@SAHPEA_KPEAU_xDISPATCHER_CONTEXT@@PEBU_s_FuncInfo@@@Z 000000018000f884 f i libvcruntime:frame.obj
 0001:0000ea94       ?ReadEntry@UWMap4@FH4@@AEAAXPEAPEAE@Z 000000018000fa94 f i libvcruntime:frame.obj
 0001:0000eb30       ?_CallMemberFunction1@@YAXQEAX00@Z 000000018000fb30 f i libvcruntime:frame.obj
 0001:0000eb3c       ?_CallMemberFunction2@@YAXQEAX00H@Z 000000018000fb3c f i libvcruntime:frame.obj
 0001:0000eb4c       ?getStartStop@UWMap4@FH4@@QEAAXHHAEAViterator@12@0@Z 000000018000fb4c f i libvcruntime:frame.obj
 0001:0000ec1c       ?getStateFromIterators@UWMap4@FH4@@SAHAEBViterator@12@H0H0@Z 000000018000fc1c f i libvcruntime:frame.obj
 0001:0000eccc       ?what@exception@std@@UEBAPEBDXZ 000000018000fccc f i libvcruntime:frame.obj
 0001:0000ed20       _CallSettingFrame          000000018000fd20 f   libvcruntime:handlers.obj
 0001:0000ed60       _CallSettingFrame_LookupContinuationIndex 000000018000fd60 f   libvcruntime:handlers.obj
 0001:0000ed90       _CallSettingFrame_NotifyContinuationAddr 000000018000fd90 f   libvcruntime:handlers.obj
 0001:0000edc0       _CallSettingFrameEncoded   000000018000fdc0 f   libvcruntime:handlers.obj
 0001:0000ee08       __std_exception_copy       000000018000fe08 f   libvcruntime:std_exception.obj
 0001:0000ee98       __std_exception_destroy    000000018000fe98 f   libvcruntime:std_exception.obj
 0001:0000eec0       _CxxThrowException         000000018000fec0 f   libvcruntime:throw.obj
 0001:0000ef68       free                       000000018000ff68 f   libucrt:free.obj
 0001:0000ef7c       _initterm                  000000018000ff7c f   libucrt:initterm.obj
 0001:0000efc0       _initterm_e                000000018000ffc0 f   libucrt:initterm.obj
 0001:0000f008       _seh_filter_dll            0000000180010008 f   libucrt:exception_filter.obj
 0001:0000f01c       _seh_filter_exe            000000018001001c f   libucrt:exception_filter.obj
 0001:0000f434       __acrt_initialize_thread_local_exit_callback 0000000180010434 f   libucrt:exit.obj
 0001:0000f43c       _cexit                     000000018001043c f   libucrt:exit.obj
 0001:0000f44c       _exit                      000000018001044c f   libucrt:exit.obj
 0001:0000f458       _is_c_termination_complete 0000000180010458 f   libucrt:exit.obj
 0001:0000f628       __acrt_allocate_buffer_for_argv 0000000180010628 f   libucrt:argv_parsing.obj
 0001:0000f688       _configure_narrow_argv     0000000180010688 f   libucrt:argv_parsing.obj
 0001:0000fa10       __dcrt_uninitialize_environments_nolock 0000000180010a10 f   libucrt:environment_initialization.obj
 0001:0000fa54       _initialize_narrow_environment 0000000180010a54 f   libucrt:environment_initialization.obj
 0001:0000fbb8       _execute_onexit_table      0000000180010bb8 f   libucrt:onexit.obj
 0001:0000fbfc       _initialize_onexit_table   0000000180010bfc f   libucrt:onexit.obj
 0001:0000fc5c       __acrt_uninitialize_command_line 0000000180010c5c f   libucrt:argv_data.obj
 0001:0000fd54       __acrt_initialize          0000000180010d54 f   libucrt:initialization.obj
 0001:0000fd68       __acrt_thread_attach       0000000180010d68 f   libucrt:initialization.obj
 0001:0000fd7c       __acrt_thread_detach       0000000180010d7c f   libucrt:initialization.obj
 0001:0000fd8c       __acrt_uninitialize        0000000180010d8c f   libucrt:initialization.obj
 0001:0000fdc4       __acrt_uninitialize_critical 0000000180010dc4 f   libucrt:initialization.obj
 0001:0000fdd4       terminate                  0000000180010dd4 f   libucrt:terminate.obj
 0001:0000fe00       abort                      0000000180010e00 f   libucrt:abort.obj
 0001:0000fe58       malloc                     0000000180010e58 f   libucrt:malloc.obj
 0001:0000fe60       strcpy_s                   0000000180010e60 f   libucrt:strcpy_s.obj
 0001:00010070       ??$ensure_buffer_is_big_enough@D@formatting_buffer@__crt_stdio_output@@QEAA_N_KAEAV__crt_cached_ptd_host@@@Z 0000000180011070 f i libucrt:output.obj
 0001:00010118       ??$parse_integer@KV?$c_string_character_source@D@__crt_strtox@@$0A@@__crt_strtox@@YAKAEAV__crt_cached_ptd_host@@V?$c_string_character_source@D@0@H_N@Z 0000000180011118 f i libucrt:output.obj
 0001:000103cc       ??$type_case_integer@$07@?$output_processor@DV?$string_output_adapter@D@__crt_stdio_output@@V?$format_validation_base@DV?$string_output_adapter@D@__crt_stdio_output@@@2@@__crt_stdio_output@@AEAA_N_N@Z 00000001800113cc f i libucrt:output.obj
 0001:000103cc       ??$type_case_integer@$07@?$output_processor@DV?$string_output_adapter@D@__crt_stdio_output@@V?$standard_base@DV?$string_output_adapter@D@__crt_stdio_output@@@2@@__crt_stdio_output@@AEAA_N_N@Z 00000001800113cc f i libucrt:output.obj
 0001:000105d0       ??$type_case_integer@$09@?$output_processor@DV?$string_output_adapter@D@__crt_stdio_output@@V?$format_validation_base@DV?$string_output_adapter@D@__crt_stdio_output@@@2@@__crt_stdio_output@@AEAA_N_N@Z 00000001800115d0 f i libucrt:output.obj
 0001:000105d0       ??$type_case_integer@$09@?$output_processor@DV?$string_output_adapter@D@__crt_stdio_output@@V?$standard_base@DV?$string_output_adapter@D@__crt_stdio_output@@@2@@__crt_stdio_output@@AEAA_N_N@Z 00000001800115d0 f i libucrt:output.obj
 0001:000107d4       ??$type_case_integer@$0BA@@?$output_processor@DV?$string_output_adapter@D@__crt_stdio_output@@V?$format_validation_base@DV?$string_output_adapter@D@__crt_stdio_output@@@2@@__crt_stdio_output@@AEAA_N_N@Z 00000001800117d4 f i libucrt:output.obj
 0001:000107d4       ??$type_case_integer@$0BA@@?$output_processor@DV?$string_output_adapter@D@__crt_stdio_output@@V?$standard_base@DV?$string_output_adapter@D@__crt_stdio_output@@@2@@__crt_stdio_output@@AEAA_N_N@Z 00000001800117d4 f i libucrt:output.obj
 0001:000109d8       ??$type_case_integer_parse_into_buffer@I$07@?$output_processor@DV?$string_output_adapter@D@__crt_stdio_output@@V?$format_validation_base@DV?$string_output_adapter@D@__crt_stdio_output@@@2@@__crt_stdio_output@@AEAAXI_N@Z 00000001800119d8 f i libucrt:output.obj
 0001:000109d8       ??$type_case_integer_parse_into_buffer@I$07@?$output_processor@DV?$string_output_adapter@D@__crt_stdio_output@@V?$standard_base@DV?$string_output_adapter@D@__crt_stdio_output@@@2@@__crt_stdio_output@@AEAAXI_N@Z 00000001800119d8 f i libucrt:output.obj
 0001:00010a48       ??$type_case_integer_parse_into_buffer@I$09@?$output_processor@DV?$string_output_adapter@D@__crt_stdio_output@@V?$format_validation_base@DV?$string_output_adapter@D@__crt_stdio_output@@@2@@__crt_stdio_output@@AEAAXI_N@Z 0000000180011a48 f i libucrt:output.obj
 0001:00010a48       ??$type_case_integer_parse_into_buffer@I$09@?$output_processor@DV?$string_output_adapter@D@__crt_stdio_output@@V?$standard_base@DV?$string_output_adapter@D@__crt_stdio_output@@@2@@__crt_stdio_output@@AEAAXI_N@Z 0000000180011a48 f i libucrt:output.obj
 0001:00010af4       ??$type_case_integer_parse_into_buffer@I$0BA@@?$output_processor@DV?$string_output_adapter@D@__crt_stdio_output@@V?$format_validation_base@DV?$string_output_adapter@D@__crt_stdio_output@@@2@@__crt_stdio_output@@AEAAXI_N@Z 0000000180011af4 f i libucrt:output.obj
 0001:00010af4       ??$type_case_integer_parse_into_buffer@I$0BA@@?$output_processor@DV?$string_output_adapter@D@__crt_stdio_output@@V?$standard_base@DV?$string_output_adapter@D@__crt_stdio_output@@@2@@__crt_stdio_output@@AEAAXI_N@Z 0000000180011af4 f i libucrt:output.obj
 0001:00010b78       ??$type_case_integer_parse_into_buffer@_K$07@?$output_processor@DV?$string_output_adapter@D@__crt_stdio_output@@V?$format_validation_base@DV?$string_output_adapter@D@__crt_stdio_output@@@2@@__crt_stdio_output@@AEAAX_K_N@Z 0000000180011b78 f i libucrt:output.obj
 0001:00010b78       ??$type_case_integer_parse_into_buffer@_K$07@?$output_processor@DV?$string_output_adapter@D@__crt_stdio_output@@V?$standard_base@DV?$string_output_adapter@D@__crt_stdio_output@@@2@@__crt_stdio_output@@AEAAX_K_N@Z 0000000180011b78 f i libucrt:output.obj
 0001:00010be8       ??$type_case_integer_parse_into_buffer@_K$09@?$output_processor@DV?$string_output_adapter@D@__crt_stdio_output@@V?$format_validation_base@DV?$string_output_adapter@D@__crt_stdio_output@@@2@@__crt_stdio_output@@AEAAX_K_N@Z 0000000180011be8 f i libucrt:output.obj
 0001:00010be8       ??$type_case_integer_parse_into_buffer@_K$09@?$output_processor@DV?$string_output_adapter@D@__crt_stdio_output@@V?$standard_base@DV?$string_output_adapter@D@__crt_stdio_output@@@2@@__crt_stdio_output@@AEAAX_K_N@Z 0000000180011be8 f i libucrt:output.obj
 0001:00010c98       ??$type_case_integer_parse_into_buffer@_K$0BA@@?$output_processor@DV?$string_output_adapter@D@__crt_stdio_output@@V?$format_validation_base@DV?$string_output_adapter@D@__crt_stdio_output@@@2@@__crt_stdio_output@@AEAAX_K_N@Z 0000000180011c98 f i libucrt:output.obj
 0001:00010c98       ??$type_case_integer_parse_into_buffer@_K$0BA@@?$output_processor@DV?$string_output_adapter@D@__crt_stdio_output@@V?$standard_base@DV?$string_output_adapter@D@__crt_stdio_output@@@2@@__crt_stdio_output@@AEAAX_K_N@Z 0000000180011c98 f i libucrt:output.obj
 0001:00010d1c       ?crop_zeroes@__crt_stdio_output@@YAXPEADQEAU__crt_locale_pointers@@@Z 0000000180011d1c f i libucrt:output.obj
 0001:00010d90       ?get_raw_ptd@__crt_cached_ptd_host@@QEAAPEAU__acrt_ptd@@XZ 0000000180011d90 f i libucrt:output.obj
 0001:00010df8       ?parse_int_from_format_string@?$output_processor@DV?$string_output_adapter@D@__crt_stdio_output@@V?$format_validation_base@DV?$string_output_adapter@D@__crt_stdio_output@@@2@@__crt_stdio_output@@AEAA_NQEAH@Z 0000000180011df8 f i libucrt:output.obj
 0001:00010df8       ?parse_int_from_format_string@?$output_processor@DV?$string_output_adapter@D@__crt_stdio_output@@V?$standard_base@DV?$string_output_adapter@D@__crt_stdio_output@@@2@@__crt_stdio_output@@AEAA_NQEAH@Z 0000000180011df8 f i libucrt:output.obj
 0001:00010e88       ?process@?$output_processor@DV?$string_output_adapter@D@__crt_stdio_output@@V?$format_validation_base@DV?$string_output_adapter@D@__crt_stdio_output@@@2@@__crt_stdio_output@@QEAAHXZ 0000000180011e88 f i libucrt:output.obj
 0001:0001120c       ?process@?$output_processor@DV?$string_output_adapter@D@__crt_stdio_output@@V?$standard_base@DV?$string_output_adapter@D@__crt_stdio_output@@@2@@__crt_stdio_output@@QEAAHXZ 000000018001220c f i libucrt:output.obj
 0001:0001158c       ?state_case_size@?$output_processor@DV?$string_output_adapter@D@__crt_stdio_output@@V?$format_validation_base@DV?$string_output_adapter@D@__crt_stdio_output@@@2@@__crt_stdio_output@@AEAA_NXZ 000000018001258c f i libucrt:output.obj
 0001:0001158c       ?state_case_size@?$output_processor@DV?$string_output_adapter@D@__crt_stdio_output@@V?$standard_base@DV?$string_output_adapter@D@__crt_stdio_output@@@2@@__crt_stdio_output@@AEAA_NXZ 000000018001258c f i libucrt:output.obj
 0001:00011714       ?state_case_type@?$output_processor@DV?$string_output_adapter@D@__crt_stdio_output@@V?$format_validation_base@DV?$string_output_adapter@D@__crt_stdio_output@@@2@@__crt_stdio_output@@AEAA_NXZ 0000000180012714 f i libucrt:output.obj
 0001:00011714       ?state_case_type@?$output_processor@DV?$string_output_adapter@D@__crt_stdio_output@@V?$standard_base@DV?$string_output_adapter@D@__crt_stdio_output@@@2@@__crt_stdio_output@@AEAA_NXZ 0000000180012714 f i libucrt:output.obj
 0001:00011b18       ?type_case_Z@?$output_processor@DV?$string_output_adapter@D@__crt_stdio_output@@V?$format_validation_base@DV?$string_output_adapter@D@__crt_stdio_output@@@2@@__crt_stdio_output@@AEAA_NXZ 0000000180012b18 f i libucrt:output.obj
 0001:00011b18       ?type_case_Z@?$output_processor@DV?$string_output_adapter@D@__crt_stdio_output@@V?$standard_base@DV?$string_output_adapter@D@__crt_stdio_output@@@2@@__crt_stdio_output@@AEAA_NXZ 0000000180012b18 f i libucrt:output.obj
 0001:00011b94       ?type_case_a@?$output_processor@DV?$string_output_adapter@D@__crt_stdio_output@@V?$format_validation_base@DV?$string_output_adapter@D@__crt_stdio_output@@@2@@__crt_stdio_output@@AEAA_NXZ 0000000180012b94 f i libucrt:output.obj
 0001:00011b94       ?type_case_a@?$output_processor@DV?$string_output_adapter@D@__crt_stdio_output@@V?$standard_base@DV?$string_output_adapter@D@__crt_stdio_output@@@2@@__crt_stdio_output@@AEAA_NXZ 0000000180012b94 f i libucrt:output.obj
 0001:00011de8       ?type_case_c_tchar@?$output_processor@DV?$string_output_adapter@D@__crt_stdio_output@@V?$format_validation_base@DV?$string_output_adapter@D@__crt_stdio_output@@@2@@__crt_stdio_output@@AEAA_ND@Z 0000000180012de8 f i libucrt:output.obj
 0001:00011de8       ?type_case_c_tchar@?$output_processor@DV?$string_output_adapter@D@__crt_stdio_output@@V?$standard_base@DV?$string_output_adapter@D@__crt_stdio_output@@@2@@__crt_stdio_output@@AEAA_ND@Z 0000000180012de8 f i libucrt:output.obj
 0001:00011ebc       ?type_case_n@?$output_processor@DV?$string_output_adapter@D@__crt_stdio_output@@V?$format_validation_base@DV?$string_output_adapter@D@__crt_stdio_output@@@2@@__crt_stdio_output@@AEAA_NXZ 0000000180012ebc f i libucrt:output.obj
 0001:00011ebc       ?type_case_n@?$output_processor@DV?$string_output_adapter@D@__crt_stdio_output@@V?$standard_base@DV?$string_output_adapter@D@__crt_stdio_output@@@2@@__crt_stdio_output@@AEAA_NXZ 0000000180012ebc f i libucrt:output.obj
 0001:00011f74       ?type_case_s@?$output_processor@DV?$string_output_adapter@D@__crt_stdio_output@@V?$format_validation_base@DV?$string_output_adapter@D@__crt_stdio_output@@@2@@__crt_stdio_output@@AEAA_NXZ 0000000180012f74 f i libucrt:output.obj
 0001:00011f74       ?type_case_s@?$output_processor@DV?$string_output_adapter@D@__crt_stdio_output@@V?$standard_base@DV?$string_output_adapter@D@__crt_stdio_output@@@2@@__crt_stdio_output@@AEAA_NXZ 0000000180012f74 f i libucrt:output.obj
 0001:00012010       ?update_locale_slow@__crt_cached_ptd_host@@AEAAXXZ 0000000180013010 f i libucrt:output.obj
 0001:00012088       ?write_string@?$string_output_adapter@D@__crt_stdio_output@@QEBAXQEBDHQEAHAEAV__crt_cached_ptd_host@@@Z 0000000180013088 f i libucrt:output.obj
 0001:0001212c       __stdio_common_vsprintf    000000018001312c f   libucrt:output.obj
 0001:00012380       __stdio_common_vsprintf_s  0000000180013380 f   libucrt:output.obj
 0001:00012494       ??$parse_integer@KV?$c_string_character_source@D@__crt_strtox@@$00@__crt_strtox@@YAKAEAV__crt_cached_ptd_host@@V?$c_string_character_source@D@0@H_N@Z 0000000180013494 f i libucrt:atox.obj
 0001:00012784       _ischartype_l              0000000180013784 f i libucrt:atox.obj
 0001:000127fc       atol                       00000001800137fc f   libucrt:atox.obj
 0001:000128c0       strncmp                    00000001800138c0 f   libucrt:strncmp.obj
 0001:00012940       calloc                     0000000180013940 f   libucrt:calloc.obj
 0001:00012948       wcsncmp                    0000000180013948 f   libucrt:wcsncmp.obj
 0001:00012974       _free_base                 0000000180013974 f   libucrt:free_base.obj
 0001:00012d28       __acrt_freeptd             0000000180013d28 f   libucrt:per_thread_data.obj
 0001:00012d6c       __acrt_getptd              0000000180013d6c f   libucrt:per_thread_data.obj
 0001:00012e40       __acrt_getptd_head         0000000180013e40 f   libucrt:per_thread_data.obj
 0001:00012ee4       __acrt_getptd_noexit       0000000180013ee4 f   libucrt:per_thread_data.obj
 0001:00012fac       __acrt_getptd_noexit_explicit 0000000180013fac f   libucrt:per_thread_data.obj
 0001:0001306c       __acrt_initialize_ptd      000000018001406c f   libucrt:per_thread_data.obj
 0001:000130a8       __acrt_uninitialize_ptd    00000001800140a8 f   libucrt:per_thread_data.obj
 0001:000130cc       __acrt_initialize_locks    00000001800140cc f   libucrt:locks.obj
 0001:00013114       __acrt_lock                0000000180014114 f   libucrt:locks.obj
 0001:00013130       __acrt_uninitialize_locks  0000000180014130 f   libucrt:locks.obj
 0001:00013168       __acrt_unlock              0000000180014168 f   libucrt:locks.obj
 0001:00013184       __acrt_app_verifier_enabled 0000000180014184 f   libucrt:peb_access.obj
 0001:000131a0       __acrt_is_secure_process   00000001800141a0 f   libucrt:peb_access.obj
 0001:000131b8       __acrt_get_process_end_policy 00000001800141b8 f   libucrt:win_policies.obj
 0001:000131e8       ?get_raw_ptd_noexit@__crt_cached_ptd_host@@QEAAPEAU__acrt_ptd@@XZ 00000001800141e8 f i libucrt:invalid_parameter.obj
 0001:00013254       ?value@?$dual_state_global@P6AXPEB_W00I_K@Z@__crt_state_management@@QEAAAEAP6AXPEB_W00I_K@ZAEAV__crt_cached_ptd_host@@@Z 0000000180014254 f i libucrt:invalid_parameter.obj
 0001:000132a0       __acrt_call_reportfault    00000001800142a0 f   libucrt:invalid_parameter.obj
 0001:000133fc       __acrt_initialize_invalid_parameter_handler 00000001800143fc f   libucrt:invalid_parameter.obj
 0001:00013404       _invalid_parameter         0000000180014404 f   libucrt:invalid_parameter.obj
 0001:000134a0       _invalid_parameter_internal 00000001800144a0 f   libucrt:invalid_parameter.obj
 0001:0001356c       _invalid_parameter_noinfo  000000018001456c f   libucrt:invalid_parameter.obj
 0001:0001358c       _invoke_watson             000000018001458c f   libucrt:invalid_parameter.obj
 0001:000135d4       __acrt_errno_from_os_error 00000001800145d4 f   libucrt:errno.obj
 0001:0001361c       __acrt_errno_map_os_error  000000018001461c f   libucrt:errno.obj
 0001:00013664       __acrt_errno_map_os_error_ptd 0000000180014664 f   libucrt:errno.obj
 0001:00013688       __doserrno                 0000000180014688 f   libucrt:errno.obj
 0001:000136a8       _errno                     00000001800146a8 f   libucrt:errno.obj
 0001:000136c8       _calloc_base               00000001800146c8 f   libucrt:calloc_base.obj
 0001:00013754       ??$__acrt_convert_wcs_mbs_cp@D_WV<lambda_7c9dea7b4ca7285d2cdb541a38da6275>@@U__crt_win32_buffer_internal_dynamic_resizing@@@@YAHQEBDAEAV?$__crt_win32_buffer@_WU__crt_win32_buffer_internal_dynamic_resizing@@@@AEBV<lambda_7c9dea7b4ca7285d2cdb541a38da6275>@@I@Z 0000000180014754 f i libucrt:argv_wildcards.obj
 0001:000138d0       ??$__acrt_convert_wcs_mbs_cp@_WDV<lambda_d8593a27d1aa8c02be35c86a17d324c4>@@U__crt_win32_buffer_internal_dynamic_resizing@@@@YAHQEB_WAEAV?$__crt_win32_buffer@DU__crt_win32_buffer_internal_dynamic_resizing@@@@AEBV<lambda_d8593a27d1aa8c02be35c86a17d324c4>@@I@Z 00000001800148d0 f i libucrt:argv_wildcards.obj
 0001:00014174       ??0_LocaleUpdate@@QEAA@QEAU__crt_locale_pointers@@@Z 0000000180015174 f i libucrt:argv_wildcards.obj
 0001:00014210       __acrt_expand_narrow_argv_wildcards 0000000180015210 f   libucrt:argv_wildcards.obj
 0001:00014218       ??$__acrt_convert_wcs_mbs_cp@_WDV<lambda_f788ae46380686e8b737efdd8c720d07>@@U__crt_win32_buffer_no_resizing@@@@YAHQEB_WAEAV?$__crt_win32_buffer@DU__crt_win32_buffer_no_resizing@@@@AEBV<lambda_f788ae46380686e8b737efdd8c720d07>@@I@Z 0000000180015218 f i libucrt:getmodulefilenamea.obj
 0001:00014334       __acrt_GetModuleFileNameA  0000000180015334 f   libucrt:getmodulefilenamea.obj
 0001:00014c50       __acrt_initialize_multibyte 0000000180015c50 f   libucrt:mbctype.obj
 0001:00014cb0       __acrt_update_thread_multibyte_data 0000000180015cb0 f   libucrt:mbctype.obj
 0001:00014ccc       _setmbcp_nolock            0000000180015ccc f   libucrt:mbctype.obj
 0001:00015000       _ismbblead                 0000000180016000 f   libucrt:ismbbyte.obj
 0001:00015014       __acrt_initialize_command_line 0000000180016014 f   libucrt:argv_data.obj
 0001:0001503c       __acrt_MultiByteToWideChar 000000018001603c f   libucrt:multibytetowidechar.obj
 0001:000150cc       __acrt_WideCharToMultiByte 00000001800160cc f   libucrt:widechartomultibyte.obj
 0001:000151ac       __dcrt_get_narrow_environment_from_os 00000001800161ac f   libucrt:get_environment_from_os.obj
 0001:000152bc       _recalloc_base             00000001800162bc f   libucrt:recalloc.obj
 0001:00015510       __acrt_AppPolicyGetProcessTerminationMethodInternal 0000000180016510 f   libucrt:winapi_thunks.obj
 0001:00015568       __acrt_AreFileApisANSI     0000000180016568 f   libucrt:winapi_thunks.obj
 0001:000155ac       __acrt_FlsAlloc            00000001800165ac f   libucrt:winapi_thunks.obj
 0001:000155b4       __acrt_FlsFree             00000001800165b4 f   libucrt:winapi_thunks.obj
 0001:000155bc       __acrt_FlsGetValue         00000001800165bc f   libucrt:winapi_thunks.obj
 0001:000155c4       __acrt_FlsSetValue         00000001800165c4 f   libucrt:winapi_thunks.obj
 0001:000155cc       __acrt_InitializeCriticalSectionEx 00000001800165cc f   libucrt:winapi_thunks.obj
 0001:0001563c       __acrt_LCMapStringEx       000000018001663c f   libucrt:winapi_thunks.obj
 0001:00015728       __acrt_LocaleNameToLCID    0000000180016728 f   libucrt:winapi_thunks.obj
 0001:00015788       __acrt_initialize_winapi_thunks 0000000180016788 f   libucrt:winapi_thunks.obj
 0001:000157ac       __acrt_uninitialize_winapi_thunks 00000001800167ac f   libucrt:winapi_thunks.obj
 0001:000157f0       __acrt_initialize_heap     00000001800167f0 f   libucrt:heap_handle.obj
 0001:0001580c       __acrt_uninitialize_heap   000000018001680c f   libucrt:heap_handle.obj
 0001:00015a10       __acrt_initialize_lowio    0000000180016a10 f   libucrt:ioinit.obj
 0001:00015a4c       __acrt_uninitialize_lowio  0000000180016a4c f   libucrt:ioinit.obj
 0001:00015a8c       __acrt_execute_initializers 0000000180016a8c f   libucrt:shared_initialization.obj
 0001:00015b20       __acrt_execute_uninitializers 0000000180016b20 f   libucrt:shared_initialization.obj
 0001:00015b68       __acrt_initialize_new_handler 0000000180016b68 f   libucrt:new_handler.obj
 0001:00015b70       _callnewh                  0000000180016b70 f   libucrt:new_handler.obj
 0001:00015bb0       _query_new_handler         0000000180016bb0 f   libucrt:new_handler.obj
 0001:00015c30       __acrt_get_sigabrt_handler 0000000180016c30 f   libucrt:signal.obj
 0001:00015c60       __acrt_initialize_signal_handlers 0000000180016c60 f   libucrt:signal.obj
 0001:00015c80       raise                      0000000180016c80 f   libucrt:signal.obj
 0001:00015efc       __acrt_has_user_matherr    0000000180016efc f   libucrt:matherr.obj
 0001:00015f1c       __acrt_initialize_user_matherr 0000000180016f1c f   libucrt:matherr.obj
 0001:00015f24       __acrt_invoke_user_matherr 0000000180016f24 f   libucrt:matherr.obj
 0001:00016140       __acrt_stdio_flush_nolock  0000000180017140 f   libucrt:fflush.obj
 0001:000161cc       _fflush_nolock             00000001800171cc f   libucrt:fflush.obj
 0001:000162a0       _flushall                  00000001800172a0 f   libucrt:fflush.obj
 0001:000162a8       __acrt_initialize_stdio    00000001800172a8 f   libucrt:_file.obj
 0001:000163c8       __acrt_uninitialize_stdio  00000001800173c8 f   libucrt:_file.obj
 0001:00016424       _lock_file                 0000000180017424 f   libucrt:_file.obj
 0001:00016430       _unlock_file               0000000180017430 f   libucrt:_file.obj
 0001:0001643c       _malloc_base               000000018001743c f   libucrt:malloc_base.obj
 0001:0001649c       strnlen                    000000018001749c f   libucrt:strnlen.obj
 0001:000165ec       wcsnlen                    00000001800175ec f   libucrt:strnlen.obj
 0001:000167c4       __acrt_update_locale_info  00000001800177c4 f   libucrt:locale_update.obj
 0001:000167f8       __acrt_update_locale_info_explicit 00000001800177f8 f   libucrt:locale_update.obj
 0001:00016830       __acrt_update_multibyte_info 0000000180017830 f   libucrt:locale_update.obj
 0001:00016864       __acrt_update_multibyte_info_explicit 0000000180017864 f   libucrt:locale_update.obj
 0001:000173b0       __acrt_fp_format           00000001800183b0 f   libucrt:cvt.obj
 0001:00017698       _wctomb_internal           0000000180018698 f   libucrt:wctomb.obj
 0001:00017848       _mbtowc_internal           0000000180018848 f   libucrt:mbtowc.obj
 0001:000179c0       _fileno                    00000001800189c0 f   libucrt:fileno.obj
 0001:000179e8       _get_printf_count_output   00000001800189e8 f   libucrt:printf_count_output.obj
 0001:00017a70       __acrt_set_locale_changed  0000000180018a70 f   libucrt:wsetlocale.obj
 0001:00017a7c       __acrt_uninitialize_locale 0000000180018a7c f   libucrt:wsetlocale.obj
 0001:00017aac       __pctype_func              0000000180018aac f   libucrt:ctype.obj
 0001:00017adc       _isctype_l                 0000000180018adc f   libucrt:isctype.obj
 0001:00017be4       __acrt_add_locale_ref      0000000180018be4 f   libucrt:locale_refcounting.obj
 0001:00017c70       __acrt_free_locale         0000000180018c70 f   libucrt:locale_refcounting.obj
 0001:00017de8       __acrt_locale_add_lc_time_reference 0000000180018de8 f   libucrt:locale_refcounting.obj
 0001:00017e10       __acrt_locale_free_lc_time_if_unreferenced 0000000180018e10 f   libucrt:locale_refcounting.obj
 0001:00017e48       __acrt_locale_release_lc_time_reference 0000000180018e48 f   libucrt:locale_refcounting.obj
 0001:00017e70       __acrt_release_locale_ref  0000000180018e70 f   libucrt:locale_refcounting.obj
 0001:00017f18       __acrt_update_thread_locale_data 0000000180018f18 f   libucrt:locale_refcounting.obj
 0001:00017f88       _updatetlocinfoEx_nolock   0000000180018f88 f   libucrt:locale_refcounting.obj
 0001:00017ff0       _query_new_mode            0000000180018ff0 f   libucrt:new_mode.obj
 0001:00018000       qsort                      0000000180019000 f   libucrt:qsort.obj
 0001:00018410       strncpy_s                  0000000180019410 f   libucrt:strncpy_s.obj
 0001:000185a0       strpbrk                    00000001800195a0 f   libucrt:strpbrk.obj
 0001:00018968       _mbsdec                    0000000180019968 f   libucrt:mbsdec.obj
 0001:00018970       _mbsdec_l                  0000000180019970 f   libucrt:mbsdec.obj
 0001:00018a04       __acrt_GetStringTypeA      0000000180019a04 f   libucrt:getstringtypea.obj
 0001:00018ec8       __acrt_LCMapStringA        0000000180019ec8 f   libucrt:lcmapstringa.obj
 0001:00018f78       _msize_base                0000000180019f78 f   libucrt:msize.obj
 0001:00018fb4       _realloc_base              0000000180019fb4 f   libucrt:realloc_base.obj
 0001:00019030       __acrt_DownlevelLocaleNameToLCID 000000018001a030 f   libucrt:lcidtoname_downlevel.obj
 0001:000190d4       __acrt_lowio_create_handle_array 000000018001a0d4 f   libucrt:osfinfo.obj
 0001:0001917c       __acrt_lowio_destroy_handle_array 000000018001a17c f   libucrt:osfinfo.obj
 0001:000191cc       __acrt_lowio_ensure_fh_exists 000000018001a1cc f   libucrt:osfinfo.obj
 0001:00019274       __acrt_lowio_lock_fh       000000018001a274 f   libucrt:osfinfo.obj
 0001:0001929c       __acrt_lowio_unlock_fh     000000018001a29c f   libucrt:osfinfo.obj
 0001:000192c4       _free_osfhnd               000000018001a2c4 f   libucrt:osfinfo.obj
 0001:00019380       _get_osfhandle             000000018001a380 f   libucrt:osfinfo.obj
 0001:00019484       _commit                    000000018001a484 f   libucrt:commit.obj
 0001:00019d20       _write_internal            000000018001ad20 f   libucrt:write.obj
 0001:00019e40       _write_nolock              000000018001ae40 f   libucrt:write.obj
 0001:0001a148       _fcloseall                 000000018001b148 f   libucrt:closeall.obj
 0001:0001a1fc       __acrt_stdio_free_buffer_nolock 000000018001b1fc f   libucrt:_freebuf.obj
 0001:0001a240       _isatty                    000000018001b240 f   libucrt:isatty.obj
 0001:0001a370       __acrt_fp_strflt_to_string 000000018001b370 f   libucrt:_fptostr.obj
 0001:0001a480       ?divide@__crt_strtox@@YA_KAEAUbig_integer@1@AEBU21@@Z 000000018001b480 f i libucrt:cfout.obj
 0001:0001a91c       __acrt_fltout              000000018001b91c f   libucrt:cfout.obj
 0001:0001bc34       fegetround                 000000018001cc34 f   libucrt:fegetround.obj
 0001:0001bc48       ?__c32rtomb_utf8@__crt_mbstring@@YA_KPEAD_UPEAU_Mbstatet@@AEAV__crt_cached_ptd_host@@@Z 000000018001cc48 f   libucrt:c32rtomb.obj
 0001:0001bcec       ?__mbrtowc_utf8@__crt_mbstring@@YA_KPEA_WPEBD_KPEAU_Mbstatet@@AEAV__crt_cached_ptd_host@@@Z 000000018001ccec f   libucrt:mbrtowc.obj
 0001:0001bd30       ?__mbsrtowcs_utf8@__crt_mbstring@@YA_KPEA_WPEAPEBD_KPEAU_Mbstatet@@AEAV__crt_cached_ptd_host@@@Z 000000018001cd30 f   libucrt:mbrtowc.obj
 0001:0001bed4       __acrt_locale_free_monetary 000000018001ced4 f   libucrt:initmon.obj
 0001:0001bfe0       __acrt_locale_free_numeric 000000018001cfe0 f   libucrt:initnum.obj
 0001:0001c080       __acrt_locale_free_time    000000018001d080 f   libucrt:inittime.obj
 0001:0001c188       __strncnt                  000000018001d188 f   libucrt:strncnt.obj
 0001:0001c1a0       __ascii_wcsnicmp           000000018001d1a0 f   libucrt:wcsnicmp.obj
 0001:0001c1ec       _query_app_type            000000018001d1ec f   libucrt:report_runtime_error.obj
 0001:0001c2a0       _lseeki64_nolock_internal  000000018001d2a0 f   libucrt:lseek.obj
 0001:0001c2a8       _putwch_nolock             000000018001d2a8 f   libucrt:putwch.obj
 0001:0001c408       fclose                     000000018001d408 f   libucrt:fclose.obj
 0001:0001c4a0       _controlfp_s               000000018001d4a0 f   libucrt:contrlfp.obj
 0001:0001c504       fegetenv                   000000018001d504 f   libucrt:fegetenv.obj
 0001:0001c524       fesetenv                   000000018001d524 f   libucrt:fesetenv.obj
 0001:0001c57c       feholdexcept               000000018001d57c f   libucrt:feholdexcept.obj
 0001:0001c5cc       ceil                       000000018001d5cc f   libucrt:ceil.obj
 0001:0001c690       log10                      000000018001d690 f   libucrt:log10.obj
 0001:0001cc3c       __acrt_fenv_get_common_round_control 000000018001dc3c f   libucrt:_fenvutils.obj
 0001:0001cc48       __acrt_fenv_get_control    000000018001dc48 f   libucrt:_fenvutils.obj
 0001:0001cd2c       __acrt_fenv_get_status     000000018001dd2c f   libucrt:_fenvutils.obj
 0001:0001cd84       __acrt_fenv_set_control    000000018001dd84 f   libucrt:_fenvutils.obj
 0001:0001cebc       __acrt_fenv_set_status     000000018001debc f   libucrt:_fenvutils.obj
 0001:0001cf30       ?reset_and_return@__crt_mbstring@@YA_K_KPEAU_Mbstatet@@@Z 000000018001df30 f   libucrt:common_utf8.obj
 0001:0001cf38       ?return_illegal_sequence@__crt_mbstring@@YA_KPEAU_Mbstatet@@AEAV__crt_cached_ptd_host@@@Z 000000018001df38 f   libucrt:common_utf8.obj
 0001:0001cf4c       ?__mbrtoc32_utf8@__crt_mbstring@@YA_KPEA_UPEBD_KPEAU_Mbstatet@@AEAV__crt_cached_ptd_host@@@Z 000000018001df4c f   libucrt:mbrtoc32.obj
 0001:0001d128       __dcrt_lowio_ensure_console_output_initialized 000000018001e128 f   libucrt:initcon.obj
 0001:0001d17c       __dcrt_terminate_console_output 000000018001e17c f   libucrt:initcon.obj
 0001:0001d198       __dcrt_write_console       000000018001e198 f   libucrt:initcon.obj
 0001:0001d2d0       _close_internal            000000018001e2d0 f   libucrt:close.obj
 0001:0001d394       _close_nolock_internal     000000018001e394 f   libucrt:close.obj
 0001:0001d464       ?__acrt_stdio_free_stream@@YAXV__crt_stdio_stream@@@Z 000000018001e464 f   libucrt:stream.obj
 0001:0001d480       _clearfp                   000000018001e480 f   libucrt:ieee.obj
 0001:0001d4ec       _control87                 000000018001e4ec f   libucrt:ieee.obj
 0001:0001d8b4       _handle_error              000000018001e8b4 f   libucrt:libm_error.obj
 0001:0001d9dc       _handle_nan                000000018001e9dc f   libucrt:libm_error.obj
 0001:0001da00       __acrt_initialize_fma3     000000018001ea00 f   libucrt:fma3_available.obj
 0001:0001da70       _log10_special             000000018001ea70 f   libucrt:log_special.obj
 0001:0001db40       _get_fpsr                  000000018001eb40 f   libucrt:fpsr.obj
 0001:0001db50       _set_fpsr                  000000018001eb50 f   libucrt:fpsr.obj
 0001:0001db5a       _fclrf                     000000018001eb5a f   libucrt:fpsr.obj
 0001:0001db6e       _frnd                      000000018001eb6e f   libucrt:fpsr.obj
 0001:0001db90       _raise_exc                 000000018001eb90 f   libucrt:fpexcept.obj
 0001:0001dbb8       _raise_exc_ex              000000018001ebb8 f   libucrt:fpexcept.obj
 0001:0001dec0       _set_errno_from_matherr    000000018001eec0 f   libucrt:fpexcept.obj
 0001:0001def0       _clrfp                     000000018001eef0 f   libucrt:fpctrl.obj
 0001:0001df10       _ctrlfp                    000000018001ef10 f   libucrt:fpctrl.obj
 0001:0001df8c       _set_statfp                000000018001ef8c f   libucrt:fpctrl.obj
 0001:0001dfac       _statfp                    000000018001efac f   libucrt:fpctrl.obj
 0001:0001dfc0       _FindPESection             000000018001efc0 f   LIBCMT:pesect.obj
 0001:0001e010       _IsNonwritableInCurrentImage 000000018001f010 f   LIBCMT:pesect.obj
 0001:0001e060       _ValidateImageBase         000000018001f060 f   LIBCMT:pesect.obj
 0001:0001e08c       __GSHandlerCheck           000000018001f08c f   LIBCMT:gshandler.obj
 0001:0001e0ac       __GSHandlerCheckCommon     000000018001f0ac f   LIBCMT:gshandler.obj
 0001:0001e120       __security_check_cookie    000000018001f120 f   LIBCMT:amdsecgs.obj
 0001:0001e140       __GSHandlerCheck_SEH       000000018001f140 f   LIBCMT:gshandlerseh.obj
 0001:0001e1c8       __raise_securityfailure    000000018001f1c8 f   LIBCMT:gs_report.obj
 0001:0001e1fc       __report_gsfailure         000000018001f1fc f   LIBCMT:gs_report.obj
 0001:0001e2d0       __report_rangecheckfailure 000000018001f2d0 f   LIBCMT:gs_report.obj
 0001:0001e2e4       __report_securityfailure   000000018001f2e4 f   LIBCMT:gs_report.obj
 0001:0001e480       __chkstk                   000000018001f480 f   LIBCMT:chkstk.obj
 0001:0001e480       _alloca_probe              000000018001f480 f   LIBCMT:chkstk.obj
 0001:0001e4d0       __GSHandlerCheck_EH        000000018001f4d0 f   LIBCMT:gshandlereh.obj
 0001:0001e550       __C_specific_handler_noexcept 000000018001f550 f   libvcruntime:chandler_noexcept.obj
 0001:0001e59c       strrchr                    000000018001f59c f   libvcruntime:strrchr.obj
 0001:0001e6f0       _guard_dispatch_icall_nop  000000018001f6f0 f   LIBCMT:guard_dispatch.obj
 0001:0001e710       _guard_xfg_dispatch_icall_nop 000000018001f710 f   LIBCMT:guard_xfg_dispatch.obj
 0001:0001e740       memset_repstos             000000018001f740 f   libvcruntime:memset.obj
 0001:0001e750       memset                     000000018001f750 f   libvcruntime:memset.obj
 0001:0001eb00       memcpy_repmovs             000000018001fb00 f   libvcruntime:memcpy.obj
 0001:0001eb10       memcpy                     000000018001fb10 f   libvcruntime:memcpy.obj
 0001:0001eb10       memcpy_$fo_default$        000000018001fb10     libvcruntime:memcpy.obj
[...]
 0002:0000ad48       $unwind$??$?RV<lambda_886d6c58226a84441f68b9f2b8217b83>@@AEAV<lambda_ab61a845afdef5b7c387490eaf3616ee>@@V<lambda_f7f22ab5edc0698d5f6905b0d3f44752>@@@?$__crt_seh_guarded_call@X@@QEAAX$$QEAV<lambda_886d6c58226a84441f68b9f2b8217b83>@@AEAV<lambda_ab61a845afdef5b7c387490eaf3616ee>@@$$QEAV<lambda_f7f22ab5edc0698d5f6905b0d3f44752>@@@Z 000000018002bd48     libucrt:fflush.obj
 0002:0000ad70       $unwind$?fp_format_e_internal@@YAHQEAD_KH_NIQEAU_strflt@@2AEAV__crt_cached_ptd_host@@@Z 000000018002bd70     libucrt:cvt.obj
 0002:0000ad8c       $unwind$?fp_format_e@@YAHQEBNQEAD_K12H_NIW4__acrt_rounding_mode@@AEAV__crt_cached_ptd_host@@@Z 000000018002bd8c     libucrt:cvt.obj
 0002:0000ada4       $unwind$?should_round_up@@YA_NQEBN_KFW4__acrt_rounding_mode@@@Z 000000018002bda4     libucrt:cvt.obj
 0002:0000adc0       $unwind$?fp_format_a@@YAHQEBNPEAD_KQEAD2H_NIW4__acrt_rounding_mode@@AEAV__crt_cached_ptd_host@@@Z 000000018002bdc0     libucrt:cvt.obj
 0002:0000addc       $unwind$?fp_format_g@@YAHQEBNQEAD_K12H_NIW4__acrt_rounding_mode@@AEAV__crt_cached_ptd_host@@@Z 000000018002bddc     libucrt:cvt.obj
 0002:0000adf4       $unwind$_wctomb_internal   000000018002bdf4     libucrt:wctomb.obj
 0002:0000ae08       $unwind$??$?RV<lambda_410d79af7f07d98d83a3f525b3859a53>@@AEAV<lambda_3e16ef9562a7dcce91392c22ab16ea36>@@V<lambda_38119f0e861e05405d8a144b9b982f0a>@@@?$__crt_seh_guarded_call@X@@QEAAX$$QEAV<lambda_410d79af7f07d98d83a3f525b3859a53>@@AEAV<lambda_3e16ef9562a7dcce91392c22ab16ea36>@@$$QEAV<lambda_38119f0e861e05405d8a144b9b982f0a>@@@Z 000000018002be08     libucrt:wsetlocale.obj
 0002:0000ae30       $unwind$_isctype_l         000000018002be30     libucrt:isctype.obj
 0002:0000ae4c       $unwind$__acrt_update_thread_locale_data 000000018002be4c     libucrt:locale_refcounting.obj
 0002:0000ae70       $unwind$qsort              000000018002be70     libucrt:qsort.obj
 0002:0000ae88       $chain$4$qsort             000000018002be88     libucrt:qsort.obj
 0002:0000aeac       $chain$5$qsort             000000018002beac     libucrt:qsort.obj
 0002:0000aebc       $unwind$strpbrk            000000018002bebc     libucrt:strpbrk.obj
 0002:0000aecc       $unwind$fallbackMethod     000000018002becc     libucrt:strpbrk.obj
 0002:0000aedc       $unwind$__acrt_GetStringTypeA 000000018002bedc     libucrt:getstringtypea.obj
 0002:0000af04       $unwind$__acrt_LCMapStringA 000000018002bf04     libucrt:lcmapstringa.obj
 0002:0000af14       $unwind$?__acrt_LCMapStringA_stat@@YAHPEAU__crt_locale_pointers@@PEB_WKPEBDHPEADHHH@Z 000000018002bf14     libucrt:lcmapstringa.obj
 0002:0000af3c       $unwind$__acrt_lowio_destroy_handle_array 000000018002bf3c     libucrt:osfinfo.obj
 0002:0000af4c       $unwind$__acrt_lowio_ensure_fh_exists 000000018002bf4c     libucrt:osfinfo.obj
 0002:0000af78       $unwind$_commit            000000018002bf78     libucrt:commit.obj
 0002:0000af80       $unwind$??$?RV<lambda_a37b2b86f63e897a80ea819b0eb08c01>@@AEAV<lambda_38ce7e780aa69e748d6df282ebc68efe>@@V<lambda_99fb1378e971ab6e7edea83e3a7a83a2>@@@?$__crt_seh_guarded_call@H@@QEAAH$$QEAV<lambda_a37b2b86f63e897a80ea819b0eb08c01>@@AEAV<lambda_38ce7e780aa69e748d6df282ebc68efe>@@$$QEAV<lambda_99fb1378e971ab6e7edea83e3a7a83a2>@@@Z 000000018002bf80     libucrt:commit.obj
 0002:0000afa4       $unwind$_write_nolock      000000018002bfa4     libucrt:write.obj
 0002:0000afbc       $unwind$_write_internal    000000018002bfbc     libucrt:write.obj
 0002:0000afe8       $unwind$?write_double_translated_ansi_nolock@@YA?AUwrite_result@?A0x17268360@@HQEBDIAEAV__crt_cached_ptd_host@@@Z 000000018002bfe8     libucrt:write.obj
 0002:0000b010       $ip2state$?write_double_translated_ansi_nolock@@YA?AUwrite_result@?A0x17268360@@HQEBDIAEAV__crt_cached_ptd_host@@@Z 000000018002c010     libucrt:write.obj
 0002:0000b018       $unwind$?write_text_ansi_nolock@@YA?AUwrite_result@?A0x17268360@@HQEBDI@Z 000000018002c018     libucrt:write.obj
 0002:0000b018       $unwind$?write_text_utf16le_nolock@@YA?AUwrite_result@?A0x17268360@@HQEBDI@Z 000000018002c018     libucrt:write.obj
 0002:0000b038       $unwind$?write_text_utf8_nolock@@YA?AUwrite_result@?A0x17268360@@HQEBDI@Z 000000018002c038     libucrt:write.obj
 0002:0000b05c       $unwind$_fcloseall         000000018002c05c     libucrt:closeall.obj
 0002:0000b080       $unwind$__acrt_fltout      000000018002c080     libucrt:cfout.obj
 0002:0000b0a0       $unwind$?divide@__crt_strtox@@YA_KAEAUbig_integer@1@AEBU21@@Z 000000018002c0a0     libucrt:cfout.obj
 0002:0000b0b8       $chain$0$?divide@__crt_strtox@@YA_KAEAUbig_integer@1@AEBU21@@Z 000000018002c0b8     libucrt:cfout.obj
 0002:0000b0cc       $chain$1$?divide@__crt_strtox@@YA_KAEAUbig_integer@1@AEBU21@@Z 000000018002c0cc     libucrt:cfout.obj
 0002:0000b0dc       $unwind$?__mbsrtowcs_utf8@__crt_mbstring@@YA_KPEA_WPEAPEBD_KPEAU_Mbstatet@@AEAV__crt_cached_ptd_host@@@Z 000000018002c0dc     libucrt:mbrtowc.obj
 0002:0000b0f4       $unwind$__acrt_locale_free_monetary 000000018002c0f4     libucrt:initmon.obj
 0002:0000b0fc       $unwind$__acrt_locale_free_time 000000018002c0fc     libucrt:inittime.obj
 0002:0000b10c       $unwind$_putwch_nolock     000000018002c10c     libucrt:putwch.obj
 0002:0000b114       $unwind$?_fclose_nolock_internal@@YAHQEAU_iobuf@@AEAV__crt_cached_ptd_host@@@Z 000000018002c114     libucrt:fclose.obj
 0002:0000b124       $unwind$?_fclose_internal@@YAHQEAU_iobuf@@AEAV__crt_cached_ptd_host@@@Z 000000018002c124     libucrt:fclose.obj
 0002:0000b148       $unwind$fesetenv           000000018002c148     libucrt:fesetenv.obj
 0002:0000b158       $xdatasym                  000000018002c158     libucrt:log10.obj
 0002:0000b164       $unwind$__acrt_fenv_get_control 000000018002c164     libucrt:_fenvutils.obj
 0002:0000b16c       $unwind$__acrt_fenv_set_control 000000018002c16c     libucrt:_fenvutils.obj
 0002:0000b17c       $unwind$?__mbrtoc32_utf8@__crt_mbstring@@YA_KPEA_UPEBD_KPEAU_Mbstatet@@AEAV__crt_cached_ptd_host@@@Z 000000018002c17c     libucrt:mbrtoc32.obj
 0002:0000b198       $unwind$_close_internal    000000018002c198     libucrt:close.obj
 0002:0000b1a0       $unwind$??$?RV<lambda_ad8af0d99a0adf03d037d7dffe354bb5>@@AEAV<lambda_c9ba49e555ba839a7b07aa3fbecb7617>@@V<lambda_2f1ebd5d68526518146ae959c9e734c8>@@@?$__crt_seh_guarded_call@H@@QEAAH$$QEAV<lambda_ad8af0d99a0adf03d037d7dffe354bb5>@@AEAV<lambda_c9ba49e555ba839a7b07aa3fbecb7617>@@$$QEAV<lambda_2f1ebd5d68526518146ae959c9e734c8>@@@Z 000000018002c1a0     libucrt:close.obj
 0002:0000b1c4       $unwind$common_control87   000000018002c1c4     libucrt:ieee.obj
 0002:0000b1f0       $unwind$_call_matherr      000000018002c1f0     libucrt:libm_error.obj
 0002:0000b1f8       $unwind$_handle_error      000000018002c1f8     libucrt:libm_error.obj
 0002:0000b218       $unwind$__acrt_initialize_fma3 000000018002c218     libucrt:fma3_available.obj
 0002:0000b220       $unwind$_log_special_common 000000018002c220     libucrt:log_special.obj
 0002:0000b230       $xdatasym                  000000018002c230     libucrt:fpsr.obj
 0002:0000b238       $unwind$_raise_exc_ex      000000018002c238     libucrt:fpexcept.obj
 0002:0000b24c       $unwind$_ctrlfp            000000018002c24c     libucrt:fpctrl.obj
 0002:0000b274       $unwind$_IsNonwritableInCurrentImage 000000018002c274     LIBCMT:pesect.obj
 0002:0000b298       $unwind$__GSHandlerCheckCommon 000000018002c298     LIBCMT:gshandler.obj
 0002:0000b2a0       $xdatasym                  000000018002c2a0     LIBCMT:amdsecgs.obj
 0002:0000b2a4       $unwind$__report_securityfailure 000000018002c2a4     LIBCMT:gs_report.obj
 0002:0000b2ac       $unwind$__report_gsfailure 000000018002c2ac     LIBCMT:gs_report.obj
 0002:0000b2b4       $unwind$capture_current_context 000000018002c2b4     LIBCMT:gs_report.obj
 0002:0000b2c0       $unwind$capture_previous_context 000000018002c2c0     LIBCMT:gs_report.obj
 0002:0000b2d0       $xdatasym                  000000018002c2d0     LIBCMT:chkstk.obj
 0002:0000b910       .edata                     000000018002c910     PhysXCooking_64.exp
 0002:0000b938       rgpv                       000000018002c938     PhysXCooking_64.exp
 0002:0000ba20       rgszName                   000000018002ca20     PhysXCooking_64.exp
 0002:0000bb08       rgwOrd                     000000018002cb08     PhysXCooking_64.exp
 0002:0000bb7c       szName                     000000018002cb7c     PhysXCooking_64.exp
 0002:0000bb90       $N00001                    000000018002cb90     PhysXCooking_64.exp
 0002:0000bbb4       $N00002                    000000018002cbb4     PhysXCooking_64.exp
 0002:0000bbe3       $N00003                    000000018002cbe3     PhysXCooking_64.exp
 0002:0000bc0a       $N00004                    000000018002cc0a     PhysXCooking_64.exp
 0002:0000bc61       $N00005                    000000018002cc61     PhysXCooking_64.exp
 0002:0000bc8c       $N00006                    000000018002cc8c     PhysXCooking_64.exp
 0002:0000bcb2       $N00007                    000000018002ccb2     PhysXCooking_64.exp
 0002:0000bcd1       $N00008                    000000018002ccd1     PhysXCooking_64.exp
 0002:0000bcf5       $N00009                    000000018002ccf5     PhysXCooking_64.exp
 0002:0000bd1c       $N00010                    000000018002cd1c     PhysXCooking_64.exp
 0002:0000bd45       $N00011                    000000018002cd45     PhysXCooking_64.exp
 0002:0000bd64       $N00012                    000000018002cd64     PhysXCooking_64.exp
 0002:0000bd97       $N00013                    000000018002cd97     PhysXCooking_64.exp
 0002:0000bdcd       $N00014                    000000018002cdcd     PhysXCooking_64.exp
 0002:0000be05       $N00015                    000000018002ce05     PhysXCooking_64.exp
 0002:0000be37       $N00016                    000000018002ce37     PhysXCooking_64.exp
 0002:0000be63       $N00017                    000000018002ce63     PhysXCooking_64.exp
 0002:0000be7f       $N00018                    000000018002ce7f     PhysXCooking_64.exp
 0002:0000bea9       $N00019                    000000018002cea9     PhysXCooking_64.exp
 0002:0000bee5       $N00020                    000000018002cee5     PhysXCooking_64.exp
 0002:0000bf20       $N00021                    000000018002cf20     PhysXCooking_64.exp
 0002:0000bf5b       $N00022                    000000018002cf5b     PhysXCooking_64.exp
 0002:0000bf90       $N00023                    000000018002cf90     PhysXCooking_64.exp
 0002:0000bfcc       $N00024                    000000018002cfcc     PhysXCooking_64.exp
 0002:0000bfff       $N00025                    000000018002cfff     PhysXCooking_64.exp
 0002:0000c032       $N00026                    000000018002d032     PhysXCooking_64.exp
 0002:0000c06c       $N00027                    000000018002d06c     PhysXCooking_64.exp
 0002:0000c0a6       $N00028                    000000018002d0a6     PhysXCooking_64.exp
 0002:0000c0d3       $N00029                    000000018002d0d3     PhysXCooking_64.exp
 0002:0000c106       $N00030                    000000018002d106     PhysXCooking_64.exp
 0002:0000c134       $N00031                    000000018002d134     PhysXCooking_64.exp
 0002:0000c161       $N00032                    000000018002d161     PhysXCooking_64.exp
 0002:0000c19d       $N00033                    000000018002d19d     PhysXCooking_64.exp
 0002:0000c1da       $N00034                    000000018002d1da     PhysXCooking_64.exp
 0002:0000c20a       $N00035                    000000018002d20a     PhysXCooking_64.exp
 0002:0000c221       $N00036                    000000018002d221     PhysXCooking_64.exp
 0002:0000c23c       $N00037                    000000018002d23c     PhysXCooking_64.exp
 0002:0000c253       $N00038                    000000018002d253     PhysXCooking_64.exp
 0002:0000c269       $N00039                    000000018002d269     PhysXCooking_64.exp
 0002:0000c280       $N00040                    000000018002d280     PhysXCooking_64.exp
 0002:0000c298       $N00041                    000000018002d298     PhysXCooking_64.exp
 0002:0000c2a2       $N00042                    000000018002d2a2     PhysXCooking_64.exp
 0002:0000c2b3       $N00043                    000000018002d2b3     PhysXCooking_64.exp
 0002:0000c2c5       $N00044                    000000018002d2c5     PhysXCooking_64.exp
 0002:0000c2d8       $N00045                    000000018002d2d8     PhysXCooking_64.exp
 0002:0000c2ee       $N00046                    000000018002d2ee     PhysXCooking_64.exp
 0002:0000c301       $N00047                    000000018002d301     PhysXCooking_64.exp
 0002:0000c30d       $N00048                    000000018002d30d     PhysXCooking_64.exp
 0002:0000c321       $N00049                    000000018002d321     PhysXCooking_64.exp
 0002:0000c334       $N00050                    000000018002d334     PhysXCooking_64.exp
 0002:0000c348       $N00051                    000000018002d348     PhysXCooking_64.exp
 0002:0000c35d       $N00052                    000000018002d35d     PhysXCooking_64.exp
 0002:0000c375       $N00053                    000000018002d375     PhysXCooking_64.exp
 0002:0000c38a       $N00054                    000000018002d38a     PhysXCooking_64.exp
 0002:0000c3a7       $N00055                    000000018002d3a7     PhysXCooking_64.exp
 0002:0000c3c8       $N00056                    000000018002d3c8     PhysXCooking_64.exp
 0002:0000c3e7       $N00057                    000000018002d3e7     PhysXCooking_64.exp
 0002:0000c3fc       $N00058                    000000018002d3fc     PhysXCooking_64.exp
 0002:0000c6c8       .idata$6                   000000018002d6c8     kernel32:KERNEL32.dll
 0003:000000b0       ?prefix@?1??getDimension@UnDecorator@@CA?AVDName@@_N@Z@4UStringLiteral@@A 000000018002e0b0     libvcruntime:undname.obj
 0003:000000c0       ?__vcrt_flsindex@@3KA      000000018002e0c0     libvcruntime:per_thread_data.obj
 0003:000000e0       ?__acrt_flsindex@@3KA      000000018002e0e0     libucrt:per_thread_data.obj
 0003:000000e4       ?errno_no_memory@@3HA      000000018002e0e4     libucrt:errno.obj
 0003:000000e8       ?doserrno_no_memory@@3KA   000000018002e0e8     libucrt:errno.obj
 0003:00000320       _mbctypes                  000000018002e320     libucrt:mbctype.obj
 0003:00000430       _mbcasemaps                000000018002e430     libucrt:mbctype.obj
 0003:00000530       ?__rgctypeflag@@3PADA      000000018002e530     libucrt:mbctype.obj
 0003:00000540       ?__rgcode_page_info@@3PAUcode_page_info@@A 000000018002e540     libucrt:mbctype.obj
 0003:00000a50       ?__dcrt_lowio_console_output_handle@@3PEAXEA 000000018002ea50     libucrt:initcon.obj
 0003:00000a58       ?dazSupported@?1??common_control87@@9@9 000000018002ea58     libucrt:ieee.obj
 0003:00000a60       ?dazSupported@?1??_ctrlfp@@9@9 000000018002ea60     libucrt:fpctrl.obj
 0003:00000d20       ?maxV3Error@vecMathTests@aos@physx@@3T__m128@@B 000000018002ed20     Cooking.obj
 0003:00000d30       ?minFError@vecMathTests@aos@physx@@3T__m128@@B 000000018002ed30     Cooking.obj
 0003:00000d40       ?maxV4Error@vecMathTests@aos@physx@@3T__m128@@B 000000018002ed40     Cooking.obj
 0003:00000d50       ?minV4Error@vecMathTests@aos@physx@@3T__m128@@B 000000018002ed50     Cooking.obj
 0003:00000d60       ?minV3Error@vecMathTests@aos@physx@@3T__m128@@B 000000018002ed60     Cooking.obj
 0003:00000d70       ?maxFError@vecMathTests@aos@physx@@3T__m128@@B 000000018002ed70     Cooking.obj
 0003:00000d80       ?gCookingDelayLoadHook@@3PEBVPxDelayLoadHook@physx@@EB 000000018002ed80     WindowsCookingDelayLoadHook.obj
 0003:00000de0       ?__proc_attached@@3HA      000000018002ede0     LIBCMT:dll_dllmain.obj
 0003:00000e08       ?is_initialized_as_dll@@3_NA 000000018002ee08     LIBCMT:utility.obj
 0003:00000e09       ?module_local_atexit_table_initialized@@3_NA 000000018002ee09     LIBCMT:utility.obj
 0003:00000e10       ?module_local_atexit_table@@3U_onexit_table_t@@A 000000018002ee10     LIBCMT:utility.obj
 0003:00000e28       ?module_local_at_quick_exit_table@@3U_onexit_table_t@@A 000000018002ee28     LIBCMT:utility.obj
 0003:00000ea0       ?heap@@3V_HeapManager@@A   000000018002eea0     libvcruntime:undname.obj
 0003:00000ed0       ?__vcrt_startup_thread_ptd@@3U__vcrt_ptd@@A 000000018002eed0     libvcruntime:per_thread_data.obj
 0003:00000f50       __vcrt_lock_table          000000018002ef50     libvcruntime:locks.obj
 0003:00000f78       __vcrt_locks_initialized   000000018002ef78     libvcruntime:locks.obj
 0003:00000f80       ?module_handles@@3PAPEAUHINSTANCE__@@A 000000018002ef80     libvcruntime:winapi_downlevel.obj
 0003:00000f98       ?function_pointers@@3PAPEAXA 000000018002ef98     libvcruntime:winapi_downlevel.obj
 0003:00000fc0       ?c_termination_complete@@3JA 000000018002efc0     libucrt:exit.obj
 0003:00000fc8       ?thread_local_exit_callback_func@@3P6AXPEAXK0@ZEA 000000018002efc8     libucrt:exit.obj
 0003:00000fd0       ?c_exit_complete@?1???R<lambda_6e4b09c48022b2350581041d5f6b0c4c>@@QEBA@XZ@4_NA 000000018002efd0     libucrt:exit.obj
 0003:00000fe0       ?program_name@?1???$common_configure_argv@D@@YAHW4_crt_argv_mode@@@Z@4PADA 000000018002efe0     libucrt:argv_parsing.obj
 0003:00001140       ?__acrt_lock_table@@3PAU_RTL_CRITICAL_SECTION@@A 000000018002f140     libucrt:locks.obj
 0003:00001370       ?__acrt_locks_initialized@@3IA 000000018002f370     libucrt:locks.obj
 0003:00001378       ?__acrt_invalid_parameter_handler@@3V?$dual_state_global@P6AXPEB_W00I_K@Z@__crt_state_management@@A 000000018002f378     libucrt:invalid_parameter.obj
 0003:00001398       ?fSystemSet@@3HA           000000018002f398     libucrt:mbctype.obj
 0003:0000139c       ?initialized@?1??__acrt_initialize_multibyte@@9@4_NA 000000018002f39c     libucrt:mbctype.obj
 0003:000013d0       ?module_handles@@3PAPEAUHINSTANCE__@@A 000000018002f3d0     libucrt:winapi_thunks.obj
 0003:00001480       ?encoded_function_pointers@@3PAPEAXA 000000018002f480     libucrt:winapi_thunks.obj
 0003:00001988       ?__acrt_new_handler@@3V?$dual_state_global@P6AH_K@Z@__crt_state_management@@A 000000018002f988     libucrt:new_handler.obj
 0003:00001990       ?ctrlc_action@@3V?$dual_state_global@P6AXH@Z@__crt_state_management@@A 000000018002f990     libucrt:signal.obj
 0003:00001998       ?ctrlbreak_action@@3V?$dual_state_global@P6AXH@Z@__crt_state_management@@A 000000018002f998     libucrt:signal.obj
 0003:000019a0       ?abort_action@@3V?$dual_state_global@P6AXH@Z@__crt_state_management@@A 000000018002f9a0     libucrt:signal.obj
 0003:000019a8       ?term_action@@3V?$dual_state_global@P6AXH@Z@__crt_state_management@@A 000000018002f9a8     libucrt:signal.obj
 0003:000019b0       ?user_matherr@@3V?$dual_state_global@P6AHPEAU_exception@@@Z@__crt_state_management@@A 000000018002f9b0     libucrt:matherr.obj
 0003:000019e0       ?internal_state@?1??_mbtowc_internal@@9@4U_Mbstatet@@A 000000018002f9e0     libucrt:mbtowc.obj
 0003:000019e8       ?enable_percent_n@@3_KA    000000018002f9e8     libucrt:printf_count_output.obj
 0003:000019f4       ?__acrt_global_new_mode@@3V?$dual_state_global@J@__crt_state_management@@A 000000018002f9f4     libucrt:new_mode.obj
 0003:00001a00       ?__acrt_app_type@@3W4_crt_app_type@@A 000000018002fa00     libucrt:report_runtime_error.obj
 0003:00001a08       ?internal_pst@?1??__mbrtoc32_utf8@__crt_mbstring@@YA_KPEA_UPEBD_KPEAU_Mbstatet@@AEAV__crt_cached_ptd_host@@@Z@4U3@A 000000018002fa08     libucrt:mbrtoc32.obj
 0003:00001a20       GS_ExceptionRecord         000000018002fa20     LIBCMT:gs_report.obj
 0003:00001ac0       GS_ContextRecord           000000018002fac0     LIBCMT:gs_report.obj
 0005:000000a0       $R000000                   00000001800320a0     PhysXCooking.res
 0005:000003d0       $R000330                   00000001800323d0     PhysXCooking.res
